data/saved_data/run_2025_05_07_1155_monitoring_demand_but_no_zeros/firm_data.csv
Step,AgentID,FirmType,Profit,Inventory,ProductPrice,RevenuePerEmployee,ProductionLevel,NumEmployees,DemandReceived,InventoryDemandRatio,SellThroughRate,ProductionCapacity,Revenue,Costs,Markup,ProducedUnits,IncomeBracket,NumPeople,SpendRatio,PostTaxIncome,HouseholdExpense,HouseholdSavings,HealthLevel,Welfare,SkillLevel,SkillType,JobLevel,IsEmployed,Wage
4,2,necessity,91989.06035945925,534.3999999999996,1450.1003172075648,16132.415419359157,0.1,35.0,552.0,,,4254.0,548502.1242582113,456513.0638987521,0.35,425.0,,,,,,,,,,,,0,
10,2,necessity,-608807.0310706114,1956.3999999999996,3481.475547686237,13533.695870427995,0.1,35.0,342.0,,,4254.0,487213.0513354078,1096020.0824060193,0.35,425.0,,,,,,,,,,,,0,
11,2,necessity,527732.2050319944,2039.3999999999996,2105.78536815943,34018.98963739123,0.1,36.0,217.0,,,4254.0,1190664.637308693,662932.4322766986,0.35,425.0,,,,,,,,,,,,0,
12,2,necessity,-653686.0098087587,2247.3999999999996,3527.919843096964,12693.20624696101,0.1,35.0,344.0,,,4254.0,456955.42489059636,1110641.4346993552,0.35,425.0,,,,,,,,,,,,0,
13,2,necessity,550671.993748657,2328.3999999999996,2105.78536815943,34674.41217215302,0.1,36.0,406.0,,,4254.0,1213604.4260253557,662932.4322766986,0.35,425.0,,,,,,,,,,,,0,
14,2,necessity,-274075.7597871331,2347.3999999999996,3586.3134880341177,23748.579429798017,0.1,35.0,248.0,,,4254.0,854948.8594727287,1129024.6192598618,0.35,425.0,,,,,,,,,,,,0,
15,2,necessity,226473.31275576248,2524.3999999999996,2105.78536815943,25411.592715213174,0.1,36.0,203.0,,,4254.0,889405.7450324611,662932.4322766986,0.35,425.0,,,,,,,,,,,,0,
16,2,necessity,-754429.3772635588,2746.3999999999996,3754.282672224974,11874.289714899009,0.1,35.0,220.0,,,4254.0,427474.42973636434,1181903.8069999232,0.35,425.0,,,,,,,,,,,,0,
17,2,necessity,163009.7556127956,2951.3999999999996,2105.78536815943,23598.34822541412,0.1,36.0,339.0,,,4254.0,825942.1878894942,662932.4322766986,0.35,425.0,,,,,,,,,,,,0,
18,2,necessity,-360938.4348746155,3037.3999999999996,3414.0695468348813,19829.478883501302,0.1,35.0,139.0,,,4254.0,713861.2398060468,1074799.6746806623,0.35,425.0,,,,,,,,,,,,0,
19,2,necessity,-188376.76526665012,3323.3999999999996,2105.78536815943,13558.733343144244,0.1,34.0,472.0,,,4254.0,474555.6670100485,662932.4322766986,0.35,425.0,,,,,,,,,,,,0,
20,2,necessity,588619.1267871642,3276.3999999999996,1287.4602685671928,29233.25569915444,0.1,35.0,581.0,,,4254.0,993930.693771251,405311.5669840868,0.35,425.0,,,,,,,,,,,,0,
21,2,necessity,72414.26482215768,3120.3999999999996,2146.024004693508,21371.8404582154,0.1,34.0,292.0,,,4254.0,748014.416037539,675600.1512153813,0.35,425.0,,,,,,,,,,,,0,
22,2,necessity,221327.44238641748,3253.3999999999996,1287.4602685671928,18430.55909913248,0.1,33.0,311.0,,,4254.0,626639.0093705043,405311.5669840868,0.35,425.0,,,,,,,,,,,,0,
23,2,necessity,193174.64829208615,3367.3999999999996,658.245689189115,12133.337682557483,0.1,32.0,1203.0,,,4254.0,400400.14352439693,207225.4952323108,0.35,425.0,,,,,,,,,,,,0,
24,2,necessity,-1405704.562759859,2589.3999999999996,6980.52956299497,24745.92387795329,0.1,33.0,144.0,,,4254.0,791869.5640945053,2197574.1268543643,0.35,425.0,,,,,,,,,,,,0,
25,2,necessity,835115.0182192778,2870.3999999999996,540.2580515527976,30460.492638523505,0.1,34.0,1226.0,,,4254.0,1005196.2570712756,170081.23885199777,0.35,425.0,,,,,,,,,,,,0,
26,2,necessity,190890.91577962984,2069.3999999999996,1497.5961489998565,19481.069741286174,0.1,33.0,690.0,,,4254.0,662356.3712037299,471465.45542410004,0.35,425.0,,,,,,,,,,,,0,
27,2,necessity,863260.1039579032,1804.3999999999996,540.2580515527976,31313.374024542456,0.1,34.0,2451.0,,,4254.0,1033341.342809901,170081.23885199777,0.35,425.0,,,,,,,,,,,,0,
4,3,necessity,-170241.0486932294,4755.299999999999,1172.825861809137,10724.004796891093,0.1,34.0,24.0,,,6283.0,375340.16789118823,545581.2165844176,0.35,628.0,,,,,,,,,,,,0,
5,3,necessity,-199159.2741790653,5359.299999999999,488.63786238171394,827.8770789240967,0.1,33.0,1593.0,,,6283.0,28147.82068341929,227307.0948624846,0.35,628.0,,,,,,,,,,,,0,
6,3,necessity,-1550079.2259161547,4394.299999999999,5005.4890205833035,23587.88226588092,0.1,34.0,119.0,,,6283.0,778400.1147740703,2328479.340690225,0.35,628.0,,,,,,,,,,,,0,
7,3,necessity,376703.8142253229,4903.299999999999,470.6714354806536,17519.211572041564,0.1,33.0,1285.0,,,6283.0,595653.1934494132,218949.37922409028,0.35,628.0,,,,,,,,,,,,0,
8,3,necessity,-1723666.546097585,4246.299999999999,5005.4890205833035,18327.66044220121,0.1,34.0,215.0,,,6283.0,604812.7945926399,2328479.340690225,0.35,628.0,,,,,,,,,,,,0,
9,3,necessity,882126.2753652221,4659.299999999999,417.1540064714967,31652.357041923828,0.1,35.0,621.0,,,6283.0,1076180.1394254102,194053.86406018806,0.35,628.0,,,,,,,,,,,,0,
10,3,necessity,-244987.60257118926,4666.299999999999,1083.5259931735013,7401.50394339427,0.1,34.0,635.0,,,6283.0,259052.63801879945,504040.2405899887,0.35,628.0,,,,,,,,,,,,0,
11,3,necessity,493985.1416049852,4659.299999999999,417.1540064714967,20236.44134309333,0.1,35.0,1381.0,,,6283.0,688039.0056651733,194053.86406018806,0.35,628.0,,,,,,,,,,,,0,
12,3,necessity,72503.35388232308,3906.2999999999993,1082.550227932243,16459.705226775342,0.1,34.0,451.0,,,6283.0,576089.682937137,503586.3290548139,0.35,628.0,,,,,,,,,,,,0,
13,3,necessity,294176.2887372535,4083.2999999999993,417.1540064714967,14359.71037639534,0.1,33.0,967.0,,,6283.0,488230.1527974416,194053.86406018806,0.35,628.0,,,,,,,,,,,,0,
14,3,necessity,-1925091.4164322875,3744.2999999999993,5005.4890205833035,12223.876492664767,0.1,32.0,124.0,,,6283.0,403387.9242579373,2328479.340690225,0.35,628.0,,,,,,,,,,,,0,
15,3,necessity,-1637293.7021378954,4248.299999999999,4853.925724646302,19396.2699547603,0.1,33.0,207.0,,,6283.0,620680.6385523296,2257974.340690225,0.35,628.0,,,,,,,,,,,,0,
16,3,necessity,815959.1128294902,4669.299999999999,405.86742201708586,30447.35227278135,0.1,34.0,1065.0,,,6283.0,1004762.6250017845,188803.5121722943,0.35,628.0,,,,,,,,,,,,0,
17,3,necessity,-34150.83630903601,4232.299999999999,1002.6106911140973,12713.200130829307,0.1,33.0,542.0,,,6283.0,432248.80444819643,466399.64075723244,0.35,628.0,,,,,,,,,,,,0,
18,3,necessity,354611.4824115464,4318.299999999999,405.86742201708586,16467.121047995173,0.1,34.0,2365.0,,,6283.0,543414.9945838407,188803.5121722943,0.35,628.0,,,,,,,,,,,,0,
19,3,necessity,482372.76901920943,2581.2999999999993,1026.4808478385946,28231.66038442377,0.1,35.0,619.0,,,6283.0,959876.4530704081,477503.68405119865,0.35,628.0,,,,,,,,,,,,0,
20,3,necessity,-52734.71801672096,2590.2999999999993,1479.2525292032524,18154.046994631146,0.1,34.0,699.0,,,6283.0,635391.6448120901,688126.362828811,0.35,628.0,,,,,,,,,,,,0,
21,3,necessity,634571.3269631669,2519.2999999999993,858.6391033817433,30411.69170332569,0.1,35.0,467.0,,,6283.0,1033997.5179130734,399426.19094990654,0.35,628.0,,,,,,,,,,,,0,
22,3,necessity,-257599.91941243893,2680.2999999999993,1415.7466759841816,11456.698893693547,0.1,34.0,829.0,,,6283.0,400984.46127927414,658584.3806917131,0.35,628.0,,,,,,,,,,,,0,
23,3,necessity,774227.8034409799,2479.2999999999993,858.6391033817433,34519.23512914372,0.1,35.0,737.0,,,6283.0,1173653.9943908865,399426.19094990654,0.35,628.0,,,,,,,,,,,,0,
24,3,necessity,-53291.12006602867,2370.2999999999993,1474.9139912800804,18080.486262638424,0.1,34.0,465.0,,,6283.0,632817.0191923449,686108.1392583735,0.35,628.0,,,,,,,,,,,,0,
25,3,necessity,286408.8149953308,2533.2999999999993,858.6391033817433,20171.617821918746,0.1,35.0,1039.0,,,6283.0,685835.0059452374,399426.19094990654,0.35,628.0,,,,,,,,,,,,0,
26,3,necessity,180524.80641559593,2122.2999999999993,1529.7160002669298,25489.315097532326,0.1,36.0,467.0,,,6283.0,892126.0284136314,711601.2219980354,0.35,628.0,,,,,,,,,,,,0,
27,3,necessity,-453385.28211113263,2283.2999999999993,2510.317803675155,19843.815892351562,0.1,35.0,331.0,,,6283.0,714377.3721246562,1167762.6542357889,0.35,628.0,,,,,,,,,,,,0,
28,3,necessity,119313.9710184409,2580.2999999999993,1529.7160002669298,23740.43408618504,0.1,36.0,317.0,,,6283.0,830915.1930164763,711601.2219980354,0.35,628.0,,,,,,,,,,,,0,
29,3,necessity,-671726.9628579239,2891.2999999999993,2486.4225472707126,13469.999224572686,0.1,35.0,276.0,,,6283.0,484919.9720846167,1156646.9349425407,0.35,628.0,,,,,,,,,,,,0,
30,3,necessity,-25348.598951318767,3243.2999999999993,1529.7160002669298,19607.217801334762,0.1,36.0,205.0,,,6283.0,686252.6230467167,711601.2219980354,0.35,628.0,,,,,,,,,,,,0,
31,3,necessity,-920584.8996881717,3666.2999999999993,2653.0868073245506,8710.882779297794,0.1,35.0,294.0,,,6283.0,313591.7800547206,1234176.6797428923,0.35,628.0,,,,,,,,,,,,0,
32,3,necessity,68406.29935538245,4000.2999999999993,1529.7160002669298,22285.929181526226,0.1,36.0,493.0,,,6283.0,780007.5213534179,711601.2219980354,0.35,628.0,,,,,,,,,,,,0,
33,3,necessity,-443301.26415354793,4135.299999999999,2574.1388344121115,20948.61078143323,0.1,35.0,355.0,,,6283.0,754149.9881315964,1197451.2522851443,0.35,628.0,,,,,,,,,,,,0,
34,3,necessity,202218.06421826407,4408.299999999999,1529.7160002669298,26109.122463322845,0.1,36.0,634.0,,,6283.0,913819.2862162995,711601.2219980354,0.35,628.0,,,,,,,,,,,,0,
35,3,necessity,-161182.8535519928,4402.299999999999,2431.3388128858546,26939.998449145372,0.1,37.0,456.0,,,6283.0,969839.9441692334,1131022.7977212262,0.35,628.0,,,,,,,,,,,,0,
36,3,necessity,-195776.8057940558,4574.299999999999,2804.189264697959,29964.608072322964,0.1,38.0,427.0,,,6283.0,1108690.4986759496,1304467.3044700054,0.35,628.0,,,,,,,,,,,,0,
37,3,necessity,-380909.7820035571,4775.299999999999,3392.8393374953844,31510.23200068496,0.1,39.0,262.0,,,6283.0,1197388.8160260285,1578298.5980295856,0.35,628.0,,,,,,,,,,,,0,
38,3,necessity,-866856.28857813,5141.299999999999,3774.3682475767914,22792.920677533097,0.1,38.0,301.0,,,6283.0,888923.9064237907,1755780.1950019207,0.35,628.0,,,,,,,,,,,,0,
39,3,necessity,-200273.77675811574,5468.299999999999,2872.7454349578666,29896.96954001616,0.1,39.0,160.0,,,6283.0,1136084.8425206142,1336358.61927873,0.35,628.0,,,,,,,,,,,,0,
40,3,necessity,-1304077.67617126,5936.299999999999,3791.429734061577,11785.622297263042,0.1,38.0,285.0,,,6283.0,459639.2695932586,1763716.9457645186,0.35,628.0,,,,,,,,,,,,0,
41,3,necessity,-255801.1450711803,6279.299999999999,2872.7454349578666,28435.72300546183,0.1,39.0,190.0,,,6283.0,1080557.4742075496,1336358.61927873,0.35,628.0,,,,,,,,,,,,0,
4,4,necessity,79604.16902416176,0.0,944.5530473930949,6907.034963177459,0.1,73.0,425.0,,,5972.0,497306.51734877704,417702.3483246153,0.35,597.0,,,,,,,,,,,,0,
13,4,necessity,-223654.9270564546,7090.0,1350.2847229959557,5116.040887393775,0.1,74.0,382.0,,,5972.0,373470.9847797456,597125.9118362002,0.35,597.0,,,,,,,,,,,,0,
14,4,necessity,-455568.82175990596,7305.0,2196.582477099338,6970.388705195339,0.1,75.0,698.0,,,5972.0,515808.7641844551,971377.585944361,0.35,597.0,,,,,,,,,,,,0,
15,4,necessity,385874.80429162784,7204.0,2594.4869008082446,20442.860920204508,0.1,76.0,286.0,,,5972.0,1533214.569015338,1147339.7647237103,0.35,597.0,,,,,,,,,,,,0,
16,4,necessity,-637169.2645950586,7515.0,3118.777046041232,9763.463863567868,0.1,75.0,172.0,,,5972.0,742023.2536311579,1379192.5182262165,0.35,597.0,,,,,,,,,,,,0,
17,4,necessity,-468511.1921989636,7940.0,2272.4792919378488,7152.395358921226,0.1,74.0,339.0,,,5972.0,536429.6519190919,1004940.8441180555,0.35,597.0,,,,,,,,,,,,0,
18,4,necessity,-2717.610648618429,8198.0,1748.1891467048613,10410.41189144501,0.1,75.0,854.0,,,5972.0,770370.4799669307,773088.0906155491,0.35,597.0,,,,,,,,,,,,0,
19,4,necessity,466540.7733539201,7941.0,2321.0338708328454,19906.04708381269,0.1,76.0,306.0,,,5972.0,1492953.5312859516,1026412.7579320315,0.35,597.0,,,,,,,,,,,,0,
20,4,necessity,-736355.8028347178,8232.0,3271.188312557336,9345.21532203751,0.1,75.0,269.0,,,5972.0,710236.3644748507,1446592.1673095685,0.35,597.0,,,,,,,,,,,,0,
21,4,necessity,-146463.10185410816,8560.0,2321.0338708328454,11732.662081038978,0.1,76.0,208.0,,,5972.0,879949.6560779234,1026412.7579320315,0.35,597.0,,,,,,,,,,,,0,
22,4,necessity,-984838.4570965788,8949.0,3318.7239944581584,6352.303225437261,0.1,75.0,281.0,,,5972.0,482775.04513323185,1467613.5022298107,0.35,597.0,,,,,,,,,,,,0,
23,4,necessity,-93851.315489289,9265.0,2321.0338708328454,12434.152565903234,0.1,76.0,531.0,,,5972.0,932561.4424427425,1026412.7579320315,0.35,597.0,,,,,,,,,,,,0,
24,4,necessity,-178672.3770176468,9331.0,3191.0231760290208,16216.697176476855,0.1,77.0,315.0,,,5972.0,1232468.985412241,1411141.3624298878,0.35,597.0,,,,,,,,,,,,0,
25,4,necessity,-609228.0342342826,9613.0,3650.6540170384733,13054.185720118721,0.1,76.0,181.0,,,5972.0,1005172.3004491415,1614400.334683424,0.35,597.0,,,,,,,,,,,,0,
26,4,necessity,-568903.3531016044,10029.0,2780.664711842299,8694.320751104786,0.1,75.0,164.0,,,5972.0,660768.3770839637,1229671.730185568,0.35,597.0,,,,,,,,,,,,0,
27,4,necessity,-520318.0501269487,10462.0,2207.8199877143143,6080.386836561826,0.1,74.0,624.0,,,5972.0,456029.012742137,976347.0628690857,0.35,597.0,,,,,,,,,,,,0,
28,4,necessity,658025.4914240187,10435.0,1627.3586978237092,18617.292869374756,0.1,75.0,431.0,,,5972.0,1377679.672333732,719654.1809097133,0.35,597.0,,,,,,,,,,,,0,
29,4,necessity,-250168.24668960215,10601.0,2151.768491135544,9351.887983493583,0.1,74.0,386.0,,,5972.0,701391.5987620187,951559.8454516209,0.35,597.0,,,,,,,,,,,,0,
30,4,necessity,110928.45666860673,10812.0,1627.3586978237092,11224.089697004325,0.1,75.0,422.0,,,5972.0,830582.63757832,719654.1809097133,0.35,597.0,,,,,,,,,,,,0,
31,4,necessity,-274845.455176577,10987.0,2174.4516121676625,9156.604939754738,0.1,74.0,250.0,,,5972.0,686745.3704816053,961590.8256581823,0.35,597.0,,,,,,,,,,,,0,
32,4,necessity,-176041.27786779765,11334.0,1627.3586978237092,7346.120311377238,0.1,73.0,324.0,,,5972.0,543612.9030419156,719654.1809097133,0.35,597.0,,,,,,,,,,,,0,
33,4,necessity,-36588.7175875816,11607.0,1275.0443247843907,7222.797508149065,0.1,72.0,383.0,,,5972.0,527264.2180948817,563852.9356824633,0.35,597.0,,,,,,,,,,,,0,
34,4,necessity,100451.21948930732,11821.0,877.1399010754849,6782.527449894745,0.1,71.0,1146.0,,,5972.0,488341.97639242164,387890.7569031143,0.35,597.0,,,,,,,,,,,,0,
35,4,necessity,800548.6284638444,11272.0,462.7847438273164,14157.77924834515,0.1,72.0,1119.0,,,5972.0,1005202.3266325056,204653.69816866118,0.35,597.0,,,,,,,,,,,,0,
36,4,necessity,78397.2606641085,10750.0,993.7512066539997,7192.4462269828755,0.1,71.0,841.0,,,5972.0,517856.128342767,439458.8676786585,0.35,597.0,,,,,,,,,,,,0,
37,4,necessity,631091.0666273525,10506.0,462.7847438273164,11771.053025295967,0.1,72.0,1617.0,,,5972.0,835744.7647960137,204653.69816866118,0.35,597.0,,,,,,,,,,,,0,
38,4,necessity,300009.50898862147,9486.0,1013.7740676539822,10393.374038455147,0.1,71.0,819.0,,,5972.0,748322.9307687706,448313.42178014916,0.35,597.0,,,,,,,,,,,,0,
39,4,necessity,625627.2632399503,9264.0,462.7847438273164,11694.098048008613,0.1,72.0,1997.0,,,5972.0,830280.9614086115,204653.69816866118,0.35,597.0,,,,,,,,,,,,0,
40,4,necessity,485984.0579328229,7864.0,990.8979077404437,12835.84907532154,0.1,73.0,464.0,,,5972.0,924181.1334231509,438197.07549032796,0.35,597.0,,,,,,,,,,,,0,
41,4,necessity,-137184.40697091265,7997.0,1349.9118885585162,6298.30998892556,0.1,72.0,540.0,,,5972.0,459776.62919156585,596961.0361624785,0.35,597.0,,,,,,,,,,,,0,
