data/saved_data/run_2025_05_07_1155_monitoring_demand_but_no_zeros/firm_data.csv
Step,AgentID,FirmType,Profit,Inventory,ProductPrice,RevenuePerEmployee,ProductionLevel,NumEmployees,DemandReceived,InventoryDemandRatio,SellThroughRate,ProductionCapacity,Revenue,Costs,Markup,ProducedUnits,IncomeBracket,NumPeople,SpendRatio,PostTaxIncome,HouseholdExpense,HouseholdSavings,HealthLevel,Welfare,SkillLevel,SkillType,JobLevel,IsEmployed,Wage
4,6,necessity,74467.81367107056,0.0,941.4366582796885,8631.609881476923,0.1,64.0,458.0,,,6729.0,543791.4225330461,469323.60886197555,0.35,673.0,,,,,,,,,,,,0,
16,6,necessity,-708782.1056145364,7732.0,2981.8281392499366,11607.67825447663,0.1,68.0,154.0,,,6729.0,777714.4430499342,1486496.5486644707,0.35,673.0,,,,,,,,,,,,0,
17,6,necessity,-1194919.3092754537,8251.0,3318.0730079552027,6752.963727124857,0.1,67.0,247.0,,,6729.0,459201.5334444902,1654120.842719944,0.35,673.0,,,,,,,,,,,,0,
18,6,necessity,-447133.2570209685,8677.0,2540.9232376523723,12232.298999476643,0.1,68.0,291.0,,,6729.0,819564.0329649351,1266697.2899859035,0.35,673.0,,,,,,,,,,,,0,
19,6,necessity,-941739.3980268664,9059.0,3372.2880800530697,10873.656796424122,0.1,67.0,289.0,,,6729.0,739408.6621568403,1681148.0601837067,0.35,673.0,,,,,,,,,,,,0,
20,6,necessity,-292106.0348505664,9443.0,2540.9232376523723,14546.138136348316,0.1,68.0,167.0,,,6729.0,974591.2551353371,1266697.2899859035,0.35,673.0,,,,,,,,,,,,0,
21,6,necessity,-1223186.9097329187,9949.0,3304.834277508668,6240.208539528619,0.1,67.0,242.0,,,6729.0,424334.18068794615,1647521.090420865,0.35,673.0,,,,,,,,,,,,0,
22,6,necessity,-466927.3948288058,10380.0,2540.9232376523723,11936.864106822353,0.1,68.0,438.0,,,6729.0,799769.8951570977,1266697.2899859035,0.35,673.0,,,,,,,,,,,,0,
23,6,necessity,-546991.165972359,10615.0,3329.6968516446295,16366.534971937339,0.1,69.0,215.0,,,6729.0,1112924.378091739,1659915.544064098,0.35,673.0,,,,,,,,,,,,0,
24,6,necessity,-1207572.8648436354,11073.0,3858.347510951581,10375.142363820221,0.1,68.0,139.0,,,6729.0,715884.8231035953,1923457.6879472306,0.35,673.0,,,,,,,,,,,,0,
25,6,necessity,-993929.1298467664,11607.0,3069.5738969593235,7886.916235621615,0.1,67.0,222.0,,,6729.0,536310.3040222698,1530239.4338690361,0.35,673.0,,,,,,,,,,,,0,
26,6,necessity,-602028.6342165947,12058.0,2574.5764495342282,10170.826942163729,0.1,68.0,364.0,,,6729.0,681445.4051249698,1283474.0393415645,0.35,673.0,,,,,,,,,,,,0,
27,6,necessity,-734746.1812998906,12367.0,3353.7209638963614,13781.556288683221,0.1,69.0,329.0,,,6729.0,937145.8276304591,1671892.0089303497,0.35,673.0,,,,,,,,,,,,0,
28,6,necessity,-805928.4697601083,12711.0,3829.9533379803297,15990.930393071056,0.1,70.0,296.0,,,6729.0,1103374.1971219028,1909302.666882011,0.35,673.0,,,,,,,,,,,,0,
29,6,necessity,-963439.2779388747,13088.0,4206.675148391895,16195.231257745394,0.1,71.0,194.0,,,6729.0,1133666.1880421776,2097105.4659810523,0.35,673.0,,,,,,,,,,,,0,
30,6,necessity,-1476177.4379194765,13567.0,4598.169031139616,11494.295475887713,0.1,70.0,207.0,,,6729.0,816094.9787880277,2292272.416707504,0.35,673.0,,,,,,,,,,,,0,
31,6,necessity,-952033.4576728183,14033.0,3819.0245167774833,13597.442706370008,0.1,71.0,178.0,,,6729.0,951820.9894459005,1903854.4471187189,0.35,673.0,,,,,,,,,,,,0,
32,6,necessity,-1632359.8586377301,14528.0,4638.034763602572,9574.455830794253,0.1,70.0,318.0,,,6729.0,679786.363986392,2312146.222624122,0.35,673.0,,,,,,,,,,,,0,
33,6,necessity,-428959.3922931012,14883.0,3819.0245167774833,21069.929354651682,0.1,71.0,364.0,,,6729.0,1474895.0548256177,1903854.4471187189,0.35,673.0,,,,,,,,,,,,0,
34,6,necessity,-904308.3508761437,15192.0,4602.503590824288,19579.22428319724,0.1,70.0,192.0,,,6729.0,1390124.924107004,2294433.2749831476,0.35,673.0,,,,,,,,,,,,0,
35,6,necessity,-1020173.7576804556,15673.0,3819.0245167774833,12624.009849118047,0.1,69.0,119.0,,,6729.0,883680.6894382633,1903854.4471187189,0.35,673.0,,,,,,,,,,,,0,
36,6,necessity,-1211979.871670537,16227.0,3342.792142693515,6586.433586906094,0.1,68.0,279.0,,,6729.0,454463.9174965205,1666443.7891670575,0.35,673.0,,,,,,,,,,,,0,
37,6,necessity,-470262.6374724342,16621.0,2814.141483386564,13715.27952663957,0.1,69.0,284.0,,,6729.0,932639.0078114907,1402901.6452839249,0.35,673.0,,,,,,,,,,,,0,
38,6,necessity,-864157.3454252896,17010.0,3336.6333695659973,11582.843206982378,0.1,68.0,268.0,,,6729.0,799216.1812817841,1663373.5267070737,0.35,673.0,,,,,,,,,,,,0,
39,6,necessity,-508683.90224023757,17415.0,2814.141483386564,13150.26092711305,0.1,69.0,294.0,,,6729.0,894217.7430436873,1402901.6452839249,0.35,673.0,,,,,,,,,,,,0,
40,6,necessity,-833550.5937803172,17794.0,3331.6880431320474,11990.689798777534,0.1,68.0,189.0,,,6729.0,827357.5961156498,1660908.189895967,0.35,673.0,,,,,,,,,,,,0,
41,6,necessity,-773212.6051319679,18278.0,2814.141483386564,9260.132943411132,0.1,67.0,263.0,,,6729.0,629689.040151957,1402901.6452839249,0.35,673.0,,,,,,,,,,,,0,
4,7,necessity,-128732.96402753989,3502.3,1478.2131511039859,5413.8311067148625,0.1,65.0,349.0,,,4343.0,346485.1908297512,475218.1548572911,0.35,434.0,,,,,,,,,,,,0,
5,7,necessity,-118488.44959055603,3587.3,1973.3168919736793,7936.867534389094,0.1,66.0,246.0,,,4343.0,515896.3897352911,634384.8393258471,0.35,434.0,,,,,,,,,,,,0,
6,7,necessity,-569659.8092964634,3775.3,3281.9799057435594,7355.090233720077,0.1,65.0,216.0,,,4343.0,485435.9554255251,1055095.7647219885,0.35,434.0,,,,,,,,,,,,0,
7,7,necessity,74522.82031476172,3993.3,1973.3168919736793,10906.271686778597,0.1,66.0,419.0,,,4343.0,708907.6596406088,634384.8393258471,0.35,434.0,,,,,,,,,,,,0,
8,7,necessity,-236447.43014703458,4008.3,3307.3979892534803,12527.572389954115,0.1,67.0,297.0,,,4343.0,826819.7777369716,1063267.2078840062,0.35,434.0,,,,,,,,,,,,0,
9,7,necessity,-275409.9835185559,4145.3,3912.222805596799,14661.152280720651,0.1,68.0,123.0,,,4343.0,982297.2028082836,1257707.1863268395,0.35,434.0,,,,,,,,,,,,0,
10,7,necessity,-1046025.927618423,4456.3,4750.598143787146,7076.520663064798,0.1,67.0,120.0,,,4343.0,481203.4050884063,1527229.3327068293,0.35,434.0,,,,,,,,,,,,0,
11,7,necessity,-528275.186894213,4770.3,3416.5170465073456,8508.5339888725,0.1,68.0,299.0,,,4343.0,570071.7772544575,1098346.9641486704,0.35,434.0,,,,,,,,,,,,0,
12,7,necessity,-468471.08870620525,4905.3,4634.82274410425,15022.62642508377,0.1,69.0,138.0,,,4343.0,1021538.5969056963,1490009.6856119016,0.35,434.0,,,,,,,,,,,,0,
13,7,necessity,-1024296.3529874054,5201.3,5175.731678764718,9269.6454882085,0.1,68.0,156.0,,,4343.0,639605.5386863865,1663901.891673792,0.35,434.0,,,,,,,,,,,,0,
14,7,necessity,-464825.028323265,5479.3,3957.4259811678144,11873.73738069553,0.1,69.0,214.0,,,4343.0,807414.141887296,1272239.170210561,0.35,434.0,,,,,,,,,,,,0,
15,7,necessity,-863080.1800711249,5699.3,5319.0290408672145,12273.755941592932,0.1,70.0,125.0,,,4343.0,846889.1599699123,1709969.3400410372,0.35,434.0,,,,,,,,,,,,0,
16,7,necessity,-1279078.0872702454,6008.3,6046.869959479963,9498.26614440574,0.1,69.0,70.0,,,4343.0,664878.6301084018,1943956.717378647,0.35,434.0,,,,,,,,,,,,0,
17,7,necessity,-1082945.6503845735,6372.3,4685.266899780562,6134.505755994165,0.1,68.0,78.0,,,4343.0,423280.8971635974,1506226.547548171,0.35,434.0,,,,,,,,,,,,0,
18,7,necessity,-906788.3520276772,6728.3,3957.4259811678144,5374.276737983586,0.1,67.0,179.0,,,4343.0,365450.81818288384,1272239.170210561,0.35,434.0,,,,,,,,,,,,0,
19,7,necessity,-294337.7732015322,6983.3,3119.050642977466,10572.82463625431,0.1,68.0,284.0,,,4343.0,708379.2506290388,1002717.023830571,0.35,434.0,,,,,,,,,,,,0,
20,7,necessity,-363093.9908772636,7133.3,3884.840784140612,13026.623273611769,0.1,69.0,233.0,,,4343.0,885810.3826056003,1248904.373482864,0.35,434.0,,,,,,,,,,,,0,
21,7,necessity,-725233.5029937426,7334.3,5071.5250982061225,13118.375401518299,0.1,70.0,188.0,,,4343.0,905167.9027047626,1630401.4056985052,0.35,434.0,,,,,,,,,,,,0,
22,7,necessity,-912445.5190167055,7580.3,5804.04266081388,13620.667406610728,0.1,71.0,68.0,,,4343.0,953446.718462751,1865892.2374794565,0.35,434.0,,,,,,,,,,,,0,
23,7,necessity,-1662150.5267372523,7946.3,6397.959264884898,5558.801421624561,0.1,70.0,188.0,,,4343.0,394674.9009353438,2056825.4276725962,0.35,434.0,,,,,,,,,,,,0,
24,7,necessity,-472512.0536585937,8192.3,5211.274950819387,17183.09059711944,0.1,71.0,167.0,,,4343.0,1202816.341798361,1675328.3954569546,0.35,434.0,,,,,,,,,,,,0,
25,7,necessity,-1216051.7964689787,8459.3,6489.750821211063,12257.505870237152,0.1,70.0,203.0,,,4343.0,870282.9167868377,2086334.7132558164,0.35,434.0,,,,,,,,,,,,0,
26,7,necessity,-357908.97875110875,8690.3,5211.274950819387,18820.277381512085,0.1,71.0,216.0,,,4343.0,1317419.4167058459,1675328.3954569546,0.35,434.0,,,,,,,,,,,,0,
27,7,necessity,-945744.2813469798,8908.3,6443.23167980213,15854.019568689968,0.1,70.0,116.0,,,4343.0,1125635.3893769877,2071379.6707239675,0.35,434.0,,,,,,,,,,,,0,
28,7,necessity,-927913.5205999075,9226.3,5211.274950819387,10677.355355100673,0.1,69.0,157.0,,,4343.0,747414.8748570471,1675328.3954569546,0.35,434.0,,,,,,,,,,,,0,
29,7,necessity,-621667.3963973596,9503.3,4478.75738821163,11857.53865621223,0.1,70.0,175.0,,,4343.0,818170.1672786438,1439837.5636760034,0.35,434.0,,,,,,,,,,,,0,
30,7,necessity,-1126659.355231333,9762.3,5942.618793973915,11196.893470529076,0.1,69.0,126.0,,,4343.0,783782.5429370353,1910441.8981683685,0.35,434.0,,,,,,,,,,,,0,
31,7,necessity,-691067.5956352901,10070.3,4478.75738821163,10851.738667256714,0.1,68.0,49.0,,,4343.0,748769.9680407132,1439837.5636760034,0.35,434.0,,,,,,,,,,,,0,
32,7,necessity,-974191.1020013408,10455.3,3712.9672470484843,3227.3398826819102,0.1,67.0,250.0,,,4343.0,219459.1120223699,1193650.2140237107,0.35,434.0,,,,,,,,,,,,0,
33,7,necessity,15963.188923540292,10639.3,2837.7330368533435,13854.355399434642,0.1,68.0,310.0,,,4343.0,928241.811762121,912278.6228385807,0.35,434.0,,,,,,,,,,,,0,
34,7,necessity,-279529.13498067704,10763.3,3605.8884897261514,12936.724138596124,0.1,67.0,120.0,,,4343.0,879697.2414245364,1159226.3764052135,0.35,434.0,,,,,,,,,,,,0,
35,7,necessity,-479572.0040714426,11077.3,2837.7330368533435,6458.307742793107,0.1,66.0,250.0,,,4343.0,432706.61876713816,912278.6228385807,0.35,434.0,,,,,,,,,,,,0,
36,7,necessity,-43678.67915668874,11261.3,2342.62929598365,10748.988775959635,0.1,67.0,377.0,,,4343.0,709433.2592133359,753111.9383700247,0.35,434.0,,,,,,,,,,,,0,
37,7,necessity,-125166.31943968509,11318.3,3136.5338900873726,13181.660366952778,0.1,68.0,364.0,,,4343.0,883171.2445858361,1008337.5640255212,0.35,434.0,,,,,,,,,,,,0,
38,7,necessity,-134041.57710718387,11388.3,3968.3153887449716,16789.68141164417,0.1,69.0,228.0,,,4343.0,1141698.3359918036,1275739.9130989874,0.35,434.0,,,,,,,,,,,,0,
39,7,necessity,-754663.0640597274,11594.3,5161.84932713015,13112.694328026862,0.1,68.0,253.0,,,4343.0,904775.9086338535,1659438.972693581,0.35,434.0,,,,,,,,,,,,0,
40,7,necessity,30207.966664940584,11775.3,3968.3153887449716,19205.115878881294,0.1,69.0,229.0,,,4343.0,1305947.879763928,1275739.9130989874,0.35,434.0,,,,,,,,,,,,0,
41,7,necessity,-817334.7966123188,11980.3,5369.139798359444,13170.20614525505,0.1,68.0,318.0,,,4343.0,908744.2240225985,1726079.0206349173,0.35,434.0,,,,,,,,,,,,0,
4,8,necessity,-112842.54212073382,7044.1,730.3887824916577,4076.3629211574325,0.1,86.0,2452.0,,,8491.0,346490.8482983818,459333.3904191156,0.35,849.0,,,,,,,,,,,,0,
5,8,necessity,1158833.5193471352,5441.1,1005.0738465019778,20824.573193831915,0.1,87.0,771.0,,,8491.0,1790913.2946695448,632079.7753224096,0.35,849.0,,,,,,,,,,,,0,
6,8,necessity,-293062.87234335346,5519.1,1698.1931555911867,8907.033743138216,0.1,86.0,391.0,,,8491.0,774911.9356530248,1067974.8079963783,0.35,849.0,,,,,,,,,,,,0,
7,8,necessity,31913.748513744446,5977.1,1005.0738465019778,7720.854928327372,0.1,85.0,200.0,,,8491.0,663993.523836154,632079.7753224096,0.35,849.0,,,,,,,,,,,,0,
8,8,necessity,-173739.92096793925,6626.1,595.8996834703796,2364.879638828183,0.1,84.0,917.0,,,8491.0,201014.76930039556,374754.6902683348,0.35,849.0,,,,,,,,,,,,0,
9,8,necessity,344431.7043772972,6558.1,321.21461946005957,6505.23821121831,0.1,85.0,4305.0,,,8491.0,546440.0097423381,202008.3053650409,0.35,849.0,,,,,,,,,,,,0,
10,8,necessity,913690.2849993192,3102.1000000000004,745.9801874581158,16268.575726771252,0.1,86.0,908.0,,,8491.0,1382828.9367755565,469138.6517762373,0.35,849.0,,,,,,,,,,,,0,
11,8,necessity,22002.9804492736,3043.1000000000004,1042.0712475118585,7876.162909441502,0.1,85.0,854.0,,,8491.0,677350.0102119691,655347.0297626955,0.35,849.0,,,,,,,,,,,,0,
12,8,necessity,501712.1620236281,3038.1000000000004,617.3056795138023,10469.75112206032,0.1,86.0,1422.0,,,8491.0,889928.8453751272,388216.6833514991,0.35,849.0,,,,,,,,,,,,0,
13,8,necessity,220154.58826327836,2465.1000000000004,1045.7397146778337,10207.077631030545,0.1,85.0,575.0,,,8491.0,877808.6762686268,657654.0880053485,0.35,849.0,,,,,,,,,,,,0,
14,8,necessity,213083.6525882553,2739.1000000000004,617.3056795138023,7074.121599291228,0.1,84.0,1118.0,,,8491.0,601300.3359397544,388216.6833514991,0.35,849.0,,,,,,,,,,,,0,
15,8,necessity,488139.4443313901,2470.1000000000004,321.21461946005957,8216.044639243226,0.1,85.0,4666.0,,,8491.0,690147.749696431,202008.3053650409,0.35,849.0,,,,,,,,,,,,0,
