data/saved_data/run_2025_05_07_1155_monitoring_demand_but_no_zeros/firm_data.csv
Step,AgentID,FirmType,Profit,Inventory,ProductPrice,RevenuePerEmployee,ProductionLevel,NumEmployees,DemandReceived,InventoryDemandRatio,SellThroughRate,ProductionCapacity,Revenue,Costs,Markup,ProducedUnits,IncomeBracket,NumPeople,SpendRatio,PostTaxIncome,HouseholdExpense,HouseholdSavings,HealthLevel,Welfare,SkillLevel,SkillType,JobLevel,IsEmployed,Wage
4,9,necessity,150367.12570559804,0.0,1015.253062450854,7018.580910998822,0.1,91.0,904.0,,,6404.0,631672.281989894,481305.15628429595,0.35,640.0,,,,,,,,,,,,0,
7,9,necessity,-177548.3617576459,3262.0,1407.725406795216,5382.612725957197,0.1,90.0,776.0,,,6404.0,489817.75806210487,667366.1198197508,0.35,640.0,,,,,,,,,,,,0,
8,9,necessity,708290.0926859141,3126.0,810.2211097225986,12137.721285256528,0.1,91.0,637.0,,,6404.0,1092394.9156730876,384104.8229871735,0.35,640.0,,,,,,,,,,,,0,
9,9,necessity,-137564.1791969539,3129.0,1378.845756004673,5671.54776805819,0.1,90.0,372.0,,,6404.0,516110.8468932953,653675.0260902492,0.35,640.0,,,,,,,,,,,,0,
10,9,necessity,128825.79824656481,3397.0,810.2211097225986,5699.229124819315,0.1,91.0,1314.0,,,6404.0,512930.6212337383,384104.8229871735,0.35,640.0,,,,,,,,,,,,0,
11,9,necessity,410577.21165389975,2723.0,1379.643733475796,11699.236683247194,0.1,92.0,553.0,,,6404.0,1064630.5381754946,654053.3265215949,0.35,640.0,,,,,,,,,,,,0,
12,9,necessity,-342447.48705047125,2810.0,2331.6830225200133,8292.858528392555,0.1,91.0,306.0,,,6404.0,762942.9846121151,1105390.4716625863,0.35,640.0,,,,,,,,,,,,0,
13,9,necessity,59441.678369529196,3144.0,1379.643733475796,7840.604449353012,0.1,90.0,1463.0,,,6404.0,713495.0048911241,654053.3265215949,0.35,640.0,,,,,,,,,,,,0,
14,9,necessity,1634313.959087916,2321.0,810.2211097225986,22426.875356389883,0.1,91.0,672.0,,,6404.0,2018418.7820750894,384104.8229871735,0.35,640.0,,,,,,,,,,,,0,
15,9,necessity,-111258.81559973652,2289.0,1383.1749850262668,5983.171271797651,0.1,90.0,795.0,,,6404.0,544468.5857335862,655727.4013333227,0.35,640.0,,,,,,,,,,,,0,
16,9,necessity,715519.2901087087,2134.0,810.2211097225986,12218.045701065357,0.1,91.0,1553.0,,,6404.0,1099624.113095882,384104.8229871735,0.35,640.0,,,,,,,,,,,,0,
17,9,necessity,495768.4880512826,1221.0,1608.4087611113657,13827.180037353799,0.1,92.0,567.0,,,6404.0,1258273.3833991957,762504.8953479131,0.35,640.0,,,,,,,,,,,,0,
18,9,necessity,-342959.8756025012,1294.0,2647.112993138998,9912.693125545047,0.1,91.0,419.0,,,6404.0,911967.7675501443,1254927.6431526456,0.35,640.0,,,,,,,,,,,,0,
19,9,necessity,346635.44877732696,1515.0,1608.4087611113657,12188.355429947693,0.1,92.0,620.0,,,6404.0,1109140.34412524,762504.8953479131,0.35,640.0,,,,,,,,,,,,0,
20,9,necessity,-263900.0699789898,1535.0,2660.161288846388,10839.276433576595,0.1,91.0,179.0,,,6404.0,997213.4318890468,1261113.5018680366,0.35,640.0,,,,,,,,,,,,0,
21,9,necessity,-286336.0246444097,1996.0,1608.4087611113657,5232.624952785752,0.1,90.0,619.0,,,6404.0,476168.87070350343,762504.8953479131,0.35,640.0,,,,,,,,,,,,0,
22,9,necessity,611500.2001407619,2017.0,810.2211097225986,11062.278034754838,0.1,91.0,587.0,,,6404.0,995605.0231279354,384104.8229871735,0.35,640.0,,,,,,,,,,,,0,
23,9,necessity,-192221.29086428642,2070.0,1408.6850932152731,5226.371334144675,0.1,90.0,589.0,,,6404.0,475599.7914071654,667821.0822714518,0.35,640.0,,,,,,,,,,,,0,
24,9,necessity,445610.6969166224,2121.0,810.2211097225986,9219.061332264399,0.1,91.0,638.0,,,6404.0,829715.5199037959,384104.8229871735,0.35,640.0,,,,,,,,,,,,0,
25,9,necessity,-180005.41447630746,2123.0,1470.079296682828,5680.451296736461,0.1,90.0,566.0,,,6404.0,516921.0680030179,696926.4824793254,0.35,640.0,,,,,,,,,,,,0,
26,9,necessity,447960.05893530714,2197.0,810.2211097225986,9245.165354694229,0.1,91.0,780.0,,,6404.0,832064.8819224807,384104.8229871735,0.35,640.0,,,,,,,,,,,,0,
27,9,necessity,-72324.27669229289,2057.0,1485.6259384169778,6944.752369050845,0.1,90.0,651.0,,,6404.0,631972.4655836269,704296.7422759198,0.35,640.0,,,,,,,,,,,,0,
28,9,necessity,583037.662922279,2046.0,810.2211097225986,10746.027621216139,0.1,91.0,567.0,,,6404.0,967142.4859094525,384104.8229871735,0.35,640.0,,,,,,,,,,,,0,
29,9,necessity,-260189.69119333266,2119.0,1517.8747344223243,5048.300760579268,0.1,90.0,475.0,,,6404.0,459395.36921271344,719585.0604060461,0.35,640.0,,,,,,,,,,,,0,
30,9,necessity,336885.67586343054,2284.0,810.2211097225986,8011.005542784489,0.1,91.0,1277.0,,,6404.0,720990.498850604,384104.8229871735,0.35,640.0,,,,,,,,,,,,0,
31,9,necessity,347105.38529327617,1647.0,1450.2943914219638,11369.806122151193,0.1,92.0,453.0,,,6404.0,1034652.3571157585,687546.9718224823,0.35,640.0,,,,,,,,,,,,0,
32,9,necessity,-525742.005103171,1834.0,2494.811311669643,7141.123470805974,0.1,91.0,467.0,,,6404.0,656983.3593141496,1182725.3644173206,0.35,640.0,,,,,,,,,,,,0,
33,9,necessity,477529.9107272411,2007.0,1450.2943914219638,12803.042665381576,0.1,92.0,828.0,,,6404.0,1165076.8825497234,687546.9718224823,0.35,640.0,,,,,,,,,,,,0,
34,9,necessity,8488.950876125135,1819.0,2515.123413333717,13052.649522797676,0.1,93.0,394.0,,,6404.0,1200843.7560973861,1192354.805221261,0.35,640.0,,,,,,,,,,,,0,
35,9,necessity,-405804.95426527294,2065.0,2946.298170100038,10655.469084446071,0.1,92.0,272.0,,,6404.0,990958.6248534846,1396763.5791187575,0.35,640.0,,,,,,,,,,,,0,
36,9,necessity,-90562.64345276845,2433.0,1881.469148188285,8710.794589860981,0.1,91.0,197.0,,,6404.0,801393.1022672104,891955.7457199788,0.35,640.0,,,,,,,,,,,,0,
37,9,necessity,-217864.1746915779,2876.0,1241.3958664889199,4073.0705735504635,0.1,90.0,578.0,,,6404.0,370649.4221930922,588513.5968846701,0.35,640.0,,,,,,,,,,,,0,
38,9,necessity,315074.1774813804,2938.0,848.9235221445581,7972.520120339952,0.1,91.0,1156.0,,,6404.0,717526.8108305957,402452.63334921526,0.35,640.0,,,,,,,,,,,,0,
39,9,necessity,306696.6797596852,2422.0,1423.1086399376777,10784.12738020999,0.1,92.0,847.0,,,6404.0,981355.5915991091,674658.9118394239,0.35,640.0,,,,,,,,,,,,0,
40,9,necessity,90168.72799735935,2215.0,2352.3840456061225,13101.880630730575,0.1,93.0,721.0,,,6404.0,1205373.018027213,1115204.2900298536,0.35,640.0,,,,,,,,,,,,0,
41,9,necessity,367222.3533701517,2134.0,2803.035673340592,18237.299966473274,0.1,94.0,345.0,,,6404.0,1696068.8968820143,1328846.5435118626,0.35,640.0,,,,,,,,,,,,0,
4,10,necessity,-189543.1370127092,3830.1000000000004,1335.5585449943735,2118.4447705811062,0.1,108.0,344.0,,,4251.0,230910.4799933406,420453.6170060498,0.35,425.0,,,,,,,,,,,,0,
5,10,necessity,290901.304082996,3911.1000000000004,535.3332405835513,4254.00129146356,0.1,109.0,1129.0,,,4251.0,459432.1394780645,168530.83539506854,0.35,425.0,,,,,,,,,,,,0,
6,10,necessity,147278.0583327355,3207.1000000000004,1452.0065374922829,5544.873657053481,0.1,110.0,394.0,,,4251.0,604391.2286188294,457113.1702860939,0.35,425.0,,,,,,,,,,,,0,
7,10,necessity,-100178.27709331817,3238.1000000000004,2135.442233488665,5200.823416108723,0.1,109.0,188.0,,,4251.0,572090.5757719595,672268.8528652777,0.35,425.0,,,,,,,,,,,,0,
8,10,necessity,17776.62192161678,3475.1000000000004,1218.7689365799333,3683.1480724391654,0.1,108.0,659.0,,,4251.0,401463.139895869,383686.51797425223,0.35,425.0,,,,,,,,,,,,0,
9,10,necessity,586832.3239054163,3241.1000000000004,687.1862269855044,7436.747492649778,0.1,109.0,1386.0,,,4251.0,803168.729206176,216336.40530075968,0.35,425.0,,,,,,,,,,,,0,
10,10,necessity,460512.70107215137,2280.1000000000004,1562.5929442413649,8737.982666072561,0.1,110.0,679.0,,,4251.0,952440.1106019091,491927.40952975774,0.35,425.0,,,,,,,,,,,,0,
11,10,necessity,378435.01523544407,2026.1000000000004,2168.1495284772896,9645.46008308988,0.1,111.0,394.0,,,4251.0,1061000.6091398867,682565.5939044426,0.35,425.0,,,,,,,,,,,,0,
12,10,necessity,-242682.93872246845,2057.1000000000004,3484.3781129129993,7695.954182162632,0.1,110.0,280.0,,,4251.0,854250.9142200521,1096933.8529425205,0.35,425.0,,,,,,,,,,,,0,
13,10,necessity,293060.27771119715,2202.1000000000004,2168.1495284772896,8869.326105596725,0.1,111.0,485.0,,,4251.0,975625.8716156398,682565.5939044426,0.35,425.0,,,,,,,,,,,,0,
14,10,necessity,-26171.014438794693,2142.1000000000004,3423.3571055047555,9473.44613794131,0.1,112.0,216.0,,,4251.0,1051552.5213114854,1077723.5357502801,0.35,425.0,,,,,,,,,,,,0,
15,10,necessity,-508863.387905419,2351.1000000000004,3965.21529805244,6602.188703473456,0.1,111.0,136.0,,,4251.0,739445.1347890272,1248308.5226944461,0.35,425.0,,,,,,,,,,,,0,
16,10,necessity,-313881.3003134767,2640.1000000000004,2710.0077210249738,4858.281806622809,0.1,110.0,147.0,,,4251.0,539269.2805351318,853150.5808486085,0.35,425.0,,,,,,,,,,,,0,
17,10,necessity,-179188.4416289393,2918.1000000000004,1834.6010037691133,3621.555772642465,0.1,109.0,312.0,,,4251.0,398371.1349906711,577559.5766196104,0.35,425.0,,,,,,,,,,,,0,
18,10,necessity,165420.9235005189,3031.1000000000004,1292.7428112214286,5251.334983265719,0.1,110.0,605.0,,,4251.0,572395.5131759633,406974.5896754444,0.35,425.0,,,,,,,,,,,,0,
19,10,necessity,96231.45089192921,2851.1000000000004,2178.671129840768,7110.0854617178575,0.1,111.0,197.0,,,4251.0,782109.4007889644,685877.9498970351,0.35,425.0,,,,,,,,,,,,0,
20,10,necessity,-711652.5659803529,3079.1000000000004,3623.878935131176,3866.650563771453,0.1,110.0,168.0,,,4251.0,429198.2125786313,1140850.7785589842,0.35,425.0,,,,,,,,,,,,0,
21,10,necessity,-77066.2887949975,3336.1000000000004,2178.671129840768,5534.651464563978,0.1,111.0,698.0,,,4251.0,608811.6611020376,685877.9498970351,0.35,425.0,,,,,,,,,,,,0,
22,10,necessity,432063.5378421275,3063.1000000000004,3458.0612378918177,13700.112149809514,0.1,112.0,329.0,,,4251.0,1520712.448628856,1088648.9107867286,0.35,425.0,,,,,,,,,,,,0,
23,10,necessity,-161177.45935756853,3159.1000000000004,4125.852858391801,10158.054886307214,0.1,111.0,160.0,,,4251.0,1137702.147266408,1298879.6066239765,0.35,425.0,,,,,,,,,,,,0,
24,10,necessity,-235972.18839159468,3424.1000000000004,2846.4627503407514,5947.17529137557,0.1,110.0,230.0,,,4251.0,660136.4573426882,896108.6457342829,0.35,425.0,,,,,,,,,,,,0,
25,10,necessity,37481.14706568071,3619.1000000000004,1960.534431721412,5951.694841621572,0.1,111.0,451.0,,,4251.0,654686.4325783729,617205.2855126922,0.35,425.0,,,,,,,,,,,,0,
26,10,necessity,4172.792469389737,3593.1000000000004,2795.383802645934,7965.7750333906015,0.1,112.0,171.0,,,4251.0,884201.0287063568,880028.236236967,0.35,425.0,,,,,,,,,,,,0,
27,10,necessity,-703380.598432044,3847.1000000000004,3752.6544822856913,4267.952055825489,0.1,111.0,143.0,,,4251.0,478010.6302524547,1181391.2286844987,0.35,425.0,,,,,,,,,,,,0,
28,10,necessity,-381938.68699336995,4129.1,2917.80511136117,4834.500819521206,0.1,112.0,255.0,,,4251.0,536629.5909668539,918568.2779602238,0.35,425.0,,,,,,,,,,,,0,
29,10,necessity,-457942.09388977196,4299.1,3818.061723574619,6643.21699461695,0.1,113.0,259.0,,,4251.0,744040.3033970983,1201982.3972868703,0.35,425.0,,,,,,,,,,,,0,
30,10,necessity,-638994.9663640884,4465.1,5170.890543690575,8751.13262306041,0.1,114.0,327.0,,,4251.0,988877.9864058263,1627872.9527699146,0.35,425.0,,,,,,,,,,,,0,
31,10,necessity,-139639.37627573987,4563.1,5814.594782752608,14832.291296375597,0.1,115.0,159.0,,,4251.0,1690881.207786818,1830520.584062558,0.35,425.0,,,,,,,,,,,,0,
32,10,necessity,-1170055.9636613573,4829.1,6653.360739781928,8039.309308327519,0.1,114.0,42.0,,,4251.0,924520.5704576647,2094576.534119022,0.35,425.0,,,,,,,,,,,,0,
33,10,necessity,-1389244.8275651368,5212.1,5300.531919665972,2451.2381672880783,0.1,113.0,110.0,,,4251.0,279441.15107084095,1668685.9786359777,0.35,425.0,,,,,,,,,,,,0,
34,10,necessity,-821571.5174162566,5527.1,4461.765962636652,5159.8098333031585,0.1,114.0,188.0,,,4251.0,583058.511163257,1404630.0285795135,0.35,425.0,,,,,,,,,,,,0,
35,10,necessity,-1008579.6246281292,5764.1,5868.185149875228,7358.000008558689,0.1,115.0,174.0,,,4251.0,838812.0009756905,1847391.6256038197,0.35,425.0,,,,,,,,,,,,0,
36,10,necessity,-1107117.2751198134,6015.1,6760.105897311372,8878.819270245996,0.1,116.0,108.0,,,4251.0,1021064.2160782896,2128181.491198103,0.35,425.0,,,,,,,,,,,,0,
37,10,necessity,-1577089.42368944,6332.1,7328.692128188352,6293.891697496795,0.1,115.0,80.0,,,4251.0,730091.4369096282,2307180.860599068,0.35,425.0,,,,,,,,,,,,0,
38,10,necessity,-1278123.893319694,6677.1,5922.27294094978,5098.220610913636,0.1,114.0,184.0,,,4251.0,586295.3702550682,1864419.2635747623,0.35,425.0,,,,,,,,,,,,0,
39,10,necessity,-493931.1768457191,6918.1,5030.352193513633,9558.756325743505,0.1,115.0,321.0,,,4251.0,1089698.2211347595,1583629.3979804786,0.35,425.0,,,,,,,,,,,,0,
40,10,necessity,-456092.2521519812,7022.1,6577.947427967907,14041.243948851099,0.1,116.0,122.0,,,4251.0,1614743.0541178763,2070835.3062698576,0.35,425.0,,,,,,,,,,,,0,
41,10,necessity,-1541811.8342912658,7325.1,7446.668024077307,6918.186088035212,0.1,115.0,92.0,,,4251.0,802509.5862120846,2344321.4205033504,0.35,425.0,,,,,,,,,,,,0,
