data/saved_data/run_2025_05_07_1155_monitoring_demand_but_no_zeros/firm_data.csv
Step,AgentID,FirmType,Profit,Inventory,ProductPrice,RevenuePerEmployee,ProductionLevel,NumEmployees,DemandReceived,InventoryDemandRatio,SellThroughRate,ProductionCapacity,Revenue,Costs,Markup,ProducedUnits,IncomeBracket,NumPeople,SpendRatio,PostTaxIncome,HouseholdExpense,HouseholdSavings,HealthLevel,Welfare,SkillLevel,SkillType,JobLevel,IsEmployed,Wage
4,11,necessity,57330.62771299464,1927.2000000000007,781.5257549202211,6793.930837508748,0.1,69.0,2854.0,,,6992.0,461987.2969505948,404656.6692376002,0.35,699.0,,,,,,,,,,,,0,
7,11,necessity,-409834.7403721699,3718.0,1180.78635371747,2921.0173153716414,0.1,68.0,1021.0,,,6992.0,201550.19476064327,611384.9351328132,0.35,699.0,,,,,,,,,,,,0,
8,11,necessity,823855.9986015607,3396.0,737.2407321847313,17729.159810963778,0.1,69.0,819.0,,,6992.0,1205582.867145537,381726.8685439762,0.35,699.0,,,,,,,,,,,,0,
9,11,necessity,-11174.988047935418,3276.0,1187.7202406538495,8750.726951583985,0.1,68.0,784.0,,,6992.0,603800.159659295,614975.1477072304,0.35,699.0,,,,,,,,,,,,0,
10,11,necessity,549445.8001286418,3191.0,737.2407321847313,13693.715715773795,0.1,69.0,663.0,,,6992.0,931172.668672618,381726.8685439762,0.35,699.0,,,,,,,,,,,,0,
11,11,necessity,-162220.52542191563,3227.0,1257.317632910175,7083.92181794894,0.1,68.0,854.0,,,6992.0,488790.60543847684,651011.1308603925,0.35,699.0,,,,,,,,,,,,0,
12,11,necessity,692022.3899613132,3072.0,737.2407321847313,15790.43027213661,0.1,69.0,624.0,,,6992.0,1073749.2585052894,381726.8685439762,0.35,699.0,,,,,,,,,,,,0,
13,11,necessity,-169984.14009505947,3147.0,1216.7813743976633,6667.220534540179,0.1,68.0,541.0,,,6992.0,460038.21688327234,630022.3569783318,0.35,699.0,,,,,,,,,,,,0,
14,11,necessity,276551.8550051596,3305.0,737.2407321847313,9680.56946395788,0.1,69.0,699.0,,,6992.0,658278.7235491358,381726.8685439762,0.35,699.0,,,,,,,,,,,,0,
15,11,necessity,-132390.79532105895,3305.0,1250.9653638892503,7468.5691564801045,0.1,68.0,413.0,,,6992.0,515331.2717971272,647722.0671181862,0.35,699.0,,,,,,,,,,,,0,
16,11,necessity,134921.82674228417,3591.0,737.2407321847313,7597.7749306803,0.1,69.0,897.0,,,6992.0,516648.6952862604,381726.8685439762,0.35,699.0,,,,,,,,,,,,0,
17,11,necessity,44819.65159079619,3393.0,1190.6368151657923,9584.129518401507,0.1,70.0,605.0,,,6992.0,661304.936769704,616485.2851789078,0.35,699.0,,,,,,,,,,,,0,
18,11,necessity,-275142.05413358076,3487.0,1922.5956937688118,10290.503902504348,0.1,71.0,416.0,,,6992.0,720335.2731753044,995477.3273088852,0.35,699.0,,,,,,,,,,,,0,
19,11,necessity,-354267.90455244004,3770.0,2228.8861381079723,11264.786036729938,0.1,72.0,459.0,,,6992.0,799799.8086078257,1154067.7131602657,0.35,699.0,,,,,,,,,,,,0,
20,11,necessity,-369726.34556163533,4010.0,2689.9282679497633,14209.149130438323,0.1,73.0,454.0,,,6992.0,1023058.7373915593,1392785.0829531946,0.35,699.0,,,,,,,,,,,,0,
21,11,necessity,-342768.59745184775,4255.0,3020.593188792291,16729.142926701268,0.1,74.0,310.0,,,6992.0,1221227.4336491926,1563996.0311010403,0.35,699.0,,,,,,,,,,,,0,
22,11,necessity,-866729.0548168431,4644.0,3482.406967138634,12653.836331427165,0.1,73.0,147.0,,,6992.0,936383.8885256102,1803112.9433424533,0.35,699.0,,,,,,,,,,,,0,
23,11,necessity,-912207.0770430968,5196.0,2750.4480885356147,7012.518139306565,0.1,72.0,442.0,,,6992.0,511913.82416937925,1424120.901212476,0.35,699.0,,,,,,,,,,,,0,
24,11,necessity,26335.57055519754,5453.0,2297.0520055545535,16884.69521017697,0.1,73.0,608.0,,,6992.0,1215698.0551327418,1189362.4845775443,0.35,699.0,,,,,,,,,,,,0,
25,11,necessity,-228525.05384227936,5544.0,3138.6682485087076,19131.611224344775,0.1,74.0,117.0,,,6992.0,1396607.6193771686,1625132.673219448,0.35,699.0,,,,,,,,,,,,0,
26,11,necessity,-1487363.5584756671,6126.0,3581.821817184949,4962.48898750701,0.1,73.0,328.0,,,6992.0,367224.1850755188,1854587.743551186,0.35,699.0,,,,,,,,,,,,0,
27,11,necessity,-243979.99887261912,6497.0,2740.2055742307953,16093.665151187168,0.1,74.0,176.0,,,6992.0,1174837.5560366632,1418817.5549092824,0.35,699.0,,,,,,,,,,,,0,
28,11,necessity,-1326410.618666745,7020.0,3493.1719258142643,6517.245690062432,0.1,73.0,275.0,,,6992.0,482276.18106462,1808686.799731365,0.35,699.0,,,,,,,,,,,,0,
29,11,necessity,-458195.27531035966,7444.0,2740.2055742307953,13159.209309574284,0.1,74.0,217.0,,,6992.0,960622.2795989227,1418817.5549092824,0.35,699.0,,,,,,,,,,,,0,
30,11,necessity,-1200824.5101621798,7926.0,3467.6055911620156,8035.467697406521,0.1,73.0,236.0,,,6992.0,594624.6096080826,1795449.1197702624,0.35,699.0,,,,,,,,,,,,0,
31,11,necessity,-600462.6353950467,8389.0,2740.2055742307953,11210.341363208709,0.1,74.0,384.0,,,6992.0,818354.9195142357,1418817.5549092824,0.35,699.0,,,,,,,,,,,,0,
32,11,necessity,-734729.2553513402,8704.0,3451.2261243981793,14219.445141954398,0.1,75.0,336.0,,,6992.0,1052238.9405046254,1786968.1958559656,0.35,699.0,,,,,,,,,,,,0,
33,11,necessity,-856081.6622570774,9067.0,3892.9705438928445,15461.493037303844,0.1,76.0,254.0,,,6992.0,1159611.9777977883,2015693.6400548657,0.35,699.0,,,,,,,,,,,,0,
34,11,necessity,-1186967.7633677372,9512.0,4202.154614942986,13010.717344062929,0.1,75.0,193.0,,,6992.0,988814.5181487825,2175782.28151652,0.35,699.0,,,,,,,,,,,,0,
35,11,necessity,-996615.7998858403,10018.0,3491.134064775602,10813.544542453285,0.1,74.0,344.0,,,6992.0,811015.8406839963,1807631.6405698366,0.35,699.0,,,,,,,,,,,,0,
36,11,necessity,-377226.45195529144,10373.0,3047.9804960993597,16229.055652470366,0.1,75.0,316.0,,,6992.0,1200950.118282807,1578176.5702380985,0.35,699.0,,,,,,,,,,,,0,
37,11,necessity,-861614.6311820765,10756.0,3524.246392285471,12842.157823565303,0.1,74.0,144.0,,,6992.0,963161.8367673977,1824776.4679494742,0.35,699.0,,,,,,,,,,,,0,
38,11,necessity,-1078567.6176674375,11311.0,3063.2042624436795,6857.992979582537,0.1,73.0,363.0,,,6992.0,507491.4804891078,1586059.0981565453,0.35,699.0,,,,,,,,,,,,0,
39,11,necessity,-234999.03864807682,11647.0,2601.390484097337,15232.097907767886,0.1,74.0,517.0,,,6992.0,1111943.1472670557,1346942.1859151325,0.35,699.0,,,,,,,,,,,,0,
40,11,necessity,-253347.63119731075,11829.0,3086.7808117386626,18174.579463220583,0.1,75.0,304.0,,,6992.0,1344918.880278323,1598266.5114756338,0.35,699.0,,,,,,,,,,,,0,
41,11,necessity,-909817.4802389794,12224.0,3569.482746624731,12511.751556914045,0.1,74.0,256.0,,,6992.0,938381.3667685534,1848198.8470075328,0.35,699.0,,,,,,,,,,,,0,
4,14,necessity,-351185.014221555,9224.6,996.6757817866497,1031.1196684044075,0.1,83.0,603.0,,,5926.0,86614.05214597024,437799.0663675252,0.35,593.0,,,,,,,,,,,,0,
5,14,necessity,399523.27648595057,9214.6,458.66356905349977,7240.909595389757,0.1,84.0,4514.0,,,5926.0,600995.4964173498,201472.21993139922,0.35,593.0,,,,,,,,,,,,0,
6,14,necessity,1619634.5723890879,5293.6,1026.2112136655012,24647.70655604164,0.1,85.0,392.0,,,5926.0,2070407.350707498,450772.77831841,0.35,593.0,,,,,,,,,,,,0,
7,14,necessity,-238125.70355728955,5494.6,1457.9100718654538,4732.644655963252,0.1,84.0,237.0,,,5926.0,402274.79575687647,640400.499314166,0.35,593.0,,,,,,,,,,,,0,
8,14,necessity,-45575.25389504258,5850.6,890.3624272534521,4113.389131334673,0.1,83.0,484.0,,,5926.0,345524.68703211256,391099.94092715514,0.35,593.0,,,,,,,,,,,,0,
9,14,necessity,229463.19485927158,5959.6,458.66356905349977,5191.992949285191,0.1,84.0,1318.0,,,5926.0,430935.4147906708,201472.21993139922,0.35,593.0,,,,,,,,,,,,0,
10,14,necessity,158846.93298969127,5234.6,1014.5981920172188,7196.64980967277,0.1,85.0,481.0,,,5926.0,604518.5840125127,445671.65102282143,0.35,593.0,,,,,,,,,,,,0,
11,14,necessity,-126129.43436251918,5346.6,1398.151890350135,5741.432121885673,0.1,84.0,306.0,,,5926.0,488021.73036028224,614151.1647228014,0.35,593.0,,,,,,,,,,,,0,
12,14,necessity,57882.74481576221,5633.6,842.2172673864159,5093.267600561207,0.1,83.0,239.0,,,5926.0,427834.47844714136,369951.73363137915,0.35,593.0,,,,,,,,,,,,0,
13,14,necessity,-182.2930260458379,5987.6,458.66356905349977,2425.179842233173,0.1,82.0,1630.0,,,5926.0,201289.92690535338,201472.21993139922,0.35,593.0,,,,,,,,,,,,0,
14,14,necessity,-4238898.914849899,4950.6,11352.112491395406,9117.336799478106,0.1,83.0,68.0,,,5926.0,747621.6175572047,4986520.532407103,0.35,593.0,,,,,,,,,,,,0,
15,14,necessity,617969.3829815909,5475.6,350.53163462802524,9300.525896564912,0.1,84.0,2131.0,,,5926.0,771943.6494148877,153974.26643329673,0.35,593.0,,,,,,,,,,,,0,
16,14,necessity,311303.9328910254,3937.6000000000004,991.8492794011819,8892.653730860973,0.1,83.0,783.0,,,5926.0,746982.9133923218,435678.9805012964,0.35,593.0,,,,,,,,,,,,0,
17,14,necessity,622643.7193378287,3747.6000000000004,350.53163462802524,9356.843202061753,0.1,84.0,1840.0,,,5926.0,776617.9857711254,153974.26643329673,0.35,593.0,,,,,,,,,,,,0,
18,14,necessity,249079.5094924601,2500.6000000000004,901.2870854973129,7678.311996613887,0.1,83.0,832.0,,,5926.0,644978.2077155665,395898.6982231064,0.35,593.0,,,,,,,,,,,,0,
19,14,necessity,595896.5887004676,2261.6000000000004,350.53163462802524,9034.58861606945,0.1,84.0,2548.0,,,5926.0,749870.8551337643,153974.26643329673,0.35,593.0,,,,,,,,,,,,0,
4,15,necessity,-375651.8567299325,10272.8,1104.4599667033026,883.5213583251477,0.1,99.0,234.0,,,5648.0,86585.09311586448,462236.949845797,0.35,565.0,,,,,,,,,,,,0,
5,15,necessity,-379162.4259430722,10603.8,1523.4834990818358,2610.5417394805336,0.1,100.0,262.0,,,5648.0,258443.63220857282,637606.058151645,0.35,565.0,,,,,,,,,,,,0,
6,15,necessity,-686342.9818431169,10906.8,2593.6621885306035,3991.5267675944096,0.1,101.0,429.0,,,5648.0,399152.676759441,1085495.6586025578,0.35,565.0,,,,,,,,,,,,0,
7,15,necessity,-147372.96848739847,11042.8,3010.748603424316,11016.644345342862,0.1,102.0,198.0,,,5648.0,1112681.078879629,1260054.0473670275,0.35,565.0,,,,,,,,,,,,0,
8,15,necessity,-935614.3522703391,11409.8,3659.9158824785163,5844.394347823672,0.1,101.0,61.0,,,5648.0,596128.2234780146,1531742.5757483537,0.35,565.0,,,,,,,,,,,,0,
9,15,necessity,-860598.1064662518,11913.8,2589.7371930297495,2210.4442458533613,0.1,100.0,352.0,,,5648.0,223254.8688311895,1083852.9752974412,0.35,565.0,,,,,,,,,,,,0,
10,15,necessity,99423.04503035697,12126.8,1940.5699139755493,9115.874919464719,0.1,101.0,271.0,,,5648.0,911587.4919464719,812164.4469161149,0.35,565.0,,,,,,,,,,,,0,
11,15,necessity,-600559.5075951071,12420.8,2691.5271426368536,5206.875709775979,0.1,100.0,279.0,,,5648.0,525894.4466873739,1126453.954282481,0.35,565.0,,,,,,,,,,,,0,
12,15,necessity,-103186.00625674415,12706.8,2040.8226631503592,7509.360727956821,0.1,101.0,443.0,,,5648.0,750936.0727956821,854122.0790524263,0.35,565.0,,,,,,,,,,,,0,
13,15,necessity,-257896.03330551262,12828.8,2776.4135148373466,8951.331086887218,0.1,102.0,102.0,,,5648.0,904084.4397756091,1161980.4730811217,0.35,565.0,,,,,,,,,,,,0,
14,15,necessity,-1306240.1035664931,13291.8,3797.763322141779,2776.4135148373466,0.1,101.0,216.0,,,5648.0,283194.17851340934,1589434.2820799025,0.35,565.0,,,,,,,,,,,,0,
15,15,necessity,-341663.59549849737,13640.8,2776.4135148373466,8121.94928299628,0.1,102.0,195.0,,,5648.0,820316.8775826243,1161980.4730811217,0.35,565.0,,,,,,,,,,,,0,
16,15,necessity,-1094953.2042536582,14010.8,3909.871999315926,5307.84936660081,0.1,101.0,338.0,,,5648.0,541400.6353932826,1636353.8396469408,0.35,565.0,,,,,,,,,,,,0,
17,15,necessity,159556.26268766145,14237.8,2776.4135148373466,13084.522136324586,0.1,102.0,277.0,,,5648.0,1321536.7357687831,1161980.4730811217,0.35,565.0,,,,,,,,,,,,0,
18,15,necessity,-829759.5505221336,14525.8,3820.203934970092,7539.868074607304,0.1,101.0,29.0,,,5648.0,769066.543609945,1598826.0941320786,0.35,565.0,,,,,,,,,,,,0,
19,15,necessity,-1051194.558966989,15061.8,2776.4135148373466,1096.8902387537887,0.1,100.0,278.0,,,5648.0,110785.91411413267,1161980.4730811217,0.35,565.0,,,,,,,,,,,,0,
20,15,necessity,-82279.1219276439,15348.8,2040.8226631503592,7718.429571247823,0.1,101.0,323.0,,,5648.0,771842.9571247824,854122.0790524263,0.35,565.0,,,,,,,,,,,,0,
21,15,necessity,-467324.663070297,15590.8,2691.661972955669,6526.591289084811,0.1,100.0,230.0,,,5648.0,659185.720197566,1126510.383267863,0.35,565.0,,,,,,,,,,,,0,
22,15,necessity,-235039.8252726224,15925.8,2040.8226631503592,6190.822537798039,0.1,99.0,378.0,,,5648.0,619082.2537798039,854122.0790524263,0.35,565.0,,,,,,,,,,,,0,
23,15,necessity,231598.39498477546,16112.8,1289.865434489055,7792.231986574098,0.1,100.0,621.0,,,5648.0,771430.9666708357,539832.5716860603,0.35,565.0,,,,,,,,,,,,0,
24,15,necessity,-21314.68527624721,16056.8,1964.838071083177,8010.064348177031,0.1,101.0,188.0,,,5648.0,801006.4348177031,822321.1200939503,0.35,565.0,,,,,,,,,,,,0,
25,15,necessity,-756253.1697935376,16433.8,2689.5888123408804,3657.322350135022,0.1,100.0,422.0,,,5648.0,369389.55736363726,1125642.7271571748,0.35,565.0,,,,,,,,,,,,0,
26,15,necessity,291852.30005856685,16576.8,2014.6161757467576,11350.064788078515,0.1,101.0,345.0,,,5648.0,1135006.4788078514,843154.1787492846,0.35,565.0,,,,,,,,,,,,0,
27,15,necessity,-404877.20967243065,16796.8,2628.1269279357643,6881.609709233973,0.1,100.0,268.0,,,5648.0,695042.5806326313,1099919.790305062,0.35,565.0,,,,,,,,,,,,0,
28,15,necessity,-138816.1620624998,17093.8,2014.6161757467576,7043.380166867848,0.1,101.0,609.0,,,5648.0,704338.0166867848,843154.1787492846,0.35,565.0,,,,,,,,,,,,0,
29,15,necessity,112849.50085182721,17049.8,2661.8935576607723,12147.537138908665,0.1,102.0,382.0,,,5648.0,1226901.2510297752,1114051.750177948,0.35,565.0,,,,,,,,,,,,0,
30,15,necessity,-530082.9570603657,17232.8,3696.1955681786876,9969.052343396226,0.1,101.0,216.0,,,5648.0,1016843.339026415,1546926.2960867807,0.35,565.0,,,,,,,,,,,,0,
31,15,necessity,-315673.5074513515,17581.8,2661.8935576607723,7904.735076500956,0.1,100.0,633.0,,,5648.0,798378.2427265965,1114051.750177948,0.35,565.0,,,,,,,,,,,,0,
32,15,necessity,841824.4432499843,17513.8,2014.6161757467576,16849.78621999269,0.1,101.0,367.0,,,5648.0,1684978.621999269,843154.1787492846,0.35,565.0,,,,,,,,,,,,0,
33,15,necessity,-359250.5494753915,17711.8,2625.008537062834,7320.436995040198,0.1,100.0,351.0,,,5648.0,739364.13649906,1098614.6859744515,0.35,565.0,,,,,,,,,,,,0,
34,15,necessity,78223.81775977009,17925.8,2014.6161757467576,9213.779965090547,0.1,101.0,339.0,,,5648.0,921377.9965090547,843154.1787492846,0.35,565.0,,,,,,,,,,,,0,
35,15,necessity,-470358.2981366259,18151.8,2755.7040576269815,6761.9295403777305,0.1,100.0,215.0,,,5648.0,682954.8835781508,1153313.1817147767,0.35,565.0,,,,,,,,,,,,0,
36,15,necessity,-257515.20226175128,18501.8,2030.9533163692786,5924.76372389801,0.1,99.0,633.0,,,5648.0,592476.372389801,849991.5746515522,0.35,565.0,,,,,,,,,,,,0,
37,15,necessity,745760.8775756931,18433.8,1289.865434489055,12985.792416785387,0.1,100.0,1177.0,,,5648.0,1285593.4492617534,539832.5716860603,0.35,565.0,,,,,,,,,,,,0,
38,15,necessity,714149.7436251811,17821.8,1921.1142058695134,15181.716163936177,0.1,101.0,465.0,,,5648.0,1518171.6163936176,804021.8727684364,0.35,565.0,,,,,,,,,,,,0,
39,15,necessity,-168630.62936329644,17921.8,2537.399628031217,8844.733720092314,0.1,100.0,335.0,,,5648.0,893318.1057293237,1061948.7350926201,0.35,565.0,,,,,,,,,,,,0,
40,15,necessity,46007.00262202136,18151.8,1921.1142058695134,8500.288753904579,0.1,99.0,690.0,,,5648.0,850028.8753904578,804021.8727684364,0.35,565.0,,,,,,,,,,,,0,
41,15,necessity,785736.2303639039,18026.8,1289.865434489055,13389.583859090548,0.1,100.0,689.0,,,5648.0,1325568.8020499642,539832.5716860603,0.35,565.0,,,,,,,,,,,,0,
