data/saved_data/run_2025_05_07_1155_monitoring_demand_but_no_zeros/firm_data.csv
Step,AgentID,FirmType,Profit,Inventory,ProductPrice,RevenuePerEmployee,ProductionLevel,NumEmployees,DemandReceived,InventoryDemandRatio,SellThroughRate,ProductionCapacity,Revenue,Costs,Markup,ProducedUnits,IncomeBracket,NumPeople,SpendRatio,PostTaxIncome,HouseholdExpense,HouseholdSavings,HealthLevel,Welfare,SkillLevel,SkillType,JobLevel,IsEmployed,Wage
4,21,necessity,-165860.7322567121,3051.2,1623.191220980541,10824.003250115473,0.1,25.0,177.0,,,3542.0,259776.07800277136,425636.81025948346,0.35,354.0,,,,,,,,,,,,0,
5,21,necessity,-339738.3462213993,3228.2,2391.266404691873,11492.193844542231,0.1,26.0,336.0,,,3542.0,287304.8461135558,627043.1923349551,0.35,354.0,,,,,,,,,,,,0,
6,21,necessity,-124573.70326684543,3246.2,3539.132590506617,30902.519691402667,0.1,27.0,88.0,,,3542.0,803465.5119764693,928039.2152433147,0.35,354.0,,,,,,,,,,,,0,
7,21,necessity,-1080738.973938987,3512.2,5309.171077007479,11534.9506653549,0.1,26.0,10.0,,,3542.0,311443.6679645823,1392182.6419035692,0.35,354.0,,,,,,,,,,,,0,
8,21,necessity,-874947.50447324,3856.2,3539.132590506617,2041.9888757721071,0.1,25.0,120.0,,,3542.0,53091.71077007479,928039.2152433147,0.35,354.0,,,,,,,,,,,,0,
9,21,necessity,-262610.4021797596,4090.2,2621.0833897843618,16987.83643443176,0.1,26.0,159.0,,,3542.0,424695.910860794,687306.3130405536,0.35,354.0,,,,,,,,,,,,0,
10,21,necessity,-516080.8589636482,4285.2,3557.4144227704064,16028.933037527442,0.1,25.0,224.0,,,3542.0,416752.2589757135,932833.1179393617,0.35,354.0,,,,,,,,,,,,0,
11,21,necessity,109554.51766001747,4415.2,2621.0833897843618,31874.43322802284,0.1,26.0,330.0,,,3542.0,796860.8307005711,687306.3130405536,0.35,354.0,,,,,,,,,,,,0,
12,21,necessity,-108479.43544325838,4439.2,3712.2595601273233,33267.59687033998,0.1,27.0,53.0,,,3542.0,864957.5186288394,973436.9540720978,0.35,354.0,,,,,,,,,,,,0,
13,21,necessity,-1201321.2585902736,4740.2,5331.626738113991,7287.0280254351155,0.1,26.0,72.0,,,3542.0,196749.75668674812,1398071.0152770218,0.35,354.0,,,,,,,,,,,,0,
14,21,necessity,-589559.8289278904,5022.2,3712.2595601273233,14764.504813238746,0.1,27.0,251.0,,,3542.0,383877.1251442074,973436.9540720978,0.35,354.0,,,,,,,,,,,,0,
15,21,necessity,-420194.27014376735,5125.2,5155.823196292108,34510.264799702156,0.1,28.0,121.0,,,3542.0,931777.1495919582,1351971.4197357255,0.35,354.0,,,,,,,,,,,,0,
16,21,necessity,-916540.4659824087,5358.2,5874.387972644576,22280.521669690897,0.1,27.0,85.0,,,3542.0,623854.6067513451,1540395.0727337538,0.35,354.0,,,,,,,,,,,,0,
17,21,necessity,-662537.6293953372,5627.2,4430.824336479791,18493.443617584773,0.1,26.0,76.0,,,3542.0,499322.9776747889,1161860.607070126,0.35,354.0,,,,,,,,,,,,0,
18,21,necessity,-538987.3164661177,5905.2,3339.648166136829,12951.640368171697,0.1,25.0,91.0,,,3542.0,336742.6495724641,875729.9660385819,0.35,354.0,,,,,,,,,,,,0,
19,21,necessity,-270825.96001177083,6168.2,2191.781980322085,12156.319324738057,0.1,24.0,208.0,,,3542.0,303907.98311845143,574733.9431302223,0.35,354.0,,,,,,,,,,,,0,
20,21,necessity,65162.820000317646,6314.2,1490.063761536579,18995.443829458072,0.1,25.0,115.0,,,3542.0,455890.6519069937,390727.83190667606,0.35,354.0,,,,,,,,,,,,0,
21,21,necessity,-453452.15282796667,6553.2,2382.7480308292684,6854.293303068264,0.1,24.0,264.0,,,3542.0,171357.3325767066,624809.4854046733,0.35,354.0,,,,,,,,,,,,0,
22,21,necessity,238317.64823225082,6643.2,1490.063761536579,26210.228339121953,0.1,25.0,366.0,,,3542.0,629045.4801389269,390727.83190667606,0.35,354.0,,,,,,,,,,,,0,
23,21,necessity,-86232.42081621173,6631.2,2408.627882114355,21814.53346889552,0.1,24.0,247.0,,,3542.0,545363.3367223879,631595.7575385997,0.35,354.0,,,,,,,,,,,,0,
24,21,necessity,204203.25497556967,6738.2,1490.063761536579,24788.79528676024,0.1,25.0,173.0,,,3542.0,594931.0868822457,390727.83190667606,0.35,354.0,,,,,,,,,,,,0,
25,21,necessity,-396191.8461134265,6919.2,2493.9643538588407,10311.241229833127,0.1,24.0,205.0,,,3542.0,257781.03074582817,653972.8768592547,0.35,354.0,,,,,,,,,,,,0,
26,21,necessity,120534.8606343863,7068.2,1490.063761536579,21302.612189210933,0.1,25.0,422.0,,,3542.0,511262.69254106237,390727.83190667606,0.35,354.0,,,,,,,,,,,,0,
27,21,necessity,-18294.33934507321,7000.2,2467.7589847329914,25152.276294737454,0.1,26.0,243.0,,,3542.0,628806.9073684363,647101.2467135096,0.35,354.0,,,,,,,,,,,,0,
28,21,necessity,-322464.4888779423,7111.2,3516.5971508765056,23064.05512654296,0.1,25.0,243.0,,,3542.0,599665.433290117,922129.9221680593,0.35,354.0,,,,,,,,,,,,0,
29,21,necessity,188776.60030176502,7222.2,2538.901927680093,34181.32430651963,0.1,26.0,291.0,,,3542.0,854533.1076629908,665756.5073612258,0.35,354.0,,,,,,,,,,,,0,
30,21,necessity,-154442.04391466908,7285.2,3406.509542845815,28416.171575188735,0.1,25.0,200.0,,,3542.0,738820.4609549071,893262.5048695762,0.35,354.0,,,,,,,,,,,,0,
31,21,necessity,15545.40120793716,7439.2,2538.901927680093,27252.07634276652,0.1,24.0,394.0,,,3542.0,681301.908569163,665756.5073612258,0.35,354.0,,,,,,,,,,,,0,
32,21,necessity,609599.5275992807,7399.2,1490.063761536579,41680.30664608153,0.1,25.0,442.0,,,3542.0,1000327.3595059568,390727.83190667606,0.35,354.0,,,,,,,,,,,,0,
33,21,necessity,-55581.54047994758,7311.2,2723.6048684553703,26344.32730396672,0.1,24.0,208.0,,,3542.0,658608.1825991679,714189.7230791155,0.35,354.0,,,,,,,,,,,,0,
34,21,necessity,175781.98073204095,7457.2,1490.063761536579,23604.575526613207,0.1,23.0,710.0,,,3542.0,566509.812638717,390727.83190667606,0.35,354.0,,,,,,,,,,,,0,
35,21,necessity,855641.0917823233,7101.2,771.4989851841113,45997.62046482483,0.1,24.0,672.0,,,3542.0,1057945.270690971,202304.1789086477,0.35,354.0,,,,,,,,,,,,0,
36,21,necessity,35192.3018137028,6783.2,1842.9216668576425,21601.97158515512,0.1,23.0,342.0,,,3542.0,518447.31804372283,483255.01623002003,0.35,354.0,,,,,,,,,,,,0,
37,21,necessity,427975.031156666,6795.2,771.4989851841113,27403.443915883207,0.1,24.0,831.0,,,3542.0,630279.2100653137,202304.1789086477,0.35,354.0,,,,,,,,,,,,0,
38,21,necessity,157842.54099927633,6318.2,1842.9906902168973,26713.15236199986,0.1,23.0,249.0,,,3542.0,641115.6566879966,483273.11568872025,0.35,354.0,,,,,,,,,,,,0,
39,21,necessity,256600.50295535973,6423.2,771.4989851841113,19952.37747234815,0.1,22.0,708.0,,,3542.0,458904.68186400743,202304.1789086477,0.35,354.0,,,,,,,,,,,,0,
40,21,necessity,-845934.515322825,6069.2,5309.068701739319,24828.240068652314,0.1,23.0,153.0,,,3542.0,546221.2815103509,1392155.796833176,0.35,354.0,,,,,,,,,,,,0,
41,21,necessity,591361.5347126897,6270.2,842.5143153661331,35316.848320265904,0.1,24.0,718.0,,,3542.0,812287.5113661159,220925.97665342625,0.35,354.0,,,,,,,,,,,,0,
4,22,necessity,-148873.2859129664,4241.4,1041.673521690281,10308.199784591485,0.1,29.0,468.0,,,5674.0,288629.59396856156,437502.879881528,0.35,567.0,,,,,,,,,,,,0,
5,22,necessity,-169074.7506401919,4340.4,1563.280851507756,16810.455453484534,0.1,30.0,256.0,,,5674.0,487503.2081510515,656577.9587912434,0.35,567.0,,,,,,,,,,,,0,
6,22,necessity,-515432.50143510924,4651.4,2180.077137633864,13339.996599532851,0.1,29.0,196.0,,,5674.0,400199.89798598556,915632.3994210948,0.35,567.0,,,,,,,,,,,,0,
7,22,necessity,-229821.0637638538,5022.4,1564.5623370979906,14734.31444745646,0.1,30.0,513.0,,,5674.0,427295.1189762373,657116.1827400911,0.35,567.0,,,,,,,,,,,,0,
8,22,necessity,-108779.0676739827,5076.4,2169.9989166615364,26754.015964375638,0.1,31.0,130.0,,,5674.0,802620.4789312691,911399.5466052518,0.35,567.0,,,,,,,,,,,,0,
9,22,necessity,-1002993.9940271066,5513.4,3059.747264111017,9099.995456967734,0.1,30.0,139.0,,,5674.0,282099.85916599975,1285093.8531931064,0.35,567.0,,,,,,,,,,,,0,
10,22,necessity,-486094.67689382046,5941.4,2169.9989166615364,14176.828990381046,0.1,31.0,350.0,,,5674.0,425304.8697114314,911399.5466052518,0.35,567.0,,,,,,,,,,,,0,
11,22,necessity,-560705.92143607,6158.4,3143.3465236647694,24499.98776875928,0.1,32.0,243.0,,,5674.0,759499.6208315378,1320205.5422676078,0.35,567.0,,,,,,,,,,,,0,
12,22,necessity,-732089.5539735261,6482.4,3561.7208490136986,23869.787664079344,0.1,31.0,190.0,,,5674.0,763833.205250539,1495922.759224065,0.35,567.0,,,,,,,,,,,,0,
13,22,necessity,-410389.8022491066,6859.4,2588.3732420104666,21829.901977825895,0.1,30.0,236.0,,,5674.0,676726.9613126027,1087116.7635617093,0.35,567.0,,,,,,,,,,,,0,
14,22,necessity,-221977.31458207848,7190.4,1982.9366624469208,20361.86950381567,0.1,29.0,447.0,,,5674.0,610856.0851144701,832833.3996965486,0.35,567.0,,,,,,,,,,,,0,
15,22,necessity,312593.7290470764,7310.4,1366.140376320813,30564.57545219909,0.1,30.0,819.0,,,5674.0,886372.6881137736,573778.9590666972,0.35,567.0,,,,,,,,,,,,0,
16,22,necessity,307944.4380421346,7058.4,1930.7726874628793,37295.63227355819,0.1,31.0,135.0,,,5674.0,1118868.9682067458,810924.5301646112,0.35,567.0,,,,,,,,,,,,0,
17,22,necessity,-786675.4422100475,7490.4,2493.642269453319,8408.203638951249,0.1,30.0,366.0,,,5674.0,260654.3128074887,1047329.7550175362,0.35,567.0,,,,,,,,,,,,0,
18,22,necessity,101748.5404553035,7691.4,1930.7726874628793,30422.43568733049,0.1,31.0,177.0,,,5674.0,912673.0706199147,810924.5301646112,0.35,567.0,,,,,,,,,,,,0,
19,22,necessity,-720164.8186351589,8081.4,2528.360910579116,11024.089215513859,0.1,30.0,427.0,,,5674.0,341746.76568092965,1061911.5843160886,0.35,567.0,,,,,,,,,,,,0,
20,22,necessity,254844.09559910814,8221.4,1963.7285994370495,35987.00362724275,0.1,31.0,364.0,,,5674.0,1079610.1088172826,824766.0132181745,0.35,567.0,,,,,,,,,,,,0,
21,22,necessity,-334227.1847029434,8424.4,2497.6771263045202,23057.974522422133,0.1,30.0,182.0,,,5674.0,714797.2101950861,1049024.3948980295,0.35,567.0,,,,,,,,,,,,0,
22,22,necessity,-370188.77623075177,8809.4,1963.7285994370495,15152.574566247424,0.1,29.0,175.0,,,5674.0,454577.2369874227,824766.0132181745,0.35,567.0,,,,,,,,,,,,0,
23,22,necessity,-230126.4541652135,9201.4,1366.140376320813,11850.08637591323,0.1,28.0,525.0,,,5674.0,343652.50490148365,573778.9590666972,0.35,567.0,,,,,,,,,,,,0,
24,22,necessity,319161.95545818715,9243.4,947.7660509718828,25615.132056015245,0.1,29.0,664.0,,,5674.0,717223.6975684268,398061.7421102397,0.35,567.0,,,,,,,,,,,,0,
25,22,necessity,5110.454529329785,9146.4,1486.205243369304,21700.574408459663,0.1,28.0,232.0,,,5674.0,629316.6578453302,624206.2033160004,0.35,567.0,,,,,,,,,,,,0,
26,22,necessity,-53262.12564856117,9481.4,947.7660509718828,12314.27201648852,0.1,27.0,1001.0,,,5674.0,344799.6164616785,398061.7421102397,0.35,567.0,,,,,,,,,,,,0,
27,22,necessity,727848.9923976383,9047.4,525.8686291325813,35137.548778624245,0.1,28.0,1586.0,,,5674.0,948713.8170228547,220864.82462521645,0.35,567.0,,,,,,,,,,,,0,
28,22,necessity,384246.5339906148,8028.4,1070.9074071914151,29786.701635866924,0.1,27.0,292.0,,,5674.0,834027.6458042739,449781.1118136591,0.35,567.0,,,,,,,,,,,,0,
29,22,necessity,91840.13827467678,8303.4,525.8686291325813,11581.665292588637,0.1,26.0,1149.0,,,5674.0,312704.96289989323,220864.82462521645,0.35,567.0,,,,,,,,,,,,0,
30,22,necessity,-1012244.6908421651,7721.4,3848.732721106162,23239.348264359072,0.1,27.0,88.0,,,5674.0,604223.0548733359,1616467.745715501,0.35,567.0,,,,,,,,,,,,0,
31,22,necessity,147648.6935359148,8200.4,454.85663234403955,12544.017757679343,0.1,26.0,2217.0,,,5674.0,338688.47945734224,191039.78592142745,0.35,567.0,,,,,,,,,,,,0,
32,22,necessity,-608050.5918087653,6550.4,3848.732721106162,38785.27515025907,0.1,27.0,231.0,,,5674.0,1008417.1539067357,1616467.745715501,0.35,567.0,,,,,,,,,,,,0,
33,22,necessity,725099.0458841458,6886.4,390.37669619573745,32928.04661390827,0.1,26.0,1105.0,,,5674.0,889057.2585755234,163958.21269137764,0.35,567.0,,,,,,,,,,,,0,
34,22,necessity,-1185101.4964192112,6348.4,3848.732721106162,16591.00958831884,0.1,25.0,96.0,,,5674.0,431366.24929628987,1616467.745715501,0.35,567.0,,,,,,,,,,,,0,
35,22,necessity,-1184886.4044893095,6819.4,3700.8684356526596,14779.133649047662,0.1,24.0,217.0,,,5674.0,369478.34122619155,1554364.745715501,0.35,567.0,,,,,,,,,,,,0,
36,22,necessity,-689173.2951788739,7169.4,3553.0041501991577,33462.018772359464,0.1,25.0,120.0,,,5674.0,803088.4505366271,1492261.745715501,0.35,567.0,,,,,,,,,,,,0,
37,22,necessity,235598.37235294594,7616.4,454.1955365107425,17054.419920955956,0.1,24.0,824.0,,,5674.0,426360.4980238989,190762.12567095298,0.35,567.0,,,,,,,,,,,,0,
38,22,necessity,-1118004.6236306492,7359.4,3553.0041501991577,15594.046753535493,0.1,23.0,264.0,,,5674.0,374257.12208485184,1492261.745715501,0.35,567.0,,,,,,,,,,,,0,
39,22,necessity,-492165.65006292344,7662.4,3405.1398647456554,40782.30850663381,0.1,24.0,175.0,,,5674.0,937993.0956525776,1430158.745715501,0.35,567.0,,,,,,,,,,,,0,
40,22,necessity,431304.7625869353,8054.4,391.8921748887237,24829.14484710374,0.1,23.0,3120.0,,,5674.0,595899.4763304897,164594.71374355443,0.35,567.0,,,,,,,,,,,,0,
41,22,necessity,-207455.16006268305,5501.4,3405.1398647456554,53161.025463166,0.1,24.0,132.0,,,5674.0,1222703.585652818,1430158.745715501,0.35,567.0,,,,,,,,,,,,0,
