data/saved_data/run_2025_05_07_1155_monitoring_demand_but_no_zeros/firm_data.csv
Step,AgentID,FirmType,Profit,Inventory,ProductPrice,RevenuePerEmployee,ProductionLevel,NumEmployees,DemandReceived,InventoryDemandRatio,SellThroughRate,ProductionCapacity,Revenue,Costs,Markup,ProducedUnits,IncomeBracket,NumPeople,SpendRatio,PostTaxIncome,HouseholdExpense,HouseholdSavings,HealthLevel,Welfare,SkillLevel,SkillType,JobLevel,IsEmployed,Wage
4,23,necessity,-195509.1321079638,6176.4,749.6324952564637,5248.454528713204,0.1,32.0,2146.0,,,6644.0,173198.99944753572,368708.1315554995,0.35,664.0,,,,,,,,,,,,0,
5,23,necessity,1453332.7744016498,4694.4,315.9052051948322,50272.2292131366,0.1,33.0,2349.0,,,6644.0,1608711.3348203711,155378.56041872132,0.35,664.0,,,,,,,,,,,,0,
6,23,necessity,366117.2553559232,3009.3999999999996,764.3441204198068,22486.70687886851,0.1,32.0,188.0,,,6644.0,742061.3270026608,375944.07164673763,0.35,664.0,,,,,,,,,,,,0,
7,23,necessity,-11681.865779797634,3485.3999999999996,315.9052051948322,4490.521707466365,0.1,31.0,3366.0,,,6644.0,143696.69463892368,155378.56041872132,0.35,664.0,,,,,,,,,,,,0,
13,23,necessity,341805.9826507515,5377.0,300.2650525403574,16316.396833717945,0.1,29.0,864.0,,,6644.0,489491.90501153836,147685.9223607869,0.35,664.0,,,,,,,,,,,,0,
14,23,necessity,-1346891.6285647727,5177.0,3265.8627297886346,8945.827772236855,0.1,28.0,78.0,,,6644.0,259429.0053948688,1606320.6339596414,0.35,664.0,,,,,,,,,,,,0,
15,23,necessity,-1296267.3410361279,5763.0,3153.3979709218647,9097.760461554053,0.1,29.0,135.0,,,6644.0,254737.2929235135,1551004.6339596414,0.35,664.0,,,,,,,,,,,,0,
16,23,necessity,267516.040590829,6292.0,321.62669439949406,14679.611243946612,0.1,30.0,895.0,,,6644.0,425708.72607445176,158192.68548362274,0.35,664.0,,,,,,,,,,,,0,
17,23,necessity,-87578.32036616805,6061.0,763.3075078903736,9595.19638291824,0.1,29.0,566.0,,,6644.0,287855.8914875472,375434.21185371524,0.35,664.0,,,,,,,,,,,,0,
18,23,necessity,273839.3639823287,6159.0,321.62669439949406,14897.656878136257,0.1,30.0,2328.0,,,6644.0,432032.04946595145,158192.68548362274,0.35,664.0,,,,,,,,,,,,0,
19,23,necessity,369873.46248279116,4495.0,770.3000000552136,24958.231485400738,0.1,31.0,373.0,,,6644.0,748746.9445620221,378873.48207923095,0.35,664.0,,,,,,,,,,,,0,
20,23,necessity,-230825.17568872723,4786.0,1053.4616734248839,9268.448387761118,0.1,30.0,271.0,,,6644.0,287321.90002059465,518147.0757093219,0.35,664.0,,,,,,,,,,,,0,
21,23,necessity,-11978.165615570091,5179.0,604.7883677691643,9516.270449938118,0.1,31.0,666.0,,,6644.0,285488.11349814356,297466.27911371365,0.35,664.0,,,,,,,,,,,,0,
22,23,necessity,-95226.02158621332,5177.0,1012.5306469730617,12993.195255943981,0.1,32.0,597.0,,,6644.0,402789.0529342634,498015.07452047674,0.35,664.0,,,,,,,,,,,,0,
23,23,necessity,-100911.91675012722,5244.0,1434.156869136226,18890.024882591184,0.1,33.0,320.0,,,6644.0,604480.7962429179,705392.7129930451,0.35,664.0,,,,,,,,,,,,0,
24,23,necessity,-579317.1960155126,5588.0,2110.8945481579776,13906.97570071492,0.1,32.0,202.0,,,6644.0,458930.19812359236,1038247.3941391049,0.35,664.0,,,,,,,,,,,,0,
25,23,necessity,-278992.01426513365,6050.0,1434.156869136226,13325.021835247233,0.1,31.0,573.0,,,6644.0,426400.69872791145,705392.7129930451,0.35,664.0,,,,,,,,,,,,0,
26,23,necessity,316927.96842877555,6141.0,1026.4145899323285,26508.77051661476,0.1,32.0,896.0,,,6644.0,821771.8860150576,504843.917586282,0.35,664.0,,,,,,,,,,,,0,
27,23,necessity,204521.3017098721,5909.0,1453.98694159613,28739.608518105197,0.1,33.0,691.0,,,6644.0,919667.4725793663,715146.1708694942,0.35,664.0,,,,,,,,,,,,0,
28,23,necessity,-45081.563997680205,5882.0,2134.3551622446735,30445.605352815935,0.1,34.0,215.0,,,6644.0,1004704.9766429259,1049786.540640606,0.35,664.0,,,,,,,,,,,,0,
29,23,necessity,-750602.6086576036,6331.0,2459.0513630575756,13496.657643606024,0.1,33.0,278.0,,,6644.0,458886.3598826048,1209488.9685402084,0.35,664.0,,,,,,,,,,,,0,
30,23,necessity,-191232.31983909034,6717.0,1778.6831424090315,20715.644816060787,0.1,34.0,343.0,,,6644.0,683616.278930006,874848.5987690963,0.35,664.0,,,,,,,,,,,,0,
31,23,necessity,-610362.1449040419,7038.0,2481.3375334813572,17943.774054302874,0.1,33.0,219.0,,,6644.0,610088.3178462978,1220450.4627503396,0.35,664.0,,,,,,,,,,,,0,
32,23,necessity,-331435.67893667903,7483.0,1778.6831424090315,16467.058176739916,0.1,32.0,274.0,,,6644.0,543412.9198324173,874848.5987690963,0.35,664.0,,,,,,,,,,,,0,
33,23,necessity,-180111.7792764533,7873.0,1357.0569202458673,15229.974406877333,0.1,31.0,782.0,,,6644.0,487359.18102007464,667470.960296528,0.35,664.0,,,,,,,,,,,,0,
34,23,necessity,604049.8046189526,7755.0,929.4845685820659,34232.85521394414,0.1,32.0,744.0,,,6644.0,1061218.5116322683,457168.70701331575,0.35,664.0,,,,,,,,,,,,0,
35,23,necessity,11911.39244851761,7675.0,1381.7679510490366,21610.51621953303,0.1,31.0,517.0,,,6644.0,691536.519025057,679625.1265765394,0.35,664.0,,,,,,,,,,,,0,
36,23,necessity,257205.3236790361,7822.0,929.4845685820659,23044.32357072103,0.1,32.0,930.0,,,6644.0,714374.0306923519,457168.70701331575,0.35,664.0,,,,,,,,,,,,0,
37,23,necessity,195329.9547002985,7556.0,1360.3500536882993,27013.14527441629,0.1,33.0,737.0,,,6644.0,864420.6487813212,669090.6940810228,0.35,664.0,,,,,,,,,,,,0,
38,23,necessity,75969.35550707532,7483.0,1883.918153763108,30381.151199038683,0.1,34.0,228.0,,,6644.0,1002577.9895682766,926608.6340612012,0.35,664.0,,,,,,,,,,,,0,
39,23,necessity,-833016.1936721577,7919.0,2566.9305220162155,12633.333501705547,0.1,33.0,244.0,,,6644.0,429533.3390579886,1262549.5327301463,0.35,664.0,,,,,,,,,,,,0,
40,23,necessity,-300277.5866892446,8339.0,1883.918153763108,18979.72870824111,0.1,34.0,317.0,,,6644.0,626331.0473719566,926608.6340612012,0.35,664.0,,,,,,,,,,,,0,
41,23,necessity,-666213.6775803018,8686.0,2568.691620583792,17564.7663159678,0.1,33.0,188.0,,,6644.0,597202.0547429052,1263415.732323207,0.35,664.0,,,,,,,,,,,,0,
4,25,necessity,83879.51977334754,0.0,854.7860732098591,9464.988608839314,0.1,50.0,1573.0,,,6003.0,463784.4418331264,379904.9220597789,0.35,600.0,,,,,,,,,,,,0,
26,25,necessity,23588.747113065445,5822.0,1427.6366287537828,12903.802284423306,0.1,52.0,503.0,,,6003.0,658093.9165055886,634505.1693925231,0.35,600.0,,,,,,,,,,,,0,
27,25,necessity,-174273.4939249372,5919.0,2007.8431125767975,13809.638928137554,0.1,53.0,418.0,,,6003.0,718101.2242631528,892374.71818809,0.35,600.0,,,,,,,,,,,,0,
28,25,necessity,-290664.3612215605,6101.0,2542.3712558897037,15835.44190673776,0.1,54.0,123.0,,,6003.0,839278.4210571013,1129942.7822786618,0.35,600.0,,,,,,,,,,,,0,
29,25,necessity,-1077971.1844703744,6578.0,3129.036404910757,5790.956749526547,0.1,53.0,309.0,,,6003.0,312711.6644744336,1390682.848944808,0.35,600.0,,,,,,,,,,,,0,
30,25,necessity,-186242.53573681216,6869.0,2594.508261597851,18242.872624857053,0.1,54.0,154.0,,,6003.0,966872.2491174239,1153114.784854236,0.35,600.0,,,,,,,,,,,,0,
31,25,necessity,-981724.8272219384,7315.0,3107.8779687132205,7399.153190482761,0.1,53.0,255.0,,,6003.0,399554.27228606906,1381279.0995080075,0.35,600.0,,,,,,,,,,,,0,
32,25,necessity,-360605.9028323648,7660.0,2594.508261597851,14952.997773997571,0.1,54.0,407.0,,,6003.0,792508.8820218713,1153114.784854236,0.35,600.0,,,,,,,,,,,,0,
33,25,necessity,-359620.36300321994,7853.0,3185.066752007033,19554.90486056158,0.1,55.0,144.0,,,6003.0,1055964.8624703253,1415585.2254735453,0.35,600.0,,,,,,,,,,,,0,
34,25,necessity,-1296485.587766753,8309.0,3949.0541935437163,8339.083859800232,0.1,54.0,157.0,,,6003.0,458649.61228901276,1755135.200055766,0.35,600.0,,,,,,,,,,,,0,
35,25,necessity,-795583.7170871818,8752.0,3185.066752007033,11481.509414562288,0.1,55.0,153.0,,,6003.0,620001.5083863635,1415585.2254735453,0.35,600.0,,,,,,,,,,,,0,
36,25,necessity,-1329014.7306927948,9199.0,4086.7423666259724,8860.276601037745,0.1,54.0,126.0,,,6003.0,487315.21305707603,1816329.9437498709,0.35,600.0,,,,,,,,,,,,0,
37,25,necessity,-900655.6872786728,9673.0,3185.066752007033,9535.732188793934,0.1,55.0,153.0,,,6003.0,514929.5381948725,1415585.2254735453,0.35,600.0,,,,,,,,,,,,0,
38,25,necessity,-1294902.0650398512,10120.0,4009.988869034772,8860.276601037745,0.1,54.0,233.0,,,6003.0,487315.21305707603,1782217.2780969273,0.35,600.0,,,,,,,,,,,,0,
39,25,necessity,-481257.81898844335,10487.0,3185.066752007033,17302.35937935374,0.1,55.0,180.0,,,6003.0,934327.4064851019,1415585.2254735453,0.35,600.0,,,,,,,,,,,,0,
40,25,necessity,-1195197.8097820887,10907.0,3979.147099940637,10423.854824750288,0.1,54.0,200.0,,,6003.0,573312.0153612659,1768509.8251433547,0.35,600.0,,,,,,,,,,,,0,
41,25,necessity,-619755.8054854178,11307.0,3185.066752007033,14737.581851631989,0.1,55.0,351.0,,,6003.0,795829.4199881274,1415585.2254735453,0.35,600.0,,,,,,,,,,,,0,
4,26,necessity,-94747.9568207066,3343.0,940.7149719395462,7215.475871458236,0.1,49.0,1161.0,,,6330.0,346342.84182999533,441090.79865070194,0.35,633.0,,,,,,,,,,,,0,
5,26,necessity,488140.8010304844,2815.0,1288.2141051975984,22289.185355547208,0.1,50.0,667.0,,,6330.0,1092170.0824218132,604029.2813913288,0.35,633.0,,,,,,,,,,,,0,
6,26,necessity,-23440.047231078148,2781.0,1882.4904469267658,17184.776163335962,0.1,49.0,305.0,,,6330.0,859238.8081667982,882678.8553978764,0.35,633.0,,,,,,,,,,,,0,
7,26,necessity,-32374.44043969491,3109.0,1293.555979181877,11717.542577809461,0.1,48.0,555.0,,,6330.0,574159.5863126636,606534.0267523585,0.35,633.0,,,,,,,,,,,,0,
8,26,necessity,390039.11570013076,3187.0,699.2796374527097,14956.741009290454,0.1,49.0,1811.0,,,6330.0,717923.5684459418,327884.452745811,0.35,633.0,,,,,,,,,,,,0,
9,26,necessity,684486.7644459304,2009.0,1241.037422406341,25844.80455973178,0.1,50.0,672.0,,,6330.0,1266395.4234268572,581908.6589809268,0.35,633.0,,,,,,,,,,,,0,
10,26,necessity,-3547.313238802366,1970.0,1786.1896061504365,16679.542957141224,0.1,49.0,544.0,,,6330.0,833977.1478570611,837524.4610958635,0.35,633.0,,,,,,,,,,,,0,
11,26,necessity,388186.8908850899,2059.0,1244.431821196805,19830.34991318036,0.1,50.0,507.0,,,6330.0,971687.1457458375,583500.2548607476,0.35,633.0,,,,,,,,,,,,0,
12,26,necessity,-209001.87758705718,2185.0,1791.3173664602891,12618.538666935603,0.1,49.0,576.0,,,6330.0,630926.9333467801,839928.8109338373,0.35,633.0,,,,,,,,,,,,0,
13,26,necessity,447485.79426222574,2242.0,1246.1651827161943,21057.11843022707,0.1,50.0,667.0,,,6330.0,1031798.8030811265,584313.0088189008,0.35,633.0,,,,,,,,,,,,0,
14,26,necessity,-14742.83409703942,2208.0,1804.1267977941131,16623.843537434033,0.1,49.0,656.0,,,6330.0,831192.1768717016,845935.010968741,0.35,633.0,,,,,,,,,,,,0,
15,26,necessity,594000.7244572869,2185.0,1257.2412525306288,24153.2077418967,0.1,50.0,444.0,,,6330.0,1183507.1793529382,589506.4548956513,0.35,633.0,,,,,,,,,,,,0,
16,26,necessity,-289582.5658378301,2374.0,1808.0993188622913,11164.302322471985,0.1,49.0,422.0,,,6330.0,558215.1161235992,847797.6819614293,0.35,633.0,,,,,,,,,,,,0,
17,26,necessity,173511.4576642356,2585.0,1257.2412525306288,15571.794133875243,0.1,50.0,227.0,,,6330.0,763017.9125598869,589506.4548956513,0.35,633.0,,,,,,,,,,,,0,
18,26,necessity,-598912.7112231449,2991.0,1885.9616747287444,5707.875286489055,0.1,49.0,272.0,,,6330.0,285393.7643244527,884306.4755475976,0.35,633.0,,,,,,,,,,,,0,
19,26,necessity,-109702.89787153882,3352.0,1328.000059650825,10469.01174543303,0.1,50.0,774.0,,,6330.0,512981.57552621845,622684.4733977573,0.35,633.0,,,,,,,,,,,,0,
20,26,necessity,146552.5851794897,3211.0,1879.5912645454107,20557.440923394774,0.1,51.0,274.0,,,6330.0,1027872.0461697386,881319.460990249,0.35,633.0,,,,,,,,,,,,0,
21,26,necessity,-828136.8365086479,3570.0,2864.5269118127885,10098.196205596912,0.1,50.0,210.0,,,6330.0,515008.0064854425,1343144.8429940904,0.35,633.0,,,,,,,,,,,,0,
22,26,necessity,-279768.8095095634,3993.0,1879.5912645454107,12031.013029613712,0.1,51.0,228.0,,,6330.0,601550.6514806856,881319.460990249,0.35,633.0,,,,,,,,,,,,0,
23,26,necessity,-868142.3479785488,4398.0,2765.4508028952096,8402.878594438307,0.1,50.0,60.0,,,6330.0,428546.80831635365,1296689.1562949026,0.35,633.0,,,,,,,,,,,,0,
24,26,necessity,-715392.4128165364,4971.0,1879.5912645454107,3318.5409634742514,0.1,49.0,228.0,,,6330.0,165927.04817371257,881319.460990249,0.35,633.0,,,,,,,,,,,,0,
25,26,necessity,-194137.66508140363,5376.0,1328.000059650825,8745.853230945993,0.1,50.0,214.0,,,6330.0,428546.80831635365,622684.4733977573,0.35,633.0,,,,,,,,,,,,0,
26,26,necessity,-581391.7084627678,5795.0,1846.031630034484,5683.840255305531,0.1,49.0,480.0,,,6330.0,284192.01276527654,865583.7212280444,0.35,633.0,,,,,,,,,,,,0,
27,26,necessity,263410.70901879494,5948.0,1328.000059650825,18083.575151358207,0.1,50.0,561.0,,,6330.0,886095.1824165522,622684.4733977573,0.35,633.0,,,,,,,,,,,,0,
28,26,necessity,-128980.43747764663,6020.0,1863.9564516704881,14900.160669282259,0.1,49.0,427.0,,,6330.0,745008.0334641129,873988.4709417595,0.35,633.0,,,,,,,,,,,,0,
29,26,necessity,173224.93146554113,6226.0,1328.000059650825,16243.049078842825,0.1,50.0,308.0,,,6330.0,795909.4048632984,622684.4733977573,0.35,633.0,,,,,,,,,,,,0,
30,26,necessity,-450267.63599203853,6551.0,1832.6125301097197,8180.480367449082,0.1,49.0,437.0,,,6330.0,409024.0183724541,859291.6543644926,0.35,633.0,,,,,,,,,,,,0,
31,26,necessity,178167.20226019027,6747.0,1328.000059650825,16343.911748121378,0.1,50.0,495.0,,,6330.0,800851.6756579475,622684.4733977573,0.35,633.0,,,,,,,,,,,,0,
32,26,necessity,-213439.65350560262,6885.0,1857.155719173889,13147.200590543167,0.1,49.0,192.0,,,6330.0,657360.0295271584,870799.683032761,0.35,633.0,,,,,,,,,,,,0,
33,26,necessity,-266110.5753163706,7326.0,1328.000059650825,7277.018328191565,0.1,48.0,366.0,,,6330.0,356573.8980813867,622684.4733977573,0.35,633.0,,,,,,,,,,,,0,
34,26,necessity,158163.56908639095,7593.0,699.2796374527097,10126.000454837542,0.1,49.0,494.0,,,6330.0,486048.021832202,327884.452745811,0.35,633.0,,,,,,,,,,,,0,
35,26,necessity,-216568.17521434667,7732.0,1198.6044637566756,7049.880426564053,0.1,48.0,96.0,,,6330.0,345444.1409016386,562012.3161159853,0.35,633.0,,,,,,,,,,,,0,
36,26,necessity,-212818.42422517017,8269.0,699.2796374527097,2397.2089275133512,0.1,47.0,781.0,,,6330.0,115066.02852064086,327884.452745811,0.35,633.0,,,,,,,,,,,,0,
37,26,necessity,381191.42684538214,8121.0,351.7805041946573,11619.944613841835,0.1,48.0,2443.0,,,6330.0,546137.3968505663,164945.97000518412,0.35,633.0,,,,,,,,,,,,0,
38,26,necessity,438804.75490635715,6311.0,897.0035890025337,17904.161911407245,0.1,49.0,480.0,,,6330.0,859399.7717475478,420595.01684119063,0.35,633.0,,,,,,,,,,,,0,
39,26,necessity,-156629.937775334,6464.0,1252.304487232288,8786.973933086045,0.1,48.0,575.0,,,6330.0,430561.72272121615,587191.6604965501,0.35,633.0,,,,,,,,,,,,0,
40,26,necessity,388532.466498022,6522.0,707.0814024244116,15001.564169970117,0.1,49.0,772.0,,,6330.0,720075.0801585657,331542.61366054363,0.35,633.0,,,,,,,,,,,,0,
41,26,necessity,-19956.00266727165,6383.0,1206.7311848353988,11140.139646360118,0.1,48.0,448.0,,,6330.0,545866.8426716458,565822.8453389175,0.35,633.0,,,,,,,,,,,,0,
