data/saved_data/run_2025_05_07_1155_monitoring_demand_but_no_zeros/firm_data.csv
Step,AgentID,FirmType,Profit,Inventory,ProductPrice,RevenuePerEmployee,ProductionLevel,NumEmployees,DemandReceived,InventoryDemandRatio,SellThroughRate,ProductionCapacity,Revenue,Costs,Markup,ProducedUnits,IncomeBracket,NumPeople,SpendRatio,PostTaxIncome,HouseholdExpense,HouseholdSavings,HealthLevel,Welfare,SkillLevel,SkillType,JobLevel,IsEmployed,Wage
4,30,necessity,-63623.08267050289,3276.2999999999993,1063.2143398502149,11887.977283857581,0.1,35.0,135.0,,,5943.0,404191.22765115777,467814.31032166065,0.35,594.0,,,,,,,,,,,,0,
5,30,necessity,-513324.17303493037,3735.2999999999993,1492.8593359292902,4100.969596565114,0.1,34.0,249.0,,,5943.0,143533.93587977902,656858.1089147094,0.35,594.0,,,,,,,,,,,,0,
6,30,necessity,-15734.256801452779,4080.2999999999993,880.5823427171883,10932.999254305685,0.1,35.0,653.0,,,5943.0,371721.97464639327,387456.23144784605,0.35,594.0,,,,,,,,,,,,0,
7,30,necessity,-62214.12807550724,4021.2999999999993,1448.2599927205592,16429.150565552114,0.1,36.0,256.0,,,5943.0,575020.269794324,637234.3978698312,0.35,594.0,,,,,,,,,,,,0,
8,30,necessity,-590462.63293028,4359.299999999999,2184.584521473937,10298.737726012865,0.1,35.0,39.0,,,5943.0,370754.55813646317,961217.1910667431,0.35,594.0,,,,,,,,,,,,0,
9,30,necessity,-626240.2283072743,4914.299999999999,1616.906871470566,2434.251323928101,0.1,34.0,318.0,,,5943.0,85198.79633748354,711439.0246447579,0.35,594.0,,,,,,,,,,,,0,
10,30,necessity,126720.15367979399,5190.299999999999,880.5823427171883,15122.834856695295,0.1,35.0,425.0,,,5943.0,514176.38512764004,387456.23144784605,0.35,594.0,,,,,,,,,,,,0,
11,30,necessity,-284395.2362820815,5359.299999999999,1496.915297336501,10692.785590137288,0.1,34.0,306.0,,,5943.0,374247.49565480504,658642.7319368866,0.35,594.0,,,,,,,,,,,,0,
12,30,necessity,70599.84953712329,5647.299999999999,880.5823427171883,13472.23767602851,0.1,35.0,685.0,,,5943.0,458056.08098496933,387456.23144784605,0.35,594.0,,,,,,,,,,,,0,
13,30,necessity,-47526.709024671465,5556.299999999999,1478.9218470237452,17234.254421750684,0.1,36.0,272.0,,,5943.0,603198.904761274,650725.6137859455,0.35,594.0,,,,,,,,,,,,0,
14,30,necessity,-529492.7987757446,5878.299999999999,2117.635317267238,11174.076177512741,0.1,35.0,255.0,,,5943.0,402266.7423904587,931759.5411662033,0.35,594.0,,,,,,,,,,,,0,
15,30,necessity,-128493.15292495815,6217.299999999999,1519.2958129606807,15428.485882947018,0.1,36.0,399.0,,,5943.0,539997.0059031456,668490.1588281038,0.35,594.0,,,,,,,,,,,,0,
16,30,necessity,-322068.42435045575,6412.299999999999,2109.698754906881,16838.861926980877,0.1,37.0,122.0,,,5943.0,606199.0293713115,928267.4537217673,0.35,594.0,,,,,,,,,,,,0,
17,30,necessity,-1119026.453623039,6884.299999999999,3128.203862282933,6956.304002665931,0.1,36.0,165.0,,,5943.0,257383.24809863945,1376409.7017216785,0.35,594.0,,,,,,,,,,,,0,
18,30,necessity,-412113.8164450833,7313.299999999999,2109.698754906881,14337.601035463444,0.1,37.0,176.0,,,5943.0,516153.637276684,928267.4537217673,0.35,594.0,,,,,,,,,,,,0,
19,30,necessity,-944079.444888864,7731.299999999999,2989.514598950045,10035.323807124623,0.1,36.0,161.0,,,5943.0,371306.98086361104,1315386.425752475,0.35,594.0,,,,,,,,,,,,0,
20,30,necessity,-446955.60329081,8164.299999999999,2109.698754906881,13369.773623082147,0.1,37.0,244.0,,,5943.0,481311.8504309573,928267.4537217673,0.35,594.0,,,,,,,,,,,,0,
21,30,necessity,-842890.0786162869,8514.3,3085.5831193817016,13912.608005331862,0.1,38.0,230.0,,,5943.0,514766.4961972789,1357656.5748135657,0.35,594.0,,,,,,,,,,,,0,
22,30,necessity,-813391.5936011606,8878.3,3461.5357011246624,18675.897827836616,0.1,39.0,195.0,,,5943.0,709684.1174577913,1523075.711058952,0.35,594.0,,,,,,,,,,,,0,
23,30,necessity,-1093811.1587059272,9277.3,4020.024130562366,17307.678505623313,0.1,38.0,217.0,,,5943.0,674999.4617193092,1768810.6204252364,0.35,594.0,,,,,,,,,,,,0,
24,30,necessity,-467076.2630014046,9654.3,3044.1397660875446,22956.45358768509,0.1,39.0,121.0,,,5943.0,872345.2363320334,1339421.499333438,0.35,594.0,,,,,,,,,,,,0,
25,30,necessity,-1366734.4590426222,10127.3,3943.353108677756,9444.638761451099,0.1,38.0,280.0,,,5943.0,368340.91169659287,1735075.370739215,0.35,594.0,,,,,,,,,,,,0,
26,30,necessity,-235282.62890366628,10441.3,3044.1397660875446,29056.28606394136,0.1,39.0,203.0,,,5943.0,1104138.8704297717,1339421.499333438,0.35,594.0,,,,,,,,,,,,0,
27,30,necessity,-1128589.7878773604,10832.3,3969.432176029118,15845.137756814654,0.1,38.0,207.0,,,5943.0,617960.3725157715,1746550.160393132,0.35,594.0,,,,,,,,,,,,0,
28,30,necessity,-517749.0388954105,11219.3,3044.1397660875446,21622.95948521125,0.1,39.0,168.0,,,5943.0,821672.4604380275,1339421.499333438,0.35,594.0,,,,,,,,,,,,0,
29,30,necessity,-1238627.8886130233,11645.3,3977.3712872034776,13113.217453915577,0.1,38.0,178.0,,,5943.0,511415.4807027075,1750043.3693157309,0.35,594.0,,,,,,,,,,,,0,
30,30,necessity,-631449.410211219,12061.3,3044.1397660875446,18630.84445058471,0.1,39.0,92.0,,,5943.0,707972.089122219,1339421.499333438,0.35,594.0,,,,,,,,,,,,0,
31,30,necessity,-1469256.7369762468,12563.3,3975.721801162095,7181.04765333472,0.1,38.0,148.0,,,5943.0,280060.85848005407,1749317.5954563008,0.35,594.0,,,,,,,,,,,,0,
32,30,necessity,-751014.672761448,13009.3,3044.1397660875446,15484.390172947105,0.1,39.0,252.0,,,5943.0,588406.82657199,1339421.499333438,0.35,594.0,,,,,,,,,,,,0,
33,30,necessity,-980632.5471145931,13351.3,3972.1721936961467,19669.826180873362,0.1,40.0,178.0,,,5943.0,767123.2210540612,1747755.7681686543,0.35,594.0,,,,,,,,,,,,0,
34,30,necessity,-1208784.6922493735,13767.3,4354.162135231779,17676.166261947852,0.1,39.0,170.0,,,5943.0,707046.6504779141,1915831.3427272877,0.35,594.0,,,,,,,,,,,,0,
35,30,necessity,-767289.5109026689,14191.3,3426.1297076231767,18979.681102292372,0.1,40.0,91.0,,,5943.0,740207.5629894024,1507497.0738920714,0.35,594.0,,,,,,,,,,,,0,
36,30,necessity,-1608162.845850056,14694.3,4363.501468208049,7794.445084842727,0.1,39.0,222.0,,,5943.0,311777.80339370907,1919940.649243765,0.35,594.0,,,,,,,,,,,,0,
37,30,necessity,-538799.7479498845,15066.3,3426.1297076231767,24838.392972876587,0.1,40.0,256.0,,,5943.0,968697.3259421869,1507497.0738920714,0.35,594.0,,,,,,,,,,,,0,
38,30,necessity,-1097100.9578652019,15404.3,4486.795817484506,21927.23012878833,0.1,39.0,189.0,,,5943.0,877089.2051515332,1974190.163016735,0.35,594.0,,,,,,,,,,,,0,
39,30,necessity,-659492.6643874997,15809.3,3426.1297076231767,21743.70280780953,0.1,38.0,297.0,,,5943.0,848004.4095045717,1507497.0738920714,0.35,594.0,,,,,,,,,,,,0,
40,30,necessity,-244201.6413617034,16106.3,2867.6412781854733,26777.908504317988,0.1,39.0,180.0,,,5943.0,1017560.5231640835,1261762.1645257869,0.35,594.0,,,,,,,,,,,,0,
4,31,necessity,-309310.6968096604,5929.6,947.8933899430475,6011.410190063597,0.1,23.0,636.0,,,6456.0,144273.84456152632,453584.54137118673,0.35,646.0,,,,,,,,,,,,0,
5,31,necessity,424382.2156861613,5939.6,372.9802988479916,26211.31286972949,0.1,24.0,3547.0,,,6456.0,602860.1960037783,178477.98031761692,0.35,646.0,,,,,,,,,,,,0,
6,31,necessity,886217.408435304,3038.6000000000004,912.6997054462933,55123.38000057609,0.1,25.0,754.0,,,6456.0,1322961.1200138263,436743.7115785223,0.35,646.0,,,,,,,,,,,,0,
7,31,necessity,81922.66255138419,2930.6000000000004,1266.9372050502725,27527.023116260203,0.1,24.0,384.0,,,6456.0,688175.5779065051,606252.9153551209,0.35,646.0,,,,,,,,,,,,0,
8,31,necessity,138516.70264508907,3192.6000000000004,727.2177984519709,20270.99528080436,0.1,23.0,1069.0,,,6456.0,486503.88673930464,347987.18409421557,0.35,646.0,,,,,,,,,,,,0,
9,31,necessity,598917.8462275399,2769.6000000000004,372.9802988479916,33799.8185454416,0.1,24.0,1853.0,,,6456.0,777395.8265451569,178477.98031761692,0.35,646.0,,,,,,,,,,,,0,
10,31,necessity,222675.44908923423,1562.6000000000004,978.9736986590611,28797.187240222018,0.1,23.0,380.0,,,6456.0,691132.4937653284,468457.0446760942,0.35,646.0,,,,,,,,,,,,0,
11,31,necessity,193532.02517282634,1828.6000000000004,372.9802988479916,16174.348064801881,0.1,22.0,541.0,,,6456.0,372010.00549044326,178477.98031761692,0.35,646.0,,,,,,,,,,,,0,
12,31,necessity,-1205722.9510491206,1933.6000000000004,2941.381025137094,9171.924621671067,0.1,21.0,337.0,,,6456.0,201782.34167676346,1407505.2927258841,0.35,646.0,,,,,,,,,,,,0,
13,31,necessity,-352355.8872546834,2242.6000000000004,2807.835514507907,47202.162165295274,0.1,22.0,415.0,,,6456.0,991245.4054712007,1343601.2927258841,0.35,646.0,,,,,,,,,,,,0,
14,31,necessity,1001802.0126090857,2473.6000000000004,341.574504085472,52965.98811458098,0.1,23.0,4647.0,,,6456.0,1165251.7385207815,163449.72591169583,0.35,646.0,,,,,,,,,,,,0,
4,33,necessity,-423240.82857051777,9029.2,1010.4731439018326,1030.44077663971,0.1,27.0,624.0,,,6042.0,28852.341745911883,452093.17031642963,0.35,604.0,,,,,,,,,,,,0,
5,33,necessity,465280.52133596863,9009.2,369.3607156456714,23353.15710350902,0.1,28.0,4840.0,,,6042.0,630535.2417947436,165254.72045877497,0.35,604.0,,,,,,,,,,,,0,
6,33,necessity,1356459.4476382972,4773.200000000001,963.8785774060217,63846.637990180345,0.1,29.0,802.0,,,6042.0,1787705.8637250497,431246.4160867524,0.35,604.0,,,,,,,,,,,,0,
7,33,necessity,177714.8294808371,4575.200000000001,1330.58992488043,26656.228244125152,0.1,28.0,474.0,,,6042.0,773030.6190796294,595315.7895987923,0.35,604.0,,,,,,,,,,,,0,
8,33,necessity,301375.53042250883,4705.200000000001,736.07206312008,22524.986585475854,0.1,27.0,469.0,,,6042.0,630699.6243933239,329324.09397081507,0.35,604.0,,,,,,,,,,,,0,
9,33,necessity,179963.07714454256,4840.200000000001,369.3607156456714,12785.844355678428,0.1,26.0,1248.0,,,6042.0,345217.79760331754,165254.72045877497,0.35,604.0,,,,,,,,,,,,0,
10,33,necessity,-1252704.9941754665,4196.200000000001,3830.2163444147195,17729.31435099223,0.1,27.0,52.0,,,6042.0,460962.17312579794,1713667.1673012644,0.35,604.0,,,,,,,,,,,,0,
11,33,necessity,19317.642940560356,4748.200000000001,401.9906771625267,7376.712959613534,0.1,26.0,1344.0,,,6042.0,199171.2499095654,179853.60696900505,0.35,604.0,,,,,,,,,,,,0,
12,33,necessity,-1173391.6971948284,4008.2000000000007,3830.2163444147195,20779.82577332446,0.1,27.0,163.0,,,6042.0,540275.4701064359,1713667.1673012644,0.35,604.0,,,,,,,,,,,,0,
13,33,necessity,432917.50575652224,4449.200000000001,427.8153532936071,23123.15793109627,0.1,28.0,1211.0,,,6042.0,624325.2641395993,191407.75838307705,0.35,604.0,,,,,,,,,,,,0,
14,33,necessity,66535.1211346534,3842.2000000000007,1009.2574764751888,18503.014029948507,0.1,27.0,340.0,,,6042.0,518084.3928385582,451549.2717039048,0.35,604.0,,,,,,,,,,,,0,
15,33,necessity,151739.78361848713,4106.200000000001,427.8153532936071,12709.168222280154,0.1,26.0,1143.0,,,6042.0,343147.5420015642,191407.75838307705,0.35,604.0,,,,,,,,,,,,0,
16,33,necessity,-1224674.2184866713,3567.2000000000007,3830.2163444147195,18807.421108253573,0.1,27.0,126.0,,,6042.0,488992.9488145929,1713667.1673012644,0.35,604.0,,,,,,,,,,,,0,
17,33,necessity,318445.45502482634,4045.2000000000007,366.9179396266728,17874.342940602026,0.1,26.0,5103.0,,,6042.0,482607.25939625467,164161.80437142836,0.35,604.0,,,,,,,,,,,,0,
22,33,necessity,65880.91856125215,2207.0,368.7378227043151,8879.113542445428,0.1,25.0,6353.0,,,6042.0,230856.95210358113,164976.03354232898,0.35,604.0,,,,,,,,,,,,0,
4,34,necessity,92093.18635890924,876.2000000000007,1311.533483973804,16759.869434755907,0.1,32.0,220.0,,,4402.0,519555.95247743314,427462.7661185239,0.35,440.0,,,,,,,,,,,,0,
7,34,necessity,-350887.02987278166,2098.2000000000007,1961.5644865072009,9013.677909640684,0.1,31.0,349.0,,,4402.0,288437.6931085019,639324.7229812836,0.35,440.0,,,,,,,,,,,,0,
8,34,necessity,332084.4089743157,2189.2000000000007,1081.5389877750058,22083.419541645584,0.1,32.0,504.0,,,4402.0,684586.0057910131,352501.59681669745,0.35,440.0,,,,,,,,,,,,0,
9,34,necessity,-105999.6524652635,2125.2000000000007,1997.6787638921385,17034.23905745634,0.1,31.0,157.0,,,4402.0,545095.6498386029,651095.3023038664,0.35,440.0,,,,,,,,,,,,0,
10,34,necessity,-38866.030885631684,2408.2000000000007,1081.5389877750058,10117.27632035696,0.1,30.0,425.0,,,4402.0,313635.56593106576,352501.59681669745,0.35,440.0,,,,,,,,,,,,0,
11,34,necessity,278009.29646238184,2423.2000000000007,557.3191896690339,15321.802326812582,0.1,31.0,723.0,,,4402.0,459654.06980437745,181644.77334199563,0.35,440.0,,,,,,,,,,,,0,
12,34,necessity,-62203.27089854068,2140.2000000000007,1427.149566732593,12998.121746151985,0.1,30.0,240.0,,,4402.0,402941.7741307115,465145.0450292522,0.35,440.0,,,,,,,,,,,,0,
13,34,necessity,160871.12267382667,2340.2000000000007,557.3191896690339,11417.196533860744,0.1,29.0,932.0,,,4402.0,342515.8960158223,181644.77334199563,0.35,440.0,,,,,,,,,,,,0,
14,34,necessity,-1287108.8932756656,1848.2000000000007,5542.763647320371,17911.085681777226,0.1,30.0,60.0,,,4402.0,519421.4847715396,1806530.378047205,0.35,440.0,,,,,,,,,,,,0,
15,34,necessity,177839.85279130345,2228.2000000000007,474.7273947499159,11085.527294640742,0.1,29.0,1577.0,,,4402.0,332565.81883922225,154725.9660479188,0.35,440.0,,,,,,,,,,,,0,
16,34,necessity,-1057885.2765265875,1091.2000000000007,5542.763647320371,25815.34832829715,0.1,30.0,30.0,,,4402.0,748645.1015206174,1806530.378047205,0.35,440.0,,,,,,,,,,,,0,
17,34,necessity,-13712.608184095472,1501.2000000000007,552.258973210784,5542.763647320371,0.1,29.0,470.0,,,4402.0,166282.90941961113,179995.5176037066,0.35,440.0,,,,,,,,,,,,0,
18,34,necessity,-1546968.6606381366,1471.2000000000007,5542.763647320371,8950.404048588569,0.1,30.0,67.0,,,4402.0,259561.7174090685,1806530.378047205,0.35,440.0,,,,,,,,,,,,0,
19,34,necessity,183175.96015210694,1844.2000000000007,577.3986934486012,12378.83881234883,0.1,31.0,800.0,,,4402.0,371365.16437046486,188189.20421835792,0.35,440.0,,,,,,,,,,,,0,
20,34,necessity,46670.741539371025,1484.2000000000007,1274.0570149370033,14900.611443834869,0.1,32.0,451.0,,,4402.0,461918.95475888095,415248.2132195099,0.35,440.0,,,,,,,,,,,,0,
21,34,necessity,-7515.110539561487,1473.2000000000007,1786.034115879019,17956.24105426839,0.1,33.0,448.0,,,4402.0,574599.7137365885,582114.82427615,0.35,440.0,,,,,,,,,,,,0,
22,34,necessity,-31248.907121085213,1465.2000000000007,2550.862398514167,24246.766179206075,0.1,34.0,145.0,,,4402.0,800143.2839138005,831392.1910348857,0.35,440.0,,,,,,,,,,,,0,
23,34,necessity,-905640.6578301995,1760.2000000000007,3913.51408787819,10878.677876016302,0.1,33.0,138.0,,,4402.0,369875.04778455425,1275515.7056147538,0.35,440.0,,,,,,,,,,,,0,
24,34,necessity,-291327.24690769555,2062.2000000000007,2550.862398514167,16365.60436749061,0.1,34.0,188.0,,,4402.0,540064.9441271902,831392.1910348857,0.35,440.0,,,,,,,,,,,,0,
25,34,necessity,-748422.7233912409,2314.2000000000007,3767.680794439523,14104.7685564901,0.1,33.0,234.0,,,4402.0,479562.1309206634,1227984.8543119044,0.35,440.0,,,,,,,,,,,,0,
26,34,necessity,50245.11486396275,2520.2000000000007,2550.862398514167,26716.281996934802,0.1,34.0,279.0,,,4402.0,881637.3058988485,831392.1910348857,0.35,440.0,,,,,,,,,,,,0,
27,34,necessity,-535154.6118410407,2681.2000000000007,3825.5478285459503,20932.076740748606,0.1,33.0,135.0,,,4402.0,711690.6091854526,1246845.2210264932,0.35,440.0,,,,,,,,,,,,0,
28,34,necessity,-314943.2341811824,2986.2000000000007,2550.862398514167,15649.96838950616,0.1,32.0,211.0,,,4402.0,516448.9568537033,831392.1910348857,0.35,440.0,,,,,,,,,,,,0,
29,34,necessity,-66101.21594724455,3215.2000000000007,1854.2040770257652,16819.74894020279,0.1,33.0,499.0,,,4402.0,538231.9660864893,604333.1820337338,0.35,440.0,,,,,,,,,,,,0,
30,34,necessity,95241.06214090786,3156.2000000000007,2546.611681935385,28037.81316472293,0.1,34.0,111.0,,,4402.0,925247.8344358568,830006.7722949489,0.35,440.0,,,,,,,,,,,,0,
31,34,necessity,-923897.0605876949,3485.2000000000007,3701.979065066879,8313.93813808317,0.1,33.0,153.0,,,4402.0,282673.89669482777,1206570.9572825227,0.35,440.0,,,,,,,,,,,,0,
32,34,necessity,-263603.9753397164,3772.2000000000007,2546.611681935385,17163.72111985553,0.1,34.0,246.0,,,4402.0,566402.7969552325,830006.7722949489,0.35,440.0,,,,,,,,,,,,0,
33,34,necessity,-604331.4004572188,3966.2000000000007,3776.3116509356255,18425.484522238374,0.1,35.0,202.0,,,4402.0,626466.4737561047,1230797.8742133235,0.35,440.0,,,,,,,,,,,,0,
34,34,necessity,-645641.1008796856,4204.200000000001,4321.399247900731,21794.71295682847,0.1,36.0,185.0,,,4402.0,762814.9534889964,1408456.054368682,0.35,440.0,,,,,,,,,,,,0,
35,34,necessity,-857324.9262586958,4459.200000000001,5083.31388074803,22207.19057948987,0.1,37.0,177.0,,,4402.0,799458.8608616353,1656783.787120331,0.35,440.0,,,,,,,,,,,,0,
36,34,necessity,-926286.9286114352,4722.200000000001,5602.602726880857,24317.47451060544,0.1,38.0,167.0,,,4402.0,899746.5568924013,1826033.4855038365,0.35,440.0,,,,,,,,,,,,0,
37,34,necessity,-1195556.0191105092,4995.200000000001,6538.880463717264,24621.964615502715,0.1,39.0,145.0,,,4402.0,935634.6553891031,2131190.6744996123,0.35,440.0,,,,,,,,,,,,0,
38,34,necessity,-1344635.2960081333,5290.200000000001,7034.6443030658875,24311.222236897524,0.1,38.0,104.0,,,4402.0,948137.6672390033,2292772.9632471367,0.35,440.0,,,,,,,,,,,,0,
39,34,necessity,-1160378.85380991,5626.200000000001,5804.944334065647,19252.71072418032,0.1,37.0,69.0,,,4402.0,731603.0075188522,1891981.861328762,0.35,440.0,,,,,,,,,,,,0,
40,34,necessity,-1265767.1120170173,5997.200000000001,5112.536729156027,10825.436731095397,0.1,36.0,126.0,,,4402.0,400541.15905052965,1666308.271067547,0.35,440.0,,,,,,,,,,,,0,
