data/saved_data/run_2025_05_07_1155_monitoring_demand_but_no_zeros/firm_data.csv
Step,AgentID,FirmType,Profit,Inventory,ProductPrice,RevenuePerEmployee,ProductionLevel,NumEmployees,DemandReceived,InventoryDemandRatio,SellThroughRate,ProductionCapacity,Revenue,Costs,Markup,ProducedUnits,IncomeBracket,NumPeople,SpendRatio,PostTaxIncome,HouseholdExpense,HouseholdSavings,HealthLevel,Welfare,SkillLevel,SkillType,JobLevel,IsEmployed,Wage
4,35,necessity,87857.20284369611,0.0,835.131133814228,10409.180374310998,0.1,47.0,1856.0,,,6321.0,478822.2972183059,390965.09437460976,0.35,632.0,,,,,,,,,,,,0,
24,35,necessity,-951039.7553770033,5366.0,3006.8875797637616,9132.581980127852,0.1,49.0,228.0,,,6321.0,456629.09900639264,1407668.854383396,0.35,632.0,,,,,,,,,,,,0,
25,35,necessity,-382154.3160812105,5770.0,2280.7410150002834,13991.232003798727,0.1,50.0,335.0,,,6321.0,685570.3681861376,1067724.6842673481,0.35,632.0,,,,,,,,,,,,0,
26,35,necessity,-715658.1944453793,6067.0,3160.765321794897,15280.964800501899,0.1,51.0,99.0,,,6321.0,764048.240025095,1479706.4344704743,0.35,632.0,,,,,,,,,,,,0,
27,35,necessity,-1385228.887249749,6600.0,3627.3659484457016,6135.603271719506,0.1,50.0,106.0,,,6321.0,312915.7668576948,1698144.6541074438,0.35,632.0,,,,,,,,,,,,0,
28,35,necessity,-901662.1133690733,7126.0,2747.3416416510877,7690.015810704888,0.1,51.0,395.0,,,6321.0,384500.7905352444,1286162.9039043176,0.35,632.0,,,,,,,,,,,,0,
29,35,necessity,-566636.7057356639,7363.0,3528.448543710665,21278.43036180744,0.1,52.0,312.0,,,6321.0,1085199.9484521796,1651836.6541878434,0.35,632.0,,,,,,,,,,,,0,
30,35,necessity,-694720.4018188717,7683.0,3835.5301665045554,21170.691262263987,0.1,51.0,391.0,,,6321.0,1100875.9456377274,1795596.3474565991,0.35,632.0,,,,,,,,,,,,0,
31,35,necessity,69769.69793020794,7924.0,3054.423264444978,29405.731276534927,0.1,52.0,157.0,,,6321.0,1499692.2951032813,1429922.5971730733,0.35,632.0,,,,,,,,,,,,0,
32,35,necessity,-1296001.3642236716,8399.0,3792.700710139825,9222.008702266568,0.1,51.0,180.0,,,6321.0,479544.45251786156,1775545.816741533,0.35,632.0,,,,,,,,,,,,0,
33,35,necessity,-747236.4693479049,8851.0,3054.423264444978,13386.002506375851,0.1,52.0,279.0,,,6321.0,682686.1278251684,1429922.5971730733,0.35,632.0,,,,,,,,,,,,0,
34,35,necessity,-930812.7657562863,9204.0,3808.6166970183085,16388.15559192594,0.1,53.0,133.0,,,6321.0,852184.0907801489,1782996.8565364352,0.35,632.0,,,,,,,,,,,,0,
35,35,necessity,-1523551.9053341402,9703.0,4336.44334780741,9557.472088744058,0.1,52.0,116.0,,,6321.0,506546.02070343506,2030097.9260375751,0.35,632.0,,,,,,,,,,,,0,
36,35,necessity,-1173996.238328554,10219.0,3582.2499152340797,9673.604391262683,0.1,53.0,216.0,,,6321.0,503027.4283456595,1677023.6666742135,0.35,632.0,,,,,,,,,,,,0,
37,35,necessity,-1252528.2831879754,10635.0,4328.318438698902,14599.358145104929,0.1,54.0,212.0,,,6321.0,773765.9816905612,2026294.2648785366,0.35,632.0,,,,,,,,,,,,0,
38,35,necessity,-1275140.138591656,11055.0,4683.86696134572,16992.657574151246,0.1,55.0,114.0,,,6321.0,917603.5090041673,2192743.6475958233,0.35,632.0,,,,,,,,,,,,0,
39,35,necessity,-1840024.74859403,11573.0,5071.013498231066,9708.378792607493,0.1,54.0,285.0,,,6321.0,533960.8335934121,2373985.582187442,0.35,632.0,,,,,,,,,,,,0,
40,35,necessity,-579476.1369872654,11920.0,4324.944974766243,26763.682351775067,0.1,55.0,196.0,,,6321.0,1445238.8469958536,2024714.983983119,0.35,632.0,,,,,,,,,,,,0,
4,37,luxury,-1971302.5913641374,1100.0,44872.41824584707,7651.55058118008,0.1,42.0,14.0,,,690.0,313713.5738283833,2285016.1651925207,0.35500000000000004,69.0,,,,,,,,,,,,0,
5,37,luxury,-2516436.7541072425,1155.0,57196.180547651325,14957.47274861569,0.1,43.0,10.0,,,690.0,628213.855441859,3144650.6095491014,0.255,69.0,,,,,,,,,,,,0,
6,37,luxury,-3106855.6755339704,1214.0,61580.204767926145,13301.437336663099,0.1,42.0,10.0,,,690.0,571961.8054765132,3678817.4810104836,0.155,69.0,,,,,,,,,,,,0,
7,37,luxury,-1598139.4845451792,1273.0,33850.844676028115,14661.95351617289,0.1,43.0,44.0,,,690.0,615802.0476792614,2213941.5322244405,0.05499999999999999,69.0,,,,,,,,,,,,0,
8,37,luxury,-2097586.371226159,1298.0,52505.706084571066,34638.07362198226,0.1,44.0,6.0,,,690.0,1489437.1657452371,3587023.536971396,0.01,69.0,,,,,,,,,,,,0,
9,37,luxury,-4149170.5271452856,1361.0,65345.605013675864,7159.869011532417,0.1,43.0,18.0,,,690.0,315034.23650742637,4464204.763652712,0.01,69.0,,,,,,,,,,,,0,
10,37,luxury,-1914901.8686595918,1412.0,45246.86871373835,27353.97419177129,0.1,44.0,16.0,,,690.0,1176220.8902461655,3091122.758905757,0.01,69.0,,,,,,,,,,,,0,
11,37,luxury,-3663105.457082119,1465.0,64216.31660653094,16453.406804995764,0.1,43.0,14.0,,,690.0,723949.8994198136,4387055.356501932,0.01,69.0,,,,,,,,,,,,0,
12,37,luxury,-2192094.326414324,1520.0,45246.86871373835,20907.637964917052,0.1,44.0,34.0,,,690.0,899028.4324914332,3091122.758905757,0.01,69.0,,,,,,,,,,,,0,
13,37,luxury,-2869557.881053059,1555.0,64522.18647784317,34963.489460616,0.1,45.0,13.0,,,690.0,1538393.536267104,4407951.417320163,0.01,69.0,,,,,,,,,,,,0,
14,37,luxury,-4433034.26596062,1611.0,77167.25854937751,18639.742760265806,0.1,44.0,14.0,,,690.0,838788.4242119612,5271822.690172581,0.01,69.0,,,,,,,,,,,,0,
15,37,luxury,-2874652.41206689,1666.0,57891.9407852727,24553.21862934739,0.1,45.0,12.0,,,690.0,1080341.619691285,3954994.031758175,0.01,69.0,,,,,,,,,,,,0,
16,37,luxury,-4628443.427266955,1723.0,77918.52327447257,15437.850876072722,0.1,44.0,12.0,,,690.0,694703.2894232725,5323146.716690227,0.01,69.0,,,,,,,,,,,,0,
17,37,luxury,-3019971.7524645044,1780.0,57891.9407852727,21250.50634758343,0.1,45.0,10.0,,,690.0,935022.2792936708,3954994.031758175,0.01,69.0,,,,,,,,,,,,0,
18,37,luxury,-4748719.857497792,1839.0,77984.28376840203,12864.8757300606,0.1,44.0,8.0,,,690.0,578919.407852727,5327639.265350519,0.01,69.0,,,,,,,,,,,,0,
19,37,luxury,-3331119.7616109587,1900.0,57891.9407852727,14178.960685164006,0.1,45.0,13.0,,,690.0,623874.2701472163,3954994.031758175,0.01,69.0,,,,,,,,,,,,0,
20,37,luxury,-4447749.675072661,1956.0,76120.98953931926,16724.33844907878,0.1,46.0,7.0,,,690.0,752595.2302085451,5200344.905281206,0.01,69.0,,,,,,,,,,,,0,
21,37,luxury,-6206977.978505971,2018.0,98655.40660403785,11583.628842939886,0.1,45.0,9.0,,,690.0,532846.9267752348,6739824.905281206,0.01,69.0,,,,,,,,,,,,0,
22,37,luxury,-4606575.372321834,2078.0,80426.35784999128,19731.08132080757,0.1,46.0,12.0,,,690.0,887898.6594363407,5494474.031758174,0.01,69.0,,,,,,,,,,,,0,
23,37,luxury,-5776006.723583702,2135.0,98674.40796068152,20980.78900434555,0.1,47.0,11.0,,,690.0,965116.2941998953,6741123.017783597,0.01,69.0,,,,,,,,,,,,0,
24,37,luxury,-6469965.677629554,2193.0,110593.30284428576,23094.010373776528,0.1,48.0,6.0,,,690.0,1085418.4875674967,7555384.16519705,0.01,69.0,,,,,,,,,,,,0,
25,37,luxury,-7712431.941540025,2256.0,122605.09497951744,13824.162855535722,0.1,47.0,9.0,,,690.0,663559.8170657146,8375991.75860574,0.01,69.0,,,,,,,,,,,,0,
26,37,luxury,-6025896.917764661,2316.0,104357.04486882719,23477.57137905653,0.1,48.0,6.0,,,690.0,1103445.854815657,7129342.772580318,0.01,69.0,,,,,,,,,,,,0,
27,37,luxury,-7867770.952727517,2379.0,124331.19173664773,13044.630608603396,0.1,47.0,5.0,,,690.0,626142.2692129631,8493913.22194048,0.01,69.0,,,,,,,,,,,,0,
28,37,luxury,-6507686.81389708,2443.0,104357.04486882719,13226.72252517529,0.1,48.0,15.0,,,690.0,621655.9586832386,7129342.772580318,0.01,69.0,,,,,,,,,,,,0,
29,37,luxury,-6932277.83493374,2497.0,124385.64809652408,32611.576521508498,0.1,49.0,5.0,,,690.0,1565355.6730324079,8497633.507966148,0.01,69.0,,,,,,,,,,,,0,
30,37,luxury,-9237881.945306623,2561.0,144324.75570032434,12692.413071073886,0.1,48.0,7.0,,,690.0,621928.2404826204,9859810.185789244,0.01,69.0,,,,,,,,,,,,0,
31,37,luxury,-7487360.218063877,2623.0,124385.64809652408,21047.3602062973,0.1,49.0,6.0,,,690.0,1010273.2899022704,8497633.507966148,0.01,69.0,,,,,,,,,,,,0,
32,37,luxury,-9028862.946735434,2686.0,143085.9197185769,15230.895685288662,0.1,48.0,8.0,,,690.0,746313.8885791445,9775176.83531458,0.01,69.0,,,,,,,,,,,,0,
33,37,luxury,-7352946.150217533,2747.0,124385.64809652408,23847.653286429482,0.1,49.0,7.0,,,690.0,1144687.357748615,8497633.507966148,0.01,69.0,,,,,,,,,,,,0,
34,37,luxury,-9050316.530266935,2809.0,145220.6678607444,17769.37829950344,0.1,48.0,5.0,,,690.0,870699.5366756686,9921016.066942604,0.01,69.0,,,,,,,,,,,,0,
35,37,luxury,-7826621.992253053,2873.0,125192.06463304751,15127.152902160875,0.1,47.0,9.0,,,690.0,726103.339303722,8552725.331556775,0.01,69.0,,,,,,,,,,,,0,
36,37,luxury,-6002614.1908828905,2933.0,104357.04486882719,23972.94854675378,0.1,48.0,7.0,,,690.0,1126728.5816974277,7129342.772580318,0.01,69.0,,,,,,,,,,,,0,
37,37,luxury,-7637935.876399708,2995.0,122494.4843462584,15218.735710037297,0.1,47.0,9.0,,,690.0,730499.3140817903,8368435.190481498,0.01,69.0,,,,,,,,,,,,0,
38,37,luxury,-6026892.413463993,3055.0,104357.04486882719,23456.39061949629,0.1,48.0,6.0,,,690.0,1102450.3591163256,7129342.772580318,0.01,69.0,,,,,,,,,,,,0,
39,37,luxury,-7751063.549562565,3118.0,122622.86600493359,13044.630608603396,0.1,47.0,9.0,,,690.0,626142.2692129631,8377205.818775528,0.01,69.0,,,,,,,,,,,,0,
40,37,luxury,-6025736.978535916,3178.0,104357.04486882719,23480.97434137026,0.1,48.0,5.0,,,690.0,1103605.7940444022,7129342.772580318,0.01,69.0,,,,,,,,,,,,0,
4,38,luxury,-1098261.8742632035,395.4,75167.723979739,36395.673691295764,0.1,38.0,16.0,,,474.0,1346639.9265779431,2444901.8008411466,0.445,47.0,,,,,,,,,,,,0,
5,38,luxury,-2194585.822601577,426.4,97219.72881326331,31649.567991469055,0.1,37.0,9.0,,,474.0,1202683.583675824,3397269.406277401,0.345,47.0,,,,,,,,,,,,0,
6,38,luxury,-1003412.3008244309,464.4,49757.347364291156,23648.042143766754,0.1,36.0,23.0,,,474.0,874977.5593193698,1878389.8601438007,0.24499999999999997,47.0,,,,,,,,,,,,0,
7,38,luxury,189423.28503221658,488.4,23976.487386220404,31789.41637163046,0.1,37.0,24.0,,,474.0,1144418.9893786965,954995.70434648,0.17999999999999997,47.0,,,,,,,,,,,,0,
8,38,luxury,-1893468.3923433395,511.4,59096.10727059789,15552.316142413236,0.1,36.0,13.0,,,474.0,575435.6972692898,2468904.0896126293,0.12499999999999997,47.0,,,,,,,,,,,,0,
9,38,luxury,-186746.30982870737,545.4,20827.033534640603,21340.260958827017,0.1,37.0,50.0,,,474.0,768249.3945177726,954995.70434648,0.024999999999999967,47.0,,,,,,,,,,,,0,
10,38,luxury,-1617132.0276144496,542.4,57129.1166864006,28144.639911676488,0.1,38.0,37.0,,,474.0,1041351.6767320301,2658483.70434648,0.01,47.0,,,,,,,,,,,,0,
11,38,luxury,-1450311.3645173106,552.4,76589.98919453798,55625.71887886375,0.1,39.0,19.0,,,474.0,2113777.3173968224,3564088.681914133,0.01,47.0,,,,,,,,,,,,0,
12,38,luxury,-2765810.819878001,580.4,90707.0368087857,37313.071658877474,0.1,38.0,14.0,,,474.0,1455209.7946962216,4221020.614574223,0.01,47.0,,,,,,,,,,,,0,
13,38,luxury,-1247634.099251223,613.4,54100.16780042122,33418.381982184204,0.1,37.0,9.0,,,474.0,1269898.5153229998,2517532.614574223,0.01,47.0,,,,,,,,,,,,0,
14,38,luxury,-1125026.126802779,651.4,34639.295292283845,13159.500275778137,0.1,36.0,20.0,,,474.0,486901.510203791,1611927.6370065701,0.01,47.0,,,,,,,,,,,,0,
15,38,luxury,33225.87427536107,678.4,14173.52378111692,19244.052940157693,0.1,37.0,63.0,,,474.0,692785.9058456769,659560.0315703158,0.01,47.0,,,,,,,,,,,,0,
16,38,luxury,-723810.0738413077,662.4,34742.754426158215,24133.29724892881,0.1,38.0,14.0,,,474.0,892931.998210366,1616742.0720516737,0.01,47.0,,,,,,,,,,,,0,
17,38,luxury,-2009730.591012948,695.4,53640.22108231348,12799.962157005659,0.1,37.0,26.0,,,474.0,486398.561966215,2496129.152979163,0.01,47.0,,,,,,,,,,,,0,
18,38,luxury,-222096.3239115232,716.4,34742.754426158215,37693.12832811217,0.1,38.0,53.0,,,474.0,1394645.7481401504,1616742.0720516737,0.01,47.0,,,,,,,,,,,,0,
19,38,luxury,-687681.071032244,710.4,54347.60578355766,48456.99959437856,0.1,39.0,13.0,,,474.0,1841365.9845863853,2529047.0556186293,0.01,47.0,,,,,,,,,,,,0,
20,38,luxury,-3341891.0289931805,744.4,86997.74289837194,18115.86859451922,0.1,38.0,4.0,,,474.0,706518.8751862495,4048409.90417943,0.01,47.0,,,,,,,,,,,,0,
21,38,luxury,-2181056.084025142,787.4,54347.60578355766,9157.657147197047,0.1,37.0,22.0,,,474.0,347990.9715934878,2529047.0556186293,0.01,47.0,,,,,,,,,,,,0,
22,38,luxury,-421094.7448134052,812.4,34742.754426158215,32314.79262806131,0.1,38.0,24.0,,,474.0,1195647.3272382685,1616742.0720516737,0.01,47.0,,,,,,,,,,,,0,
23,38,luxury,-1679733.7446285698,835.4,54014.79564574756,21942.79226915256,0.1,37.0,9.0,,,474.0,833826.1062277972,2513559.850856367,0.01,47.0,,,,,,,,,,,,0,
24,38,luxury,-1130608.9112399456,873.4,34742.754426158215,13138.73407599265,0.1,36.0,42.0,,,474.0,486133.16081172804,1616742.0720516737,0.01,47.0,,,,,,,,,,,,0,
25,38,luxury,799635.6543283293,878.4,14173.52378111692,40533.21349718459,0.1,37.0,155.0,,,474.0,1459195.685898645,659560.0315703158,0.01,47.0,,,,,,,,,,,,0,
26,38,luxury,651213.4574977993,770.4,33215.73452436898,59375.57259657088,0.1,38.0,24.0,,,474.0,2196896.1860731225,1545682.7285753232,0.01,47.0,,,,,,,,,,,,0,
27,38,luxury,-1692104.4238433891,793.4,53493.081265094595,20978.358646969882,0.1,37.0,32.0,,,474.0,797177.6285848555,2489282.0524282446,0.01,47.0,,,,,,,,,,,,0,
28,38,luxury,108619.24505978986,808.4,34450.87052184254,46264.286499541275,0.1,38.0,21.0,,,474.0,1711778.600483027,1603159.3554232372,0.01,47.0,,,,,,,,,,,,0,
29,38,luxury,-1773372.121327694,834.4,53655.50537561162,19038.638972597193,0.1,37.0,12.0,,,474.0,723468.2809586934,2496840.4022863875,0.01,47.0,,,,,,,,,,,,0,
30,38,luxury,-959293.2909158978,869.4,34450.87052184254,17401.785527225387,0.1,36.0,42.0,,,474.0,643866.0645073394,1603159.3554232372,0.01,47.0,,,,,,,,,,,,0,
31,38,luxury,787376.5303470709,874.4,14173.52378111692,40192.68227548296,0.1,37.0,49.0,,,474.0,1446936.5619173867,659560.0315703158,0.01,47.0,,,,,,,,,,,,0,
32,38,luxury,-908687.0249165971,872.4,34451.52239663228,18770.34230472241,0.1,36.0,18.0,,,474.0,694502.6652747291,1603189.6901913262,0.01,47.0,,,,,,,,,,,,0,
33,38,luxury,-39432.62843093474,901.4,14173.52378111692,17225.76119831614,0.1,35.0,70.0,,,474.0,620127.4031393811,659560.0315703158,0.01,47.0,,,,,,,,,,,,0,
34,38,luxury,-6463241.434232041,878.4,160211.52807846383,28347.04756223384,0.1,36.0,1.0,,,474.0,992146.6646781844,7455388.098910226,0.01,47.0,,,,,,,,,,,,0,
35,38,luxury,-846212.6189582323,924.4,21627.412061269173,4450.320224401773,0.1,35.0,31.0,,,474.0,160211.52807846383,1006424.1470366962,0.01,47.0,,,,,,,,,,,,0,
36,38,luxury,-6784938.325010881,940.4,160211.52807846383,19155.707825695554,0.1,36.0,9.0,,,474.0,670449.7738993444,7455388.098910226,0.01,47.0,,,,,,,,,,,,0,
37,38,luxury,490889.80664128077,978.4,20436.682235933204,40052.88201961596,0.1,37.0,134.0,,,474.0,1441903.7527061745,951013.9460648937,0.01,47.0,,,,,,,,,,,,0,
38,38,luxury,166565.4430426862,891.4000000000001,55269.562150394144,74013.9302598662,0.1,38.0,44.0,,,474.0,2738515.4196150494,2571949.976572363,0.01,47.0,,,,,,,,,,,,0,
39,38,luxury,-1066637.0584533643,894.4000000000001,75180.48288980704,63996.33512150901,0.1,37.0,23.0,,,474.0,2431860.7346173422,3498497.7930707065,0.01,47.0,,,,,,,,,,,,0,
40,38,luxury,-148410.65609767498,918.4000000000001,40347.6029753461,46733.81368825843,0.1,36.0,23.0,,,474.0,1729151.106465562,1877561.762563237,0.01,47.0,,,,,,,,,,,,0,
