data/saved_data/run_2025_05_07_1155_monitoring_demand_but_no_zeros/firm_data.csv
Step,AgentID,FirmType,Profit,Inventory,ProductPrice,RevenuePerEmployee,ProductionLevel,NumEmployees,DemandReceived,InventoryDemandRatio,SellThroughRate,ProductionCapacity,Revenue,Costs,Markup,ProducedUnits,IncomeBracket,NumPeople,SpendRatio,PostTaxIncome,HouseholdExpense,HouseholdSavings,HealthLevel,Welfare,SkillLevel,SkillType,JobLevel,IsEmployed,Wage
4,43,luxury,-1884397.855512869,735.1,62593.40373054105,19112.984015939393,0.1,23.0,16.0,,,511.0,420485.6483506667,2304883.503863536,0.385,51.0,,,,,,,,,,,,0,
5,43,luxury,-2258459.2387640635,770.1,82138.04745830783,43543.23737776769,0.1,24.0,6.0,,,511.0,1001494.4596886568,3259953.6984527204,0.28500000000000003,51.0,,,,,,,,,,,,0,
6,43,luxury,-3305683.077428988,815.1,88259.52697887045,20534.511864576958,0.1,23.0,8.0,,,511.0,492828.284749847,3798511.362178835,0.18500000000000003,51.0,,,,,,,,,,,,0,
7,43,luxury,-1683116.7841522968,858.1,50828.90890495939,30698.96590569407,0.1,24.0,4.0,,,511.0,706076.2158309636,2389192.9999832604,0.08500000000000002,51.0,,,,,,,,,,,,0,
8,43,luxury,-3590866.7410613755,905.1,75139.688731536,8471.484817493232,0.1,23.0,11.0,,,511.0,203315.63561983756,3794182.3766812133,0.01,51.0,,,,,,,,,,,,0,
9,43,luxury,-1562656.4239363642,945.1,47315.38985622948,35936.37287160417,0.1,24.0,0.0,,,511.0,826536.576046896,2389192.9999832604,0.01,51.0,,,,,,,,,,,,0,
10,43,luxury,-3853440.219119286,996.1,76313.22637249515,0.0,0.1,23.0,9.0,,,511.0,0.0,3853440.219119286,0.01,51.0,,,,,,,,,,,,0,
11,43,luxury,-1702373.9626308042,1038.1,47315.38985622948,29861.697276193754,0.1,24.0,37.0,,,511.0,686819.0373524564,2389192.9999832604,0.01,51.0,,,,,,,,,,,,0,
12,43,luxury,-2108046.3334270203,1052.1,76417.70273080164,72944.55936168712,0.1,25.0,8.0,,,511.0,1750669.4246804907,3858715.758107511,0.01,51.0,,,,,,,,,,,,0,
13,43,luxury,-4213019.052033114,1095.1,95541.25853092283,24453.664873856524,0.1,24.0,16.0,,,511.0,611341.6218464131,4824360.6738795275,0.01,51.0,,,,,,,,,,,,0,
14,43,luxury,-1826177.7792605113,1130.1,66438.94565635067,63694.172353948554,0.1,25.0,17.0,,,511.0,1528660.1364947653,3354837.9157552766,0.01,51.0,,,,,,,,,,,,0,
15,43,luxury,-3872983.8395973155,1164.1,99068.04462440754,45178.48304631845,0.1,24.0,8.0,,,511.0,1129462.0761579613,5002445.915755277,0.01,51.0,,,,,,,,,,,,0,
16,43,luxury,-2562293.558760016,1207.1,66438.94565635067,33022.68154146918,0.1,23.0,16.0,,,511.0,792544.3569952603,3354837.9157552766,0.01,51.0,,,,,,,,,,,,0,
17,43,luxury,-1403051.4326844015,1242.1,48837.946274116206,46218.3969783309,0.1,24.0,27.0,,,511.0,1063023.1305016107,2466074.563186012,0.01,51.0,,,,,,,,,,,,0,
18,43,luxury,-2715214.019960645,1266.1,79885.82108175647,54942.68955838073,0.1,25.0,14.0,,,511.0,1318624.5494011375,4033838.5693617826,0.01,51.0,,,,,,,,,,,,0,
19,43,luxury,-3770684.084207938,1303.1,96823.06545731351,44736.05980578362,0.1,24.0,3.0,,,511.0,1118401.4951445905,4889085.579352529,0.01,51.0,,,,,,,,,,,,0,
20,43,luxury,-3030852.376804818,1351.1,65775.19064967324,12102.883182164189,0.1,23.0,20.0,,,511.0,290469.19637194055,3321321.5731767584,0.01,51.0,,,,,,,,,,,,0,
21,43,luxury,-1150570.7501925474,1382.1,48837.946274116206,57195.817956237595,0.1,24.0,14.0,,,511.0,1315503.8129934648,2466074.563186012,0.01,51.0,,,,,,,,,,,,0,
22,43,luxury,-3251398.6249520276,1419.1,77931.00183503037,28488.80199323445,0.1,23.0,23.0,,,511.0,683731.2478376268,3935129.8727896544,0.01,51.0,,,,,,,,,,,,0,
23,43,luxury,-673661.5209803137,1447.1,48837.946274116206,77931.00183503037,0.1,24.0,39.0,,,511.0,1792413.0422056986,2466074.563186012,0.01,51.0,,,,,,,,,,,,0,
24,43,luxury,-2021808.037642593,1459.1,77759.8577254235,79361.66269543883,0.1,25.0,14.0,,,511.0,1904679.904690532,3926487.942333125,0.01,51.0,,,,,,,,,,,,0,
25,43,luxury,-3722380.190371682,1496.1,95277.02520070317,43545.52032623716,0.1,24.0,3.0,,,511.0,1088638.008155929,4811018.198527611,0.01,51.0,,,,,,,,,,,,0,
26,43,luxury,-3064773.743778389,1544.1,66355.11374939588,11909.628150087896,0.1,23.0,7.0,,,511.0,285831.0756021095,3350604.8193804985,0.01,51.0,,,,,,,,,,,,0,
27,43,luxury,-2001588.766940241,1588.1,48837.946274116206,20195.034619381357,0.1,24.0,32.0,,,511.0,464485.79624577117,2466074.563186012,0.01,51.0,,,,,,,,,,,,0,
28,43,luxury,-2235824.782225278,1607.1,75227.94859605918,65117.26169882161,0.1,25.0,15.0,,,511.0,1562814.2807717186,3798639.062996997,0.01,51.0,,,,,,,,,,,,0,
29,43,luxury,-3601471.014714018,1643.1,93670.37357688395,45136.769157635514,0.1,24.0,16.0,,,511.0,1128419.2289408878,4729890.243654906,0.01,51.0,,,,,,,,,,,,0,
30,43,luxury,-1898599.7666137782,1678.1,67280.37125494097,62446.91571792264,0.1,25.0,15.0,,,511.0,1498725.9772301433,3397325.7438439215,0.01,51.0,,,,,,,,,,,,0,
31,43,luxury,-3845971.652008632,1714.1,96151.54699783387,40368.22275296458,0.1,24.0,10.0,,,511.0,1009205.5688241145,4855177.2208327465,0.01,51.0,,,,,,,,,,,,0,
32,43,luxury,-2435810.273865583,1755.1,67280.37125494097,40063.14458243078,0.1,23.0,18.0,,,511.0,961515.4699783387,3397325.7438439215,0.01,51.0,,,,,,,,,,,,0,
33,43,luxury,-1255027.8805970747,1788.1,48837.946274116206,52654.20359082337,0.1,24.0,27.0,,,511.0,1211046.6825889375,2466074.563186012,0.01,51.0,,,,,,,,,,,,0,
34,43,luxury,-2486633.182050804,1812.1,75359.02418445954,54942.68955838073,0.1,25.0,30.0,,,511.0,1318624.5494011375,3805257.7314519417,0.01,51.0,,,,,,,,,,,,0,
35,43,luxury,-2394073.6783443363,1833.1,92184.17168103397,90430.82902135146,0.1,26.0,19.0,,,511.0,2260770.725533786,4654844.403878123,0.01,51.0,,,,,,,,,,,,0,
36,43,luxury,-3753885.4390422897,1865.1,109028.20468555982,67365.3562284479,0.1,25.0,17.0,,,511.0,1751499.2619396455,5505384.7009819355,0.01,51.0,,,,,,,,,,,,0,
37,43,luxury,-2312722.053061489,1899.1,82507.12677521646,74139.17918618067,0.1,26.0,8.0,,,511.0,1853479.4796545168,4166201.5327160056,0.01,51.0,,,,,,,,,,,,0,
38,43,luxury,-4842010.647473542,1942.1,108962.51430057867,25386.80823852814,0.1,25.0,16.0,,,511.0,660057.0142017317,5502067.661675273,0.01,51.0,,,,,,,,,,,,0,
39,43,luxury,-2422801.303906747,1977.1,82507.12677521646,69736.00915237034,0.1,26.0,3.0,,,511.0,1743400.2288092587,4166201.5327160056,0.01,51.0,,,,,,,,,,,,0,
40,43,luxury,-5412694.334600598,2025.1,112094.46588198125,9520.053089448053,0.1,25.0,8.0,,,511.0,247521.38032564937,5660215.714926247,0.01,51.0,,,,,,,,,,,,0,
4,44,luxury,-1960935.9491547458,1058.6,48530.39337409523,7073.189942122153,0.1,19.0,26.0,,,596.0,141463.79884244307,2102399.747997189,0.385,60.0,,,,,,,,,,,,0,
5,44,luxury,413716.88132940466,1092.6,18940.30442052952,66410.011985604,0.1,20.0,50.0,,,596.0,1261790.2277264758,848073.3463970711,0.34,60.0,,,,,,,,,,,,0,
6,44,luxury,-1212997.7199599561,1102.6,45540.27208012608,47350.7610513238,0.1,19.0,5.0,,,596.0,947015.221026476,2160012.940986432,0.265,60.0,,,,,,,,,,,,0,
7,44,luxury,-620371.9859964408,1157.6,16537.429979119053,11984.282126348968,0.1,18.0,33.0,,,596.0,227701.3604006304,848073.3463970711,0.16999999999999998,60.0,,,,,,,,,,,,0,
8,44,luxury,-2767456.0109020295,1184.6,59913.53987195867,30318.621628384935,0.1,19.0,24.0,,,596.0,545735.1893109288,3313191.2002129583,0.08499999999999998,60.0,,,,,,,,,,,,0,
9,44,luxury,636989.2725411986,1220.6,13482.41712912084,75680.26089089515,0.1,20.0,83.0,,,596.0,1437924.956927008,800935.6843858093,0.01,60.0,,,,,,,,,,,,0,
10,44,luxury,-985702.1156583889,1197.6,35429.835488655626,55952.031085851486,0.1,19.0,56.0,,,596.0,1119040.6217170297,2104742.7373754187,0.01,60.0,,,,,,,,,,,,0,
11,44,luxury,1183135.1029789057,1201.6,13482.41712912084,104424.77828235342,0.1,20.0,27.0,,,596.0,1984070.787364715,800935.6843858093,0.01,60.0,,,,,,,,,,,,0,
12,44,luxury,-1748432.6944575007,1234.6,35559.708349224886,18201.263124313136,0.1,19.0,48.0,,,596.0,364025.2624862627,2112457.9569437634,0.01,60.0,,,,,,,,,,,,0,
13,44,luxury,905930.3163769853,1246.6,13482.41712912084,89835.05267172604,0.1,20.0,99.0,,,596.0,1706866.0007627946,800935.6843858093,0.01,60.0,,,,,,,,,,,,0,
14,44,luxury,-865822.4051772458,1207.6,37043.12468211145,66737.96478914816,0.1,19.0,30.0,,,596.0,1334759.2957829633,2200581.700960209,0.01,60.0,,,,,,,,,,,,0,
15,44,luxury,310358.0560775341,1237.6,13482.41712912084,58489.14423491281,0.1,18.0,81.0,,,596.0,1111293.7404633434,800935.6843858093,0.01,60.0,,,,,,,,,,,,0,
16,44,luxury,-2221115.41275417,1216.6,55772.05094071729,60670.877081043785,0.1,19.0,20.0,,,596.0,1092075.7874587881,3313191.2002129583,0.01,60.0,,,,,,,,,,,,0,
17,44,luxury,267349.7656484286,1256.6,14276.202523689566,58707.42204286031,0.1,18.0,104.0,,,596.0,1115441.0188143458,848091.2531659172,0.01,60.0,,,,,,,,,,,,0,
18,44,luxury,-1828466.1377492433,1212.6,55772.05094071729,82484.7256924286,0.1,19.0,22.0,,,596.0,1484725.062463715,3313191.2002129583,0.01,60.0,,,,,,,,,,,,0,
19,44,luxury,193732.32048282202,1250.6,17393.08851369999,64578.16424714633,0.1,18.0,75.0,,,596.0,1226985.1206957803,1033252.8002129582,0.01,60.0,,,,,,,,,,,,0,
20,44,luxury,-2008709.561685459,1235.6,55772.05094071729,72471.20214041663,0.1,19.0,22.0,,,596.0,1304481.6385274993,3313191.2002129583,0.01,60.0,,,,,,,,,,,,0,
21,44,luxury,408576.48217266926,1273.6,13776.545185529949,64578.16424714633,0.1,18.0,109.0,,,596.0,1226985.1206957803,818408.638523111,0.01,60.0,,,,,,,,,,,,0,
22,44,luxury,-1811547.7749901938,1224.6,55772.05094071729,83424.63473459803,0.1,19.0,22.0,,,596.0,1501643.4252227645,3313191.2002129583,0.01,60.0,,,,,,,,,,,,0,
23,44,luxury,377091.2162743539,1262.6,14306.547152651558,64578.16424714633,0.1,18.0,155.0,,,596.0,1226985.1206957803,849893.9044214264,0.01,60.0,,,,,,,,,,,,0,
24,44,luxury,-1095676.3915519668,1167.6,55772.05094071729,123195.26714783286,0.1,19.0,8.0,,,596.0,2217514.8086609915,3313191.2002129583,0.01,60.0,,,,,,,,,,,,0,
25,44,luxury,-356262.58857206657,1219.6,13507.722875851003,23482.96881714412,0.1,18.0,102.0,,,596.0,446176.4075257383,802438.9960978049,0.01,60.0,,,,,,,,,,,,0,
26,44,luxury,-1935403.466876156,1177.6,55772.05094071729,76543.76296315569,0.1,19.0,18.0,,,596.0,1377787.7333368023,3313191.2002129583,0.01,60.0,,,,,,,,,,,,0,
27,44,luxury,242342.2776200323,1219.6,12819.502881441747,52836.67983857427,0.1,18.0,202.0,,,596.0,1003896.9169329111,761554.6393128788,0.01,60.0,,,,,,,,,,,,0,
28,44,luxury,-723651.6181617253,1077.6,55772.05094071729,143863.31011395738,0.1,19.0,6.0,,,596.0,2589539.582051233,3313191.2002129583,0.01,60.0,,,,,,,,,,,,0,
29,44,luxury,-450942.7772256693,1131.6,13223.847007913762,17612.226612858092,0.1,18.0,113.0,,,596.0,334632.30564430373,785575.082869973,0.01,60.0,,,,,,,,,,,,0,
30,44,luxury,-1818896.4883187031,1078.6,55772.05094071729,83016.37288301418,0.1,19.0,31.0,,,596.0,1494294.7118942551,3313191.2002129583,0.01,60.0,,,,,,,,,,,,0,
31,44,luxury,912475.9224096481,1107.6,13743.703659606834,90996.50416643347,0.1,20.0,141.0,,,596.0,1728933.5791622358,816457.6567525878,0.01,60.0,,,,,,,,,,,,0,
32,44,luxury,-180115.31522315368,1026.6,35652.62118145622,96893.11080022817,0.1,21.0,41.0,,,596.0,1937862.2160045635,2117977.531227717,0.01,60.0,,,,,,,,,,,,0,
33,44,luxury,-1487609.2261465152,1045.6,49647.67186474018,69607.4984971288,0.1,20.0,19.0,,,596.0,1461757.468439705,2949366.69458622,0.01,60.0,,,,,,,,,,,,0,
34,44,luxury,-704541.0546810279,1086.6,27738.7543428908,47165.28827150317,0.1,19.0,42.0,,,596.0,943305.7654300634,1647846.8201110912,0.01,60.0,,,,,,,,,,,,0,
35,44,luxury,330035.3188299519,1104.6,14055.70455252453,61317.24644217966,0.1,20.0,111.0,,,596.0,1165027.6824014136,834992.3635714616,0.01,60.0,,,,,,,,,,,,0,
36,44,luxury,-533000.3298473563,1053.6,35235.25558823499,78009.16026651114,0.1,21.0,25.0,,,596.0,1560183.2053302228,2093183.5351775791,0.01,60.0,,,,,,,,,,,,0,
37,44,luxury,-2032471.4615554796,1088.6,49041.43884554216,41946.732843136895,0.1,20.0,38.0,,,596.0,880881.3897058748,2913352.8512613545,0.01,60.0,,,,,,,,,,,,0,
38,44,luxury,208412.996475365,1110.6,27861.887809831693,93178.7338065301,0.1,21.0,55.0,,,596.0,1863574.676130602,1655161.679655237,0.01,60.0,,,,,,,,,,,,0,
39,44,luxury,-1447058.261281066,1115.6,50154.277692929165,72971.61093051157,0.1,20.0,22.0,,,596.0,1532403.829540743,2979462.090821809,0.01,60.0,,,,,,,,,,,,0,
40,44,luxury,-551767.5704107953,1153.6,27861.887809831693,55169.70546222208,0.1,19.0,67.0,,,596.0,1103394.1092444416,1655161.679655237,0.01,60.0,,,,,,,,,,,,0,
