data/saved_data/run_2025_05_07_1155_monitoring_demand_but_no_zeros/firm_data.csv
Step,AgentID,FirmType,Profit,Inventory,ProductPrice,RevenuePerEmployee,ProductionLevel,NumEmployees,DemandReceived,InventoryDemandRatio,SellThroughRate,ProductionCapacity,Revenue,Costs,Markup,ProducedUnits,IncomeBracket,NumPeople,SpendRatio,PostTaxIncome,HouseholdExpense,HouseholdSavings,HealthLevel,Welfare,SkillLevel,SkillType,JobLevel,IsEmployed,Wage
4,50,luxury,88536.68131021096,105.9,49611.29089232635,58126.86933574316,0.1,19.0,56.0,,,249.0,1046283.6480433769,957746.9667331659,0.295,25.0,,,,,,,,,,,,0,
5,50,luxury,904253.4807893152,74.9,100445.26015428908,146222.75210369873,0.1,20.0,13.0,,,249.0,2778232.289970276,1873978.8091809608,0.33999999999999997,25.0,,,,,,,,,,,,0,
6,50,luxury,-1156526.8414858077,86.9,124593.1453249474,65289.41910028791,0.1,19.0,14.0,,,249.0,1305788.3820057581,2462315.223491566,0.26499999999999996,25.0,,,,,,,,,,,,0,
7,50,luxury,198220.65350549202,97.9,74211.99932162106,91805.47550259282,0.1,20.0,28.0,,,249.0,1744304.0345492635,1546083.3810437715,0.19999999999999996,25.0,,,,,,,,,,,,0,
8,50,luxury,-473284.04869175144,94.9,118376.60464288315,103896.79905026949,0.1,21.0,19.0,,,249.0,2077935.9810053897,2551220.029697141,0.15999999999999995,25.0,,,,,,,,,,,,0,
9,50,luxury,-742559.4395168843,100.9,132233.79451638777,107102.64229594189,0.1,22.0,7.0,,,249.0,2249155.4882147796,2991714.927731664,0.10499999999999995,25.0,,,,,,,,,,,,0,
10,50,luxury,-2608565.6326329685,118.9,142781.76293633587,42074.389164305205,0.1,21.0,17.0,,,249.0,925636.5616147144,3534202.194247683,0.01,25.0,,,,,,,,,,,,0,
11,50,luxury,-101775.57567660324,126.9,102174.24395504048,115585.2366627481,0.1,22.0,8.0,,,249.0,2427289.96991771,2529065.545594313,0.01,25.0,,,,,,,,,,,,0,
12,50,luxury,-2602124.7463079607,143.9,138148.5498711687,37154.270529105626,0.1,21.0,11.0,,,249.0,817393.9516403239,3419518.6979482844,0.01,25.0,,,,,,,,,,,,0,
13,50,luxury,-1009431.4970114573,157.9,102174.24395504048,72363.52612299313,0.1,22.0,18.0,,,249.0,1519634.0485828558,2529065.545594313,0.01,25.0,,,,,,,,,,,,0,
14,50,luxury,-1651918.0899338,164.9,141038.59539588715,83597.10869048767,0.1,23.0,10.0,,,249.0,1839136.3911907286,3491054.4811245287,0.01,25.0,,,,,,,,,,,,0,
15,50,luxury,-3074182.4911399763,179.9,181176.55793493116,61321.12843299442,0.1,22.0,5.0,,,249.0,1410385.9539588715,4484568.445098848,0.01,25.0,,,,,,,,,,,,0,
16,50,luxury,-2616696.719893977,199.9,142312.2064940845,41176.49043975708,0.1,21.0,19.0,,,249.0,905882.7896746558,3522579.5095686326,0.01,25.0,,,,,,,,,,,,0,
17,50,luxury,174866.37779329251,205.9,102174.24395504048,128758.66301845742,0.1,22.0,10.0,,,249.0,2703931.9233876057,2529065.545594313,0.01,25.0,,,,,,,,,,,,0,
18,50,luxury,-2478082.071170115,220.9,141392.90457739282,46442.83816138204,0.1,21.0,7.0,,,249.0,1021742.4395504048,3499824.51072052,0.01,25.0,,,,,,,,,,,,0,
19,50,luxury,-1539315.2135525635,238.9,102174.24395504048,47130.96819246427,0.1,22.0,23.0,,,249.0,989750.3320417497,2529065.545594313,0.01,25.0,,,,,,,,,,,,0,
20,50,luxury,-1064238.1324730897,240.89999999999998,137935.52251751555,106818.52777117868,0.1,23.0,15.0,,,249.0,2350007.610965931,3414245.7434390206,0.01,25.0,,,,,,,,,,,,0,
21,50,luxury,-2275539.0345979044,250.89999999999998,175520.69662254187,89957.94946794493,0.1,22.0,5.0,,,249.0,2069032.8377627332,4344571.872360637,0.01,25.0,,,,,,,,,,,,0,
22,50,luxury,-2581788.1914032204,270.9,139759.41806006682,39891.06741421406,0.1,21.0,14.0,,,249.0,877603.4831127094,3459391.6745159295,0.01,25.0,,,,,,,,,,,,0,
23,50,luxury,-572433.6927533778,281.9,102174.24395504048,93172.94537337788,0.1,22.0,24.0,,,249.0,1956631.8528409353,2529065.545594313,0.01,25.0,,,,,,,,,,,,0,
24,50,luxury,-1058604.2292050594,282.9,141835.75212526156,111462.8115873169,0.1,23.0,8.0,,,249.0,2452181.8549209717,3510786.084126031,0.01,25.0,,,,,,,,,,,,0,
25,50,luxury,-3318356.505694926,299.9,179902.9107208431,49334.17465226489,0.1,22.0,7.0,,,249.0,1134686.0170020924,4453042.522697018,0.01,25.0,,,,,,,,,,,,0,
26,50,luxury,-2251465.7090801294,317.9,141835.75212526156,57241.83522935917,0.1,23.0,17.0,,,249.0,1259320.3750459016,3510786.084126031,0.01,25.0,,,,,,,,,,,,0,
27,50,luxury,-1983947.7407497815,325.9,177564.27618334975,104835.12113606288,0.1,24.0,6.0,,,249.0,2411207.7861294462,4395155.526879228,0.01,25.0,,,,,,,,,,,,0,
28,50,luxury,-3924365.405785556,344.9,201585.93487714304,44391.06904583744,0.1,23.0,3.0,,,249.0,1065385.6571000984,4989751.062885654,0.01,25.0,,,,,,,,,,,,0,
29,50,luxury,-3500623.8155010277,366.9,165857.41081905484,26293.81759267083,0.1,22.0,14.0,,,249.0,604757.8046314291,4105381.620132457,0.01,25.0,,,,,,,,,,,,0,
30,50,luxury,-801657.3301339713,377.9,126195.90264883375,105545.62506667127,0.1,23.0,14.0,,,249.0,2322003.751466768,3123661.081600739,0.01,25.0,,,,,,,,,,,,0,
31,50,luxury,-2259861.7996245357,388.9,162674.8127360191,76814.8972645075,0.1,22.0,9.0,,,249.0,1766742.6370836725,4026604.436708208,0.01,25.0,,,,,,,,,,,,0,
32,50,luxury,-1659587.7669765672,404.9,126195.90264883375,66548.78702837146,0.1,21.0,9.0,,,249.0,1464073.314624172,3123661.081600739,0.01,25.0,,,,,,,,,,,,0,
33,50,luxury,-1445410.6912452162,420.9,104279.41795824596,54083.958278071615,0.1,20.0,20.0,,,249.0,1135763.1238395039,2581173.81508472,0.01,25.0,,,,,,,,,,,,0,
34,50,luxury,92750.95839080447,425.9,80510.62777084913,104279.41795824596,0.1,21.0,36.0,,,249.0,2085588.3591649192,1992837.4007741148,0.01,25.0,,,,,,,,,,,,0,
35,50,luxury,24903.06232709298,414.9,116088.56866836567,138018.21903574135,0.1,22.0,27.0,,,249.0,2898382.5997505686,2873479.5374234756,0.01,25.0,,,,,,,,,,,,0,
36,50,luxury,-332657.15166589106,412.9,140068.75402800512,142472.3342748124,0.1,23.0,27.0,,,249.0,3134391.354045873,3467048.505711764,0.01,25.0,,,,,,,,,,,,0,
37,50,luxury,-590677.205787451,410.9,176650.34894154704,164428.5373372234,0.1,24.0,7.0,,,249.0,3781856.358756138,4372533.564543589,0.01,25.0,,,,,,,,,,,,0,
38,50,luxury,-3676524.814048974,428.9,198488.3132287155,51523.01844128455,0.1,23.0,13.0,,,249.0,1236552.4425908292,4913077.256639803,0.01,25.0,,,,,,,,,,,,0,
39,50,luxury,-1452087.0480171405,440.9,162910.37233119895,112189.04660753485,0.1,24.0,14.0,,,249.0,2580348.0719733015,4032435.119990442,0.01,25.0,,,,,,,,,,,,0,
40,50,luxury,-2685754.5704050944,451.9,200646.58320902858,95031.05052653271,0.1,23.0,6.0,,,249.0,2280745.212636785,4966499.78304188,0.01,25.0,,,,,,,,,,,,0,
4,51,luxury,-516133.8295015278,336.0,48663.92841696673,34473.850973316854,0.1,22.0,17.0,,,330.0,723950.870439654,1240084.6999411818,0.295,33.0,,,,,,,,,,,,0,
5,51,luxury,-1497851.4914414976,352.0,88073.41682087875,37603.94468583792,0.1,23.0,32.0,,,330.0,827286.7830884344,2325138.274529932,0.25,33.0,,,,,,,,,,,,0,
6,51,luxury,-158298.13301873626,353.0,108692.7301275131,122536.92775078781,0.1,24.0,16.0,,,330.0,2818349.33826812,2976647.471286856,0.20500000000000002,33.0,,,,,,,,,,,,0,
7,51,luxury,-1736379.2367202395,370.0,123220.95429481125,72461.82008500873,0.1,23.0,17.0,,,330.0,1739083.6820402096,3475462.918760449,0.17,33.0,,,,,,,,,,,,0,
8,51,luxury,-295653.1211599079,386.0,78593.75938886467,91076.3575222518,0.1,24.0,22.0,,,330.0,2094756.2230117912,2390409.344171699,0.085,33.0,,,,,,,,,,,,0,
9,51,luxury,-1738433.213621766,397.0,106651.76522205079,72044.2794397926,0.1,23.0,33.0,,,330.0,1729062.7065550226,3467495.9201767887,0.015000000000000013,33.0,,,,,,,,,,,,0,
10,51,luxury,1129098.9081559768,397.0,73161.01104401228,153022.09792729025,0.1,24.0,45.0,,,330.0,3519508.252327676,2390409.344171699,0.01,33.0,,,,,,,,,,,,0,
11,51,luxury,-245477.42418936128,385.0,108275.75885169256,137176.895707523,0.1,23.0,17.0,,,330.0,3292245.4969805526,3537722.921169914,0.01,33.0,,,,,,,,,,,,0,
12,51,luxury,-549721.4436929256,401.0,73161.01104401228,80029.90871646842,0.1,22.0,6.0,,,330.0,1840687.9004787735,2390409.344171699,0.01,33.0,,,,,,,,,,,,0,
13,51,luxury,-1299934.0811507013,428.0,53220.88168691033,19953.00301200335,0.1,21.0,40.0,,,330.0,438966.0662640737,1738900.1474147749,0.01,33.0,,,,,,,,,,,,0,
14,51,luxury,1045107.1401047735,421.0,33168.64774171844,101373.10797506731,0.1,22.0,56.0,,,330.0,2128835.2674764134,1083728.12737164,0.01,33.0,,,,,,,,,,,,0,
15,51,luxury,127302.15026064264,398.0,52952.83307743979,84429.28516073785,0.1,21.0,11.0,,,330.0,1857444.2735362328,1730142.1232755901,0.01,33.0,,,,,,,,,,,,0,
16,51,luxury,-501246.9635198022,420.0,33168.64774171844,27737.19827865894,0.1,20.0,60.0,,,330.0,582481.1638518377,1083728.12737164,0.01,33.0,,,,,,,,,,,,0,
17,51,luxury,1405206.1846050594,393.0,17901.87238773198,99505.94322515532,0.1,21.0,235.0,,,330.0,1990118.8645031066,584912.6798980471,0.01,33.0,,,,,,,,,,,,0,
18,51,luxury,2942725.110230199,191.0,40799.661474084765,200330.47671985786,0.1,22.0,41.0,,,330.0,4206940.011117015,1264214.9008868157,0.06499999999999999,33.0,,,,,,,,,,,,0,
19,51,luxury,-639755.5674992064,183.0,74281.6398464013,76035.73274715798,0.1,21.0,32.0,,,330.0,1672786.1204374754,2312541.687936682,0.05999999999999999,33.0,,,,,,,,,,,,0,
20,51,luxury,1112797.574198026,184.0,39267.279822475946,113191.07024213532,0.1,22.0,63.0,,,330.0,2377012.4750848417,1264214.9008868157,0.024999999999999994,33.0,,,,,,,,,,,,0,
21,51,luxury,122207.02110093646,154.0,71974.17732781885,112447.21040072659,0.1,21.0,26.0,,,330.0,2473838.628815985,2351631.6077150484,0.01,33.0,,,,,,,,,,,,0,
22,51,luxury,607113.7096364743,161.0,38692.63670312265,89110.88621539476,0.1,20.0,51.0,,,330.0,1871328.61052329,1264214.9008868157,0.01,33.0,,,,,,,,,,,,0,
23,51,luxury,1388411.791961208,143.0,17901.87238773198,98666.22359296275,0.1,21.0,164.0,,,330.0,1973324.471859255,584912.6798980471,0.01,33.0,,,,,,,,,,,,0,
38,51,luxury,302077.2981029656,84.0,77459.0718181087,117487.72279797173,0.1,24.0,33.0,,,330.0,2702217.6243533497,2400140.326250384,0.065,33.0,,,,,,,,,,,,0,
39,51,luxury,-865671.9591682502,84.0,107839.21437858354,106506.22374989947,0.1,23.0,32.0,,,330.0,2556149.369997587,3421821.3291658373,0.04,33.0,,,,,,,,,,,,0,
40,51,luxury,1050714.533864289,85.0,73458.83806224394,150037.16783107276,0.1,24.0,48.0,,,330.0,3450854.860114673,2400140.326250384,0.01,33.0,,,,,,,,,,,,0,
4,52,luxury,815109.8021594137,0.0,99462.43508705475,132064.6613334755,0.1,16.0,7.0,,,159.0,1980969.9200021324,1165860.1178427187,0.36500000000000005,16.0,,,,,,,,,,,,0,
10,52,luxury,357707.0595001981,65.0,83197.80722579319,102381.94548942313,0.1,16.0,16.0,,,159.0,1535729.182341347,1178022.1228411489,0.13000000000000006,16.0,,,,,,,,,,,,0,
11,52,luxury,-1022093.4333990738,65.0,162521.89457100656,83197.80722579319,0.1,15.0,10.0,,,159.0,1331164.915612691,2353258.349011765,0.10500000000000007,16.0,,,,,,,,,,,,0,
12,52,luxury,447196.8228689167,71.0,75098.90563744164,108347.92971400436,0.1,16.0,13.0,,,159.0,1625218.9457100655,1178022.1228411489,0.02000000000000006,16.0,,,,,,,,,,,,0,
13,52,luxury,-1590737.925102132,74.0,162043.36083308756,61017.860830421334,0.1,15.0,6.0,,,159.0,976285.7732867413,2567023.698388873,0.01,16.0,,,,,,,,,,,,0,
14,52,luxury,-205761.95784262358,84.0,74362.6418566824,64817.34433323502,0.1,16.0,28.0,,,159.0,972260.1649985253,1178022.1228411489,0.01,16.0,,,,,,,,,,,,0,
15,52,luxury,-257321.39955631923,72.0,147679.37359871794,130134.6232491942,0.1,17.0,5.0,,,159.0,2082153.9719871073,2339475.3715434265,0.01,16.0,,,,,,,,,,,,0,
16,52,luxury,-2314280.2570885476,83.0,192700.23147704542,43435.10988197586,0.1,16.0,6.0,,,159.0,738396.8679935897,3052677.125082137,0.01,16.0,,,,,,,,,,,,0,
17,52,luxury,-735022.4875175869,93.0,119383.49973500989,72262.58680389203,0.1,17.0,18.0,,,159.0,1156201.3888622725,1891223.8763798594,0.01,16.0,,,,,,,,,,,,0,
18,52,luxury,-929077.3440823662,91.0,194297.49677551078,126406.05854295164,0.1,18.0,13.0,,,159.0,2148902.995230178,3077980.339312544,0.01,16.0,,,,,,,,,,,,0,
19,52,luxury,-1255645.1037226142,94.0,238707.9655446457,140325.96989342445,0.1,19.0,8.0,,,159.0,2525867.4580816403,3781512.5618042545,0.01,16.0,,,,,,,,,,,,0,
20,52,luxury,-2373990.8281051423,102.0,270405.67672382836,100508.61707142978,0.1,18.0,3.0,,,159.0,1909663.7243571656,4283654.552462308,0.01,16.0,,,,,,,,,,,,0,
21,52,luxury,-2285681.059358138,115.0,195491.67968332747,45067.61278730473,0.1,17.0,9.0,,,159.0,811217.0301714852,3096898.0895296233,0.01,16.0,,,,,,,,,,,,0,
22,52,luxury,-633940.7498879652,122.0,151081.21091419255,103495.59512646748,0.1,18.0,8.0,,,159.0,1759425.1171499472,2393365.8670379124,0.01,16.0,,,,,,,,,,,,0,
23,52,luxury,-2441695.3094125343,130.0,230428.0135165826,67147.20485075224,0.1,17.0,6.0,,,159.0,1208649.6873135404,3650344.9967260747,0.01,16.0,,,,,,,,,,,,0,
24,52,luxury,-1010797.7859384166,140.0,151081.21091419255,81327.53418232327,0.1,18.0,2.0,,,159.0,1382568.0810994958,2393365.8670379124,0.01,16.0,,,,,,,,,,,,0,
25,52,luxury,-3524403.4452095274,154.0,241551.955259771,16786.80121268806,0.1,17.0,3.0,,,159.0,302162.4218283851,3826565.8670379124,0.01,16.0,,,,,,,,,,,,0,
26,52,luxury,-1668710.0012585993,167.0,151081.21091419255,42626.81563407724,0.1,18.0,15.0,,,159.0,724655.865779313,2393365.8670379124,0.01,16.0,,,,,,,,,,,,0,
27,52,luxury,-1286524.1628653938,168.0,224266.8453485762,125901.00909516045,0.1,19.0,9.0,,,159.0,2266218.163712888,3552742.326578282,0.01,16.0,,,,,,,,,,,,0,
28,52,luxury,-2271836.380036369,175.0,270821.2560771271,106231.66358616766,0.1,18.0,5.0,,,159.0,2018401.6081371857,4290237.988173555,0.01,16.0,,,,,,,,,,,,0,
29,52,luxury,-1776755.2482475496,186.0,197635.62164274347,75228.12668809087,0.1,17.0,6.0,,,159.0,1354106.2803856356,3130861.528633185,0.01,16.0,,,,,,,,,,,,0,
30,52,luxury,-1235970.1877175584,196.0,152875.1002421662,69753.74881508593,0.1,16.0,10.0,,,159.0,1185813.7298564608,2421783.917574019,0.01,16.0,,,,,,,,,,,,0,
31,52,luxury,-179831.16161364643,202.0,107854.2423638387,95546.93765135387,0.1,17.0,14.0,,,159.0,1528751.002421662,1708582.1640353084,0.01,16.0,,,,,,,,,,,,0,
32,52,luxury,-908383.0332875575,204.0,152657.8561242035,88821.1407702201,0.1,16.0,6.0,,,159.0,1509959.3930937417,2418342.4263812993,0.01,16.0,,,,,,,,,,,,0,
33,52,luxury,-792635.0272900874,214.0,107854.2423638387,57246.69604657631,0.1,15.0,20.0,,,159.0,915947.136745221,1708582.1640353084,0.01,16.0,,,,,,,,,,,,0,
34,52,luxury,1185998.3448367384,210.0,61299.83163528776,143805.65648511826,0.1,16.0,11.0,,,159.0,2157084.847276774,971086.5024400355,0.01,16.0,,,,,,,,,,,,0,
35,52,luxury,-997992.5223822555,215.0,105563.34196942394,42143.634249260336,0.1,15.0,21.0,,,159.0,674298.1479881654,1672290.670370421,0.01,16.0,,,,,,,,,,,,0,
36,52,luxury,1245743.6789178676,210.0,61299.83163528776,147788.67875719353,0.1,16.0,25.0,,,159.0,2216830.181357903,971086.5024400355,0.01,16.0,,,,,,,,,,,,0,
37,52,luxury,-160581.10281290114,201.0,106875.47223478586,95780.98693013712,0.1,15.0,37.0,,,159.0,1532495.790882194,1693076.893695095,0.01,16.0,,,,,,,,,,,,0,
38,52,luxury,2983305.9702470414,180.0,61299.83163528776,263626.1648458051,0.1,16.0,31.0,,,159.0,3954392.472687077,971086.5024400355,0.01,16.0,,,,,,,,,,,,0,
39,52,luxury,189740.3432577115,165.0,107978.74211448932,118768.42379337004,0.1,15.0,13.0,,,159.0,1900294.7806939206,1710554.437436209,0.01,16.0,,,,,,,,,,,,0,
40,52,luxury,432637.14504832576,168.0,61299.83163528776,93581.57649922409,0.1,14.0,27.0,,,159.0,1403723.6474883612,971086.5024400355,0.01,16.0,,,,,,,,,,,,0,
