data/saved_data/run_2025_05_07_1155_monitoring_demand_but_no_zeros/firm_data.csv
Step,AgentID,FirmType,Profit,Inventory,ProductPrice,RevenuePerEmployee,ProductionLevel,NumEmployees,DemandReceived,InventoryDemandRatio,SellThroughRate,ProductionCapacity,Revenue,Costs,Markup,ProducedUnits,IncomeBracket,NumPeople,SpendRatio,PostTaxIncome,HouseholdExpense,HouseholdSavings,HealthLevel,Welfare,SkillLevel,SkillType,JobLevel,IsEmployed,Wage
4,53,luxury,-554553.2511831321,280.4,42989.7976994117,26164.99682416375,0.1,22.0,28.0,,,334.0,549464.9333074387,1104018.1844905708,0.28500000000000003,33.0,,,,,,,,,,,,0,
5,53,luxury,-917330.6211154116,285.4,79699.86868505503,54714.287981069436,0.1,23.0,20.0,,,334.0,1203714.3355835276,2121044.956698939,0.24000000000000005,33.0,,,,,,,,,,,,0,
6,53,luxury,-1133473.558383748,298.4,96287.98604820797,69304.23363917829,0.1,24.0,8.0,,,334.0,1593997.3737011007,2727470.9320848486,0.16500000000000004,33.0,,,,,,,,,,,,0,
7,53,luxury,-2660682.663603354,323.4,110727.28991336405,32095.995349402656,0.1,23.0,11.0,,,334.0,770303.8883856637,3430986.5519890175,0.06500000000000003,33.0,,,,,,,,,,,,0,
8,53,luxury,-1195959.5907336446,345.4,73881.79708171694,52956.529958565414,0.1,24.0,37.0,,,334.0,1218000.1890470046,2413959.779780649,0.01,33.0,,,,,,,,,,,,0,
9,53,luxury,-870680.1138285208,341.4,110313.62307869531,113901.10383431362,0.1,25.0,7.0,,,334.0,2733626.4920235267,3604306.6058520474,0.01,33.0,,,,,,,,,,,,0,
10,53,luxury,-3231247.673669087,367.4,122529.61645583446,30887.814462034687,0.1,24.0,12.0,,,334.0,772195.3615508672,4003443.035219954,0.01,33.0,,,,,,,,,,,,0,
11,53,luxury,-1342740.811678542,388.4,86097.79045885609,61264.80822791723,0.1,25.0,24.0,,,334.0,1470355.3974700135,2813096.2091485555,0.01,33.0,,,,,,,,,,,,0,
12,53,luxury,-1823981.1648853607,397.4,119067.61509664459,82653.87884050184,0.1,26.0,6.0,,,334.0,2066346.9710125462,3890328.135897907,0.01,33.0,,,,,,,,,,,,0,
13,53,luxury,-3825557.2784773004,424.4,138950.37756961703,27477.141945379517,0.1,25.0,10.0,,,334.0,714405.6905798675,4539962.969057168,0.01,33.0,,,,,,,,,,,,0,
14,53,luxury,-2073227.2666116466,447.4,105980.55293182857,55580.15102784681,0.1,26.0,26.0,,,334.0,1389503.7756961703,3462731.042307817,0.01,33.0,,,,,,,,,,,,0,
15,53,luxury,-1781363.9938488267,454.4,138855.3580279326,105980.55293182857,0.1,27.0,14.0,,,334.0,2755494.3762275428,4536858.3700763695,0.01,33.0,,,,,,,,,,,,0,
16,53,luxury,-3649763.5651574777,473.4,171202.29673096133,71999.0745330021,0.1,26.0,6.0,,,334.0,1943975.0123910566,5593738.577548535,0.01,33.0,,,,,,,,,,,,0,
17,53,luxury,-3509644.5896906015,500.4,138855.3580279326,39508.22232252954,0.1,25.0,5.0,,,334.0,1027213.780385768,4536858.3700763695,0.01,33.0,,,,,,,,,,,,0,
18,53,luxury,-2768454.252168154,528.4,105980.55293182857,27771.07160558652,0.1,24.0,11.0,,,334.0,694276.790139663,3462731.042307817,0.01,33.0,,,,,,,,,,,,0,
19,53,luxury,-1691540.1334784904,550.4,87451.49667983013,48574.420093754765,0.1,25.0,26.0,,,334.0,1165786.0822501143,2857326.2157286047,0.01,33.0,,,,,,,,,,,,0,
20,53,luxury,-1759827.5304744155,557.4,123451.57530727042,90949.55654702334,0.1,26.0,22.0,,,334.0,2273738.9136755834,4033566.444149999,0.01,33.0,,,,,,,,,,,,0,
21,53,luxury,-1942801.7632058691,568.4,142585.56489636097,104459.02525999806,0.1,27.0,14.0,,,334.0,2715934.6567599494,4658736.4199658185,0.01,33.0,,,,,,,,,,,,0,
22,53,luxury,-3714435.8692644434,587.4,174779.99820641315,73933.25587218718,0.1,26.0,8.0,,,334.0,1996197.9085490536,5710633.777813497,0.01,33.0,,,,,,,,,,,,0,
23,53,luxury,-3260496.4343145136,612.4,142585.56489636097,53778.46098658866,0.1,25.0,14.0,,,334.0,1398239.9856513052,4658736.4199658185,0.01,33.0,,,,,,,,,,,,0,
24,53,luxury,-1486298.2829953716,631.4,106585.48626892072,79847.91634196215,0.1,26.0,16.0,,,334.0,1996197.9085490536,3482496.191544425,0.01,33.0,,,,,,,,,,,,0,
25,53,luxury,-2779019.7221875247,648.4,137249.43152320388,65591.06847318198,0.1,25.0,25.0,,,334.0,1705367.7803027316,4484387.502490256,0.01,33.0,,,,,,,,,,,,0,
26,53,luxury,-51260.40346432803,656.4,106585.48626892072,137249.43152320388,0.1,26.0,31.0,,,334.0,3431235.788080097,3482496.191544425,0.01,33.0,,,,,,,,,,,,0,
27,53,luxury,-1186890.9977018791,658.4,137453.07106987076,127082.69516679009,0.1,25.0,13.0,,,334.0,3304150.0743365423,4491041.072038421,0.01,33.0,,,,,,,,,,,,0,
28,53,luxury,-1695606.2676361054,678.4,106585.48626892072,71475.5969563328,0.1,24.0,18.0,,,334.0,1786889.9239083198,3482496.191544425,0.01,33.0,,,,,,,,,,,,0,
29,53,luxury,-957531.4633179423,693.4,88025.17667560377,79939.11470169055,0.1,25.0,23.0,,,334.0,1918538.752840573,2876070.2161585153,0.01,33.0,,,,,,,,,,,,0,
30,53,luxury,-2079715.1526196287,703.4,125616.27371829779,80983.16254155546,0.1,26.0,11.0,,,334.0,2024579.0635388866,4104294.2161585153,0.01,33.0,,,,,,,,,,,,0,
31,53,luxury,-3444908.9686759072,725.4,147725.90035294107,53145.346573125986,0.1,25.0,16.0,,,334.0,1381779.0109012756,4826687.979577183,0.01,33.0,,,,,,,,,,,,0,
32,53,luxury,-1234849.5739301266,742.4,110134.80331024705,94544.57622588228,0.1,26.0,12.0,,,334.0,2363614.405647057,3598463.9795771837,0.01,33.0,,,,,,,,,,,,0,
33,53,luxury,-3272188.7588704797,763.4,140598.31278730504,50831.44768165249,0.1,25.0,14.0,,,334.0,1321617.6397229647,4593806.398593444,0.01,33.0,,,,,,,,,,,,0,
34,53,luxury,-1630087.6005549133,782.4,110134.80331024705,78735.05516089081,0.1,26.0,21.0,,,334.0,1968376.3790222704,3598463.9795771837,0.01,33.0,,,,,,,,,,,,0,
35,53,luxury,-2292787.2676479416,794.4,140959.8235628769,88955.03344289184,0.1,27.0,11.0,,,334.0,2312830.869515188,4605618.13716313,0.01,33.0,,,,,,,,,,,,0,
36,53,luxury,-4132266.2840711996,816.4,173928.8609929277,57428.07626635726,0.1,26.0,1.0,,,334.0,1550558.059191646,5682824.343262846,0.01,33.0,,,,,,,,,,,,0,
37,53,luxury,-4501741.324683972,848.4,143103.84074029783,6689.571576651065,0.1,25.0,11.0,,,334.0,173928.8609929277,4675670.1856769,0.01,33.0,,,,,,,,,,,,0,
38,53,luxury,-2024321.7314339075,870.4,110134.80331024705,62965.68992573105,0.1,26.0,19.0,,,334.0,1574142.2481432762,3598463.9795771837,0.01,33.0,,,,,,,,,,,,0,
39,53,luxury,-2568011.359652818,884.4,142641.76382215827,80483.12549594977,0.1,27.0,26.0,,,334.0,2092561.262894694,4660572.622547512,0.01,33.0,,,,,,,,,,,,0,
40,53,luxury,-1930383.1125013628,891.4,172589.68148504765,137358.7355324487,0.1,28.0,13.0,,,334.0,3708685.8593761153,5639068.971877478,0.01,33.0,,,,,,,,,,,,0,
4,54,luxury,-618452.4816830291,303.2,47943.97691698053,45827.64207914931,0.1,16.0,31.0,,,352.0,687414.6311872397,1305867.1128702688,0.28500000000000003,35.0,,,,,,,,,,,,0,
5,54,luxury,-1062802.3616372484,307.2,90309.75173740482,92891.45527664978,0.1,17.0,19.0,,,352.0,1486263.2844263965,2549065.646063645,0.24000000000000005,35.0,,,,,,,,,,,,0,
6,54,luxury,-1600759.5230544119,323.2,110396.8882476845,100934.42841239362,0.1,18.0,11.0,,,352.0,1715885.2830106916,3316644.8060651035,0.16500000000000004,35.0,,,,,,,,,,,,0,
7,54,luxury,-2916622.021258924,347.2,125700.053507495,67464.76504025164,0.1,17.0,13.0,,,352.0,1214365.7707245296,4130987.791983454,0.06500000000000003,35.0,,,,,,,,,,,,0,
8,54,luxury,-1253688.563192643,369.2,83333.34480127526,96123.5703292609,0.1,18.0,19.0,,,352.0,1634100.695597435,2887789.258790078,0.01,35.0,,,,,,,,,,,,0,
9,54,luxury,-2578312.1479496565,385.2,120093.2010306407,87962.97506801278,0.1,17.0,21.0,,,352.0,1583333.55122423,4161645.699173887,0.01,35.0,,,,,,,,,,,,0,
10,54,luxury,-365832.03714662325,399.2,83333.34480127526,148350.42480255617,0.1,18.0,42.0,,,352.0,2521957.221643455,2887789.258790078,0.01,35.0,,,,,,,,,,,,0,
11,54,luxury,-686216.8702902966,392.2,120802.26870460079,194444.4712029756,0.1,19.0,14.0,,,352.0,3500000.481653561,4186217.3519438575,0.01,35.0,,,,,,,,,,,,0,
12,54,luxury,-3127733.3696120656,413.2,139061.56124941944,89012.19799286374,0.1,18.0,9.0,,,352.0,1691231.7618644112,4818965.131476477,0.01,35.0,,,,,,,,,,,,0,
13,54,luxury,-2268982.987077922,439.2,101592.6373460939,69530.78062470972,0.1,17.0,31.0,,,352.0,1251554.0512447748,3520537.038322697,0.01,35.0,,,,,,,,,,,,0,
14,54,luxury,370588.56737990817,443.2,80187.74120185006,185257.1622193477,0.1,18.0,33.0,,,352.0,3149371.757728911,2778783.190349003,0.01,35.0,,,,,,,,,,,,0,
15,54,luxury,-1462256.2479483671,445.2,118558.17446078111,147010.85887005844,0.1,17.0,16.0,,,352.0,2646195.459661052,4108451.7076094192,0.01,35.0,,,,,,,,,,,,0,
16,54,luxury,-881852.398976505,464.2,80187.74120185006,111584.16419838222,0.1,16.0,15.0,,,352.0,1896930.7913724978,2778783.190349003,0.01,35.0,,,,,,,,,,,,0,
17,54,luxury,-808387.9123197934,484.2,58037.60036038341,75176.00737673443,0.1,15.0,24.0,,,352.0,1202816.1180277509,2011204.0303475442,0.01,35.0,,,,,,,,,,,,0,
18,54,luxury,196041.3642200085,495.20000000000005,34537.98915244275,92860.16057661346,0.1,16.0,52.0,,,352.0,1392902.408649202,1196861.0444291935,0.01,35.0,,,,,,,,,,,,0,
19,54,luxury,-178947.24839309114,478.20000000000005,56990.62440493404,112248.46474543895,0.1,17.0,26.0,,,352.0,1795975.4359270232,1974922.6843201143,0.01,35.0,,,,,,,,,,,,0,
20,54,luxury,-1334656.4486066191,487.20000000000005,81273.6208197895,87162.1314428403,0.1,16.0,26.0,,,352.0,1481756.234528285,2816412.683134904,0.01,35.0,,,,,,,,,,,,0,
21,54,luxury,74763.09807054396,496.20000000000005,58820.985567298216,132069.63383215794,0.1,17.0,44.0,,,352.0,2113114.141314527,2038351.043243983,0.01,35.0,,,,,,,,,,,,0,
22,54,luxury,-181265.06541922223,487.20000000000005,79916.6352790718,152242.55088006597,0.1,18.0,15.0,,,352.0,2588123.3649611217,2769388.430380344,0.01,35.0,,,,,,,,,,,,0,
23,54,luxury,-2800184.1686794097,507.20000000000005,115397.79769846698,66597.19606589316,0.1,17.0,7.0,,,352.0,1198749.529186077,3998933.6978654866,0.01,35.0,,,,,,,,,,,,0,
24,54,luxury,-1961603.8464910751,535.2,79916.6352790718,47516.740228780516,0.1,16.0,29.0,,,352.0,807784.5838892688,2769388.430380344,0.01,35.0,,,,,,,,,,,,0,
25,54,luxury,279231.37984909886,541.2,58820.985567298216,144848.90144331762,0.1,17.0,42.0,,,352.0,2317582.423093082,2038351.043243983,0.01,35.0,,,,,,,,,,,,0,
26,54,luxury,-433561.22122286865,534.2,83802.37021135766,145322.43493097206,0.1,18.0,24.0,,,352.0,2470481.393826525,2904042.615049394,0.01,35.0,,,,,,,,,,,,0,
27,54,luxury,-2408865.729976811,545.2,127552.10610422237,111736.49361514354,0.1,17.0,14.0,,,352.0,2011256.8850725838,4420122.615049395,0.01,35.0,,,,,,,,,,,,0,
28,54,luxury,-1118313.1295902806,566.2,83802.37021135766,105042.9109093596,0.1,16.0,9.0,,,352.0,1785729.4854591133,2904042.615049394,0.01,35.0,,,,,,,,,,,,0,
29,54,luxury,-1308331.2843323853,592.2,59519.373796502194,47138.83324388869,0.1,15.0,27.0,,,352.0,754221.331902219,2062552.6162346043,0.01,35.0,,,,,,,,,,,,0,
30,54,luxury,410162.04807636584,600.2,34537.98915244275,107134.87283370395,0.1,16.0,32.0,,,352.0,1607023.0925055593,1196861.0444291935,0.01,35.0,,,,,,,,,,,,0,
31,54,luxury,-914878.3059438833,603.2,58294.13828903239,69075.9783048855,0.1,15.0,51.0,,,352.0,1105215.652878168,2020093.9588220513,0.01,35.0,,,,,,,,,,,,0,
32,54,luxury,1776140.0083114582,587.2,34537.98915244275,198200.0701827101,0.1,16.0,50.0,,,352.0,2973001.0527406516,1196861.0444291935,0.01,35.0,,,,,,,,,,,,0,
33,54,luxury,-498489.53549493966,572.2,64218.36625228234,107931.2161013836,0.1,15.0,19.0,,,352.0,1726899.4576221376,2225388.9931170773,0.01,35.0,,,,,,,,,,,,0,
34,54,luxury,23287.91436417098,588.2,34537.98915244275,81343.26391955763,0.1,14.0,75.0,,,352.0,1220148.9587933645,1196861.0444291935,0.01,35.0,,,,,,,,,,,,0,
35,54,luxury,1954756.2829371095,548.2,18341.39469113323,185024.94188808618,0.1,15.0,220.0,,,352.0,2590349.1864332063,635592.9034960967,0.01,35.0,,,,,,,,,,,,0,
36,54,luxury,2659276.596738402,363.20000000000005,40292.170025757485,269007.12213662075,0.1,16.0,86.0,,,352.0,4035106.832049311,1375830.235310909,0.024999999999999998,35.0,,,,,,,,,,,,0,
37,54,luxury,778263.8135019429,312.20000000000005,78302.85675956024,216570.4138884465,0.1,15.0,18.0,,,352.0,3465126.622215144,2686862.808713201,0.019999999999999997,35.0,,,,,,,,,,,,0,
38,54,luxury,33621.18636117526,329.20000000000005,39702.528513185425,93963.4281114723,0.1,14.0,75.0,,,352.0,1409451.4216720844,1375830.235310909,0.01,35.0,,,,,,,,,,,,0,
39,54,luxury,2342096.73499281,289.20000000000005,18341.39469113323,212692.11703492192,0.1,15.0,115.0,,,352.0,2977689.638488907,635592.9034960967,0.01,35.0,,,,,,,,,,,,0,
40,54,luxury,641876.8176616,209.20000000000005,42344.49614835466,140617.3592986881,0.1,14.0,107.0,,,352.0,2109260.3894803217,1467383.5718187217,0.01,35.0,,,,,,,,,,,,0,
