data/saved_data/run_2025_05_07_1155_monitoring_demand_but_no_zeros/firm_data.csv
Step,AgentID,FirmType,Profit,Inventory,ProductPrice,RevenuePerEmployee,ProductionLevel,NumEmployees,DemandReceived,InventoryDemandRatio,SellThroughRate,ProductionCapacity,Revenue,Costs,Markup,ProducedUnits,IncomeBracket,NumPeople,SpendRatio,PostTaxIncome,HouseholdExpense,HouseholdSavings,HealthLevel,Welfare,SkillLevel,SkillType,JobLevel,IsEmployed,Wage
6,5,necessity,907700.8499027493,0.0,78.20761275177959,36616.6667200231,1.0,38.0,30052.0,,,7718.0,1354816.6686408548,447115.81873810553,0.35,7718.0,,,,,,,,,,,,0,
7,5,necessity,-81738.79939260031,0.0,119.87768315687353,15884.37776890092,1.0,37.0,15444.0,,,7718.0,603606.3552182349,685345.1546108352,0.35,7718.0,,,,,,,,,,,,0,
8,5,necessity,498400.27859472827,0.0,74.65679812631153,25005.836719047293,1.0,38.0,31634.0,,,7718.0,925215.9586047499,426815.6800100216,0.35,7718.0,,,,,,,,,,,,0,
9,5,necessity,-130946.2692066892,0.0,123.69124643985707,15163.188629970326,1.0,37.0,18812.0,,,7718.0,576201.1679388724,707147.4371455616,0.35,7718.0,,,,,,,,,,,,0,
10,5,necessity,527833.3600127953,0.0,74.65679812631153,25801.32540602208,1.0,38.0,23538.0,,,7718.0,954649.0400228169,426815.6800100216,0.35,7718.0,,,,,,,,,,,,0,
11,5,necessity,-109519.47416942113,0.0,119.94336184584775,15163.188629970326,1.0,37.0,23259.0,,,7718.0,576201.1679388724,685720.6421082935,0.35,7718.0,,,,,,,,,,,,0,
12,5,necessity,498907.18671623134,0.0,74.65679812631153,25019.53693854738,1.0,38.0,31694.0,,,7718.0,925722.866726253,426815.6800100216,0.35,7718.0,,,,,,,,,,,,0,
13,5,necessity,-119073.2808678142,0.0,121.61447340857896,15163.188629970326,1.0,37.0,17146.0,,,7718.0,576201.1679388724,695274.4488066866,0.35,7718.0,,,,,,,,,,,,0,
14,5,necessity,511804.82575739076,0.0,74.65679812631153,25368.121777497632,1.0,38.0,29053.0,,,7718.0,938620.5057674124,426815.6800100216,0.35,7718.0,,,,,,,,,,,,0,
15,5,necessity,-89207.61770459986,0.0,116.39049760330359,15163.188629970326,1.0,37.0,21681.0,,,7718.0,576201.1679388724,665408.7856434722,0.35,7718.0,,,,,,,,,,,,0,
16,5,necessity,471486.18049227545,0.0,74.65679812631153,24278.428662224243,1.0,38.0,37591.0,,,7718.0,898301.8605022971,426815.6800100216,0.35,7718.0,,,,,,,,,,,,0,
17,5,necessity,-106060.50935620442,0.0,119.33833431316603,15163.188629970326,1.0,37.0,16265.0,,,7718.0,576201.1679388724,682261.6772950768,0.35,7718.0,,,,,,,,,,,,0,
18,5,necessity,494237.58421899384,0.0,74.65679812631153,24893.331465649066,1.0,38.0,29666.0,,,7718.0,921053.2642290154,426815.6800100216,0.35,7718.0,,,,,,,,,,,,0,
19,5,necessity,-101775.19846881006,0.0,118.58876581132192,15163.188629970326,1.0,37.0,23833.0,,,7718.0,576201.1679388724,677976.3664076824,0.35,7718.0,,,,,,,,,,,,0,
20,5,necessity,488452.41452176095,0.0,74.65679812631153,24736.975527886014,1.0,38.0,26989.0,,,7718.0,915268.0945317826,426815.6800100216,0.35,7718.0,,,,,,,,,,,,0,
21,5,necessity,-134610.7176291698,0.0,124.33221629859091,15163.188629970326,1.0,37.0,23296.0,,,7718.0,576201.1679388724,710811.8855680422,0.35,7718.0,,,,,,,,,,,,0,
22,5,necessity,532780.365382503,0.0,74.65679812631153,25935.028253852015,1.0,38.0,29338.0,,,7718.0,959596.0453925246,426815.6800100216,0.35,7718.0,,,,,,,,,,,,0,
23,5,necessity,-128202.97781143512,0.0,123.21140148221089,15163.188629970326,1.0,37.0,15934.0,,,7718.0,576201.1679388724,704404.1457503075,0.35,7718.0,,,,,,,,,,,,0,
24,5,necessity,524129.916629682,0.0,74.65679812631153,25701.23234161361,1.0,38.0,29181.0,,,7718.0,950945.5966397036,426815.6800100216,0.35,7718.0,,,,,,,,,,,,0,
25,5,necessity,-100012.65593447385,0.0,118.28046930691072,15163.188629970326,1.0,37.0,15787.0,,,7718.0,576201.1679388724,676213.8238733462,0.35,7718.0,,,,,,,,,,,,0,
26,5,necessity,486072.98210071534,0.0,74.65679812631153,24672.666543533433,1.0,38.0,37383.0,,,7718.0,912888.662110737,426815.6800100216,0.35,7718.0,,,,,,,,,,,,0,
27,5,necessity,-117170.82015386247,0.0,121.28170300646674,15163.188629970326,1.0,37.0,18809.0,,,7718.0,576201.1679388724,693371.9880927348,0.35,7718.0,,,,,,,,,,,,0,
28,5,necessity,509236.50379388867,0.0,74.65679812631153,25298.707670375952,1.0,38.0,33611.0,,,7718.0,936052.1838039103,426815.6800100216,0.35,7718.0,,,,,,,,,,,,0,
29,5,necessity,-85087.45345009118,0.0,115.66981585377441,15163.188629970326,1.0,37.0,9730.0,,,7718.0,576201.1679388724,661288.6213889635,0.35,7718.0,,,,,,,,,,,,0,
30,5,necessity,465923.95874940924,0.0,74.65679812631153,24128.09834484948,1.0,38.0,34815.0,,,7718.0,892739.6387594308,426815.6800100216,0.35,7718.0,,,,,,,,,,,,0,
31,5,necessity,-90425.71705433726,0.0,116.60356240272472,15163.188629970326,1.0,37.0,5197.0,,,7718.0,576201.1679388724,666626.8849932096,0.35,7718.0,,,,,,,,,,,,0,
32,5,necessity,179173.03379693878,2521.0,74.65679812631153,16378.073346134064,1.0,38.0,34064.0,,,7718.0,605988.7138069604,426815.6800100216,0.35,7718.0,,,,,,,,,,,,0,
33,5,necessity,46338.29848075134,0.0,125.60223989972059,20116.077789876414,1.0,39.0,4133.0,,,7718.0,764410.9560153037,718072.6575345524,0.35,7718.0,,,,,,,,,,,,0,
34,5,necessity,-625495.1768595986,3585.0,200.21021847534777,13310.616859116544,1.0,38.0,7491.0,,,7718.0,519114.0575055452,1144609.2343651438,0.35,7718.0,,,,,,,,,,,,0,
35,5,necessity,781702.0890642778,3812.0,125.60223989972059,39467.7564894429,1.0,39.0,10337.0,,,7718.0,1499774.7465988302,718072.6575345524,0.35,7718.0,,,,,,,,,,,,0,
36,5,necessity,181807.69504870824,1193.0,195.30093148193168,33291.03471393363,1.0,38.0,6416.0,,,7718.0,1298350.3538434117,1116542.6587947034,0.35,7718.0,,,,,,,,,,,,0,
37,5,necessity,534978.1188535212,2495.0,125.60223989972059,32975.0204312651,1.0,37.0,9188.0,,,7718.0,1253050.7763880736,718072.6575345524,0.35,7718.0,,,,,,,,,,,,0,
38,5,necessity,727217.7001886112,1025.0,74.65679812631153,31190.091356719808,1.0,36.0,36037.0,,,7718.0,1154033.3801986328,426815.6800100216,0.35,7718.0,,,,,,,,,,,,0,
39,5,necessity,397752.95070673875,0.0,44.59852780850809,18131.232944953936,1.0,35.0,54054.0,,,7718.0,652724.3860183416,254971.4353116029,0.35,7718.0,,,,,,,,,,,,0,
40,5,necessity,-1871335.6618128077,0.0,387.5341518340172,9834.61250360187,1.0,34.0,3308.0,,,7718.0,344211.4376260654,2215547.099438873,0.35,7718.0,,,,,,,,,,,,0,
41,5,necessity,-870761.125171944,4410.0,376.5454177074285,37704.793360792035,1.0,35.0,2527.0,,,7718.0,1281962.974266929,2152724.099438873,0.35,7718.0,,,,,,,,,,,,0,
6,6,necessity,-54373.226055080595,6692.0,80.01207561590066,5467.3415840687685,1.0,62.0,6492.0,,,6729.0,344442.5197963324,398815.745851413,0.35,6729.0,,,,,,,,,,,,0,
7,6,necessity,291463.0205490104,6929.0,45.73736889968422,8378.038627393986,1.0,63.0,45863.0,,,6729.0,519438.39489842707,227975.37434941664,0.35,6729.0,,,,,,,,,,,,0,
8,6,necessity,128370.02998173237,0.0,99.57197033855503,9915.571181458525,1.0,64.0,21480.0,,,6729.0,624680.984431887,496310.9544501547,0.35,6729.0,,,,,,,,,,,,0,
9,6,necessity,-22984.51535485976,0.0,139.03340911591795,10469.059193877138,1.0,65.0,7265.0,,,6729.0,670019.7884081368,693004.3037629966,0.35,6729.0,,,,,,,,,,,,0,
10,6,necessity,-156973.46746189555,0.0,219.1877729639972,14393.166306784797,1.0,66.0,12599.0,,,6729.0,935555.8099410118,1092529.2774029074,0.35,6729.0,,,,,,,,,,,,0,
11,6,necessity,208766.58264908497,0.0,254.01987233476154,22347.189761738442,1.0,67.0,1705.0,,,6729.0,1474914.524274737,1266147.9416256521,0.35,6729.0,,,,,,,,,,,,0,
12,6,necessity,-1079809.4538223553,5024.0,303.5269733248908,6464.237049712962,1.0,66.0,8021.0,,,6729.0,433103.88233076845,1512913.3361531238,0.35,6729.0,,,,,,,,,,,,0,
13,6,necessity,1321201.490525736,3732.0,223.37260947681156,36887.72504604468,1.0,67.0,2453.0,,,6729.0,2434589.853038949,1113388.362513213,0.35,6729.0,,,,,,,,,,,,0,
6,12,necessity,1385522.8984976017,0.0,78.67909525773464,36220.06834687314,1.0,52.0,33585.0,,,7922.0,1847223.48569053,461700.5871929281,0.35,7922.0,,,,,,,,,,,,0,
7,12,necessity,2388.1198365509044,0.0,105.80981547181787,11986.457550611036,1.0,51.0,24445.0,,,7922.0,623295.7926317739,620907.672795223,0.35,7922.0,,,,,,,,,,,,0,
8,12,necessity,477739.68440395704,0.0,61.43090880076719,16435.791336622377,1.0,52.0,29819.0,,,7922.0,838225.3581677412,360485.6737637842,0.35,7922.0,,,,,,,,,,,,0,
9,12,necessity,-133128.84144749382,0.0,105.61841406211349,9358.762683070725,1.0,51.0,24184.0,,,7922.0,486655.6595196777,619784.5009671715,0.35,7922.0,,,,,,,,,,,,0,
10,12,necessity,476223.4024362788,0.0,61.43090880076719,16406.060317648295,1.0,52.0,40073.0,,,7922.0,836709.076200063,360485.6737637842,0.35,7922.0,,,,,,,,,,,,0,
11,12,necessity,-123008.61119689472,0.0,103.89381032106525,9358.762683070725,1.0,51.0,25799.0,,,7922.0,486655.6595196777,609664.2707165724,0.35,7922.0,,,,,,,,,,,,0,
12,12,necessity,462561.09159969474,0.0,61.43090880076719,16138.171869872136,1.0,52.0,43062.0,,,7922.0,823046.7653634789,360485.6737637842,0.35,7922.0,,,,,,,,,,,,0,
13,12,necessity,-108636.72984295379,0.0,101.4446762860525,9358.762683070725,1.0,51.0,21625.0,,,7922.0,486655.6595196777,595292.3893626315,0.35,7922.0,,,,,,,,,,,,0,
14,12,necessity,443159.05177432374,0.0,61.43090880076719,15757.739716433489,1.0,52.0,37218.0,,,7922.0,803644.7255381079,360485.6737637842,0.35,7922.0,,,,,,,,,,,,0,
15,12,necessity,-134404.0546998239,0.0,105.83572508084973,9358.762683070725,1.0,51.0,19087.0,,,7922.0,486655.6595196777,621059.7142195016,0.35,7922.0,,,,,,,,,,,,0,
16,12,necessity,477944.9403267074,0.0,61.43090880076719,16439.81596255866,1.0,52.0,28013.0,,,7922.0,838430.6140904916,360485.6737637842,0.35,7922.0,,,,,,,,,,,,0,
17,12,necessity,-160202.8492186113,0.0,110.23213666832342,9358.762683070725,1.0,51.0,19462.0,,,7922.0,486655.6595196777,646858.508738289,0.35,7922.0,,,,,,,,,,,,0,
18,12,necessity,512773.31292267394,0.0,61.43090880076719,17122.72522914624,1.0,52.0,41036.0,,,7922.0,873258.9866864581,360485.6737637842,0.35,7922.0,,,,,,,,,,,,0,
19,12,necessity,-107395.17706663354,0.0,101.23310139993526,9358.762683070725,1.0,51.0,18333.0,,,7922.0,486655.6595196777,594050.8365863112,0.35,7922.0,,,,,,,,,,,,0,
20,12,necessity,441482.955526503,0.0,61.43090880076719,15724.875084123278,1.0,52.0,46098.0,,,7922.0,801968.6292902872,360485.6737637842,0.35,7922.0,,,,,,,,,,,,0,
21,12,necessity,-138918.60012016707,0.0,106.60505559292923,9358.762683070725,1.0,51.0,27818.0,,,7922.0,486655.6595196777,625574.2596398448,0.35,7922.0,,,,,,,,,,,,0,
22,12,necessity,484039.57664340123,0.0,61.43090880076719,16559.318635435007,1.0,52.0,50873.0,,,7922.0,844525.2504071854,360485.6737637842,0.35,7922.0,,,,,,,,,,,,0,
23,12,necessity,-109389.69959522999,0.0,101.57299100019596,9358.762683070725,1.0,51.0,17080.0,,,7922.0,486655.6595196777,596045.3591149077,0.35,7922.0,,,,,,,,,,,,0,
24,12,necessity,444175.56093976815,0.0,61.43090880076719,15777.671268697104,1.0,52.0,37088.0,,,7922.0,804661.2347035523,360485.6737637842,0.35,7922.0,,,,,,,,,,,,0,
25,12,necessity,-157972.61433726532,0.0,109.85207896958103,9358.762683070725,1.0,51.0,24837.0,,,7922.0,486655.6595196777,644628.273856943,0.35,7922.0,,,,,,,,,,,,0,
26,12,necessity,509762.4958332368,0.0,61.43090880076719,17063.689599941586,1.0,52.0,30070.0,,,7922.0,870248.169597021,360485.6737637842,0.35,7922.0,,,,,,,,,,,,0,
27,12,necessity,-129906.68775721319,0.0,105.06932197913828,9358.762683070725,1.0,51.0,24473.0,,,7922.0,486655.6595196777,616562.3472768909,0.35,7922.0,,,,,,,,,,,,0,
28,12,necessity,471873.4949549493,0.0,61.43090880076719,16320.768014092813,1.0,52.0,42669.0,,,7922.0,832359.1687187335,360485.6737637842,0.35,7922.0,,,,,,,,,,,,0,
29,12,necessity,-118281.30585968989,0.0,103.08822306981293,9358.762683070725,1.0,51.0,23286.0,,,7922.0,486655.6595196777,604936.9653793676,0.35,7922.0,,,,,,,,,,,,0,
30,12,necessity,456179.2293952738,0.0,61.43090880076719,16013.037316844273,1.0,52.0,57777.0,,,7922.0,816664.903159058,360485.6737637842,0.35,7922.0,,,,,,,,,,,,0,
31,12,necessity,-171951.98007035773,0.0,112.23432382407391,9358.762683070725,1.0,51.0,25365.0,,,7922.0,486655.6595196777,658607.6395900354,0.35,7922.0,,,,,,,,,,,,0,
32,12,necessity,528634.6395705293,0.0,61.43090880076719,17433.731634006148,1.0,52.0,23908.0,,,7922.0,889120.3133343136,360485.6737637842,0.35,7922.0,,,,,,,,,,,,0,
33,12,necessity,-119741.95219194918,0.0,103.33713402011603,9358.762683070725,1.0,51.0,23155.0,,,7922.0,486655.6595196777,606397.6117116269,0.35,7922.0,,,,,,,,,,,,0,
34,12,necessity,458151.101943575,0.0,61.43090880076719,16051.701484458023,1.0,52.0,36972.0,,,7922.0,818636.7757073592,360485.6737637842,0.35,7922.0,,,,,,,,,,,,0,
35,12,necessity,-119608.73185692116,0.0,103.31443174136507,9358.762683070725,1.0,51.0,7819.0,,,7922.0,486655.6595196777,606264.3913765989,0.35,7922.0,,,,,,,,,,,,0,
36,12,necessity,447329.86802194925,103.0,61.43090880076719,15839.520427171243,1.0,52.0,52841.0,,,7922.0,807815.5417857334,360485.6737637842,0.35,7922.0,,,,,,,,,,,,0,
37,12,necessity,-111462.246386868,0.0,103.00443584190596,9480.443137041475,1.0,51.0,13446.0,,,7922.0,492983.0431261567,604445.2895130247,0.35,7922.0,,,,,,,,,,,,0,
38,12,necessity,455515.4669757948,0.0,61.43090880076719,16000.022367442725,1.0,52.0,41528.0,,,7922.0,816001.140739579,360485.6737637842,0.35,7922.0,,,,,,,,,,,,0,
39,12,necessity,-174330.44045570475,0.0,112.6396408551031,9358.762683070725,1.0,51.0,8198.0,,,7922.0,486655.6595196777,660986.0999753824,0.35,7922.0,,,,,,,,,,,,0,
40,12,necessity,531845.5610903425,0.0,61.43090880076719,17496.690879492682,1.0,52.0,39447.0,,,7922.0,892331.2348541267,360485.6737637842,0.35,7922.0,,,,,,,,,,,,0,
41,12,necessity,-112147.57723615022,0.0,102.04296509951081,9358.762683070725,1.0,51.0,10460.0,,,7922.0,486655.6595196777,598803.2367558279,0.35,7922.0,,,,,,,,,,,,0,
